Component: ARM Compiler 5.06 update 3 (build 300) Tool: armlink [4d35c9]

==============================================================================

Section Cross References

    startup_stm32f10x_md.o(STACK) refers (Special) to heapauxi.o(.text) for __use_two_region_memory
    startup_stm32f10x_md.o(HEAP) refers (Special) to heapauxi.o(.text) for __use_two_region_memory
    startup_stm32f10x_md.o(RESET) refers (Special) to heapauxi.o(.text) for __use_two_region_memory
    startup_stm32f10x_md.o(RESET) refers to startup_stm32f10x_md.o(STACK) for __initial_sp
    startup_stm32f10x_md.o(RESET) refers to startup_stm32f10x_md.o(.text) for Reset_Handler
    startup_stm32f10x_md.o(RESET) refers to stm32f10x_it.o(i.NMI_Handler) for NMI_Handler
    startup_stm32f10x_md.o(RESET) refers to stm32f10x_it.o(i.HardFault_Handler) for HardFault_Handler
    startup_stm32f10x_md.o(RESET) refers to stm32f10x_it.o(i.MemManage_Handler) for MemManage_Handler
    startup_stm32f10x_md.o(RESET) refers to stm32f10x_it.o(i.BusFault_Handler) for BusFault_Handler
    startup_stm32f10x_md.o(RESET) refers to stm32f10x_it.o(i.UsageFault_Handler) for UsageFault_Handler
    startup_stm32f10x_md.o(RESET) refers to stm32f10x_it.o(i.SVC_Handler) for SVC_Handler
    startup_stm32f10x_md.o(RESET) refers to stm32f10x_it.o(i.DebugMon_Handler) for DebugMon_Handler
    startup_stm32f10x_md.o(RESET) refers to stm32f10x_it.o(i.PendSV_Handler) for PendSV_Handler
    startup_stm32f10x_md.o(RESET) refers to stm32f10x_it.o(i.SysTick_Handler) for SysTick_Handler
    startup_stm32f10x_md.o(.text) refers (Special) to heapauxi.o(.text) for __use_two_region_memory
    startup_stm32f10x_md.o(.text) refers to system_stm32f10x.o(i.SystemInit) for SystemInit
    startup_stm32f10x_md.o(.text) refers to __main.o(!!!main) for __main
    startup_stm32f10x_md.o(.text) refers to startup_stm32f10x_md.o(HEAP) for Heap_Mem
    startup_stm32f10x_md.o(.text) refers to startup_stm32f10x_md.o(STACK) for Stack_Mem
    system_stm32f10x.o(i.SystemCoreClockUpdate) refers to system_stm32f10x.o(.data) for .data
    system_stm32f10x.o(i.SystemInit) refers to system_stm32f10x.o(i.SetSysClockTo72) for SetSysClockTo72
    stm32f10x_adc.o(i.ADC_DeInit) refers to stm32f10x_rcc.o(i.RCC_APB2PeriphResetCmd) for RCC_APB2PeriphResetCmd
    stm32f10x_bkp.o(i.BKP_DeInit) refers to stm32f10x_rcc.o(i.RCC_BackupResetCmd) for RCC_BackupResetCmd
    stm32f10x_can.o(i.CAN_DeInit) refers to stm32f10x_rcc.o(i.RCC_APB1PeriphResetCmd) for RCC_APB1PeriphResetCmd
    stm32f10x_can.o(i.CAN_GetITStatus) refers to stm32f10x_can.o(i.CheckITStatus) for CheckITStatus
    stm32f10x_cec.o(i.CEC_DeInit) refers to stm32f10x_rcc.o(i.RCC_APB1PeriphResetCmd) for RCC_APB1PeriphResetCmd
    stm32f10x_dac.o(i.DAC_DeInit) refers to stm32f10x_rcc.o(i.RCC_APB1PeriphResetCmd) for RCC_APB1PeriphResetCmd
    stm32f10x_flash.o(i.FLASH_EnableWriteProtection) refers to stm32f10x_flash.o(i.FLASH_WaitForLastOperation) for FLASH_WaitForLastOperation
    stm32f10x_flash.o(i.FLASH_EraseAllBank1Pages) refers to stm32f10x_flash.o(i.FLASH_WaitForLastBank1Operation) for FLASH_WaitForLastBank1Operation
    stm32f10x_flash.o(i.FLASH_EraseAllPages) refers to stm32f10x_flash.o(i.FLASH_WaitForLastOperation) for FLASH_WaitForLastOperation
    stm32f10x_flash.o(i.FLASH_EraseOptionBytes) refers to stm32f10x_flash.o(i.FLASH_GetReadOutProtectionStatus) for FLASH_GetReadOutProtectionStatus
    stm32f10x_flash.o(i.FLASH_EraseOptionBytes) refers to stm32f10x_flash.o(i.FLASH_WaitForLastOperation) for FLASH_WaitForLastOperation
    stm32f10x_flash.o(i.FLASH_ErasePage) refers to stm32f10x_flash.o(i.FLASH_WaitForLastOperation) for FLASH_WaitForLastOperation
    stm32f10x_flash.o(i.FLASH_ProgramHalfWord) refers to stm32f10x_flash.o(i.FLASH_WaitForLastOperation) for FLASH_WaitForLastOperation
    stm32f10x_flash.o(i.FLASH_ProgramOptionByteData) refers to stm32f10x_flash.o(i.FLASH_WaitForLastOperation) for FLASH_WaitForLastOperation
    stm32f10x_flash.o(i.FLASH_ProgramWord) refers to stm32f10x_flash.o(i.FLASH_WaitForLastOperation) for FLASH_WaitForLastOperation
    stm32f10x_flash.o(i.FLASH_ReadOutProtection) refers to stm32f10x_flash.o(i.FLASH_WaitForLastOperation) for FLASH_WaitForLastOperation
    stm32f10x_flash.o(i.FLASH_UserOptionByteConfig) refers to stm32f10x_flash.o(i.FLASH_WaitForLastOperation) for FLASH_WaitForLastOperation
    stm32f10x_flash.o(i.FLASH_WaitForLastBank1Operation) refers to stm32f10x_flash.o(i.FLASH_GetBank1Status) for FLASH_GetBank1Status
    stm32f10x_flash.o(i.FLASH_WaitForLastOperation) refers to stm32f10x_flash.o(i.FLASH_GetBank1Status) for FLASH_GetBank1Status
    stm32f10x_gpio.o(i.GPIO_AFIODeInit) refers to stm32f10x_rcc.o(i.RCC_APB2PeriphResetCmd) for RCC_APB2PeriphResetCmd
    stm32f10x_gpio.o(i.GPIO_DeInit) refers to stm32f10x_rcc.o(i.RCC_APB2PeriphResetCmd) for RCC_APB2PeriphResetCmd
[...]
    Hareware\u8g2\u8log.c                    0x00000000   Number         0  u8log.o ABSOLUTE
    Hareware\u8g2\u8log_u8g2.c               0x00000000   Number         0  u8log_u8g2.o ABSOLUTE
    Hareware\u8g2\u8log_u8x8.c               0x00000000   Number         0  u8log_u8x8.o ABSOLUTE
    Hareware\u8g2\u8x8_8x8.c                 0x00000000   Number         0  u8x8_8x8.o ABSOLUTE
    Hareware\u8g2\u8x8_byte.c                0x00000000   Number         0  u8x8_byte.o ABSOLUTE
    Hareware\u8g2\u8x8_cad.c                 0x00000000   Number         0  u8x8_cad.o ABSOLUTE
    Hareware\u8g2\u8x8_capture.c             0x00000000   Number         0  u8x8_capture.o ABSOLUTE
    Hareware\u8g2\u8x8_d_ssd1306_128x64_noname.c 0x00000000   Number         0  u8x8_d_ssd1306_128x64_noname.o ABSOLUTE
    Hareware\u8g2\u8x8_debounce.c            0x00000000   Number         0  u8x8_debounce.o ABSOLUTE
    Hareware\u8g2\u8x8_display.c             0x00000000   Number         0  u8x8_display.o ABSOLUTE
    Hareware\u8g2\u8x8_fonts.c               0x00000000   Number         0  u8x8_fonts.o ABSOLUTE
    Hareware\u8g2\u8x8_gpio.c                0x00000000   Number         0  u8x8_gpio.o ABSOLUTE
    Hareware\u8g2\u8x8_input_value.c         0x00000000   Number         0  u8x8_input_value.o ABSOLUTE
    Hareware\u8g2\u8x8_message.c             0x00000000   Number         0  u8x8_message.o ABSOLUTE
    Hareware\u8g2\u8x8_selection_list.c      0x00000000   Number         0  u8x8_selection_list.o ABSOLUTE
    Hareware\u8g2\u8x8_setup.c               0x00000000   Number         0  u8x8_setup.o ABSOLUTE
    Hareware\u8g2\u8x8_string.c              0x00000000   Number         0  u8x8_string.o ABSOLUTE
    Hareware\u8g2\u8x8_u16toa.c              0x00000000   Number         0  u8x8_u16toa.o ABSOLUTE
    Hareware\u8g2\u8x8_u8toa.c               0x00000000   Number         0  u8x8_u8toa.o ABSOLUTE
    Hareware\usar1t.c                        0x00000000   Number         0  usar1t.o ABSOLUTE
    Library\misc.c                           0x00000000   Number         0  misc.o ABSOLUTE
    Library\stm32f10x_adc.c                  0x00000000   Number         0  stm32f10x_adc.o ABSOLUTE
    Library\stm32f10x_bkp.c                  0x00000000   Number         0  stm32f10x_bkp.o ABSOLUTE
    Library\stm32f10x_can.c                  0x00000000   Number         0  stm32f10x_can.o ABSOLUTE
    Library\stm32f10x_cec.c                  0x00000000   Number         0  stm32f10x_cec.o ABSOLUTE
    Library\stm32f10x_crc.c                  0x00000000   Number         0  stm32f10x_crc.o ABSOLUTE
    Library\stm32f10x_dac.c                  0x00000000   Number         0  stm32f10x_dac.o ABSOLUTE
    Library\stm32f10x_dbgmcu.c               0x00000000   Number         0  stm32f10x_dbgmcu.o ABSOLUTE
    Library\stm32f10x_dma.c                  0x00000000   Number         0  stm32f10x_dma.o ABSOLUTE
    Library\stm32f10x_exti.c                 0x00000000   Number         0  stm32f10x_exti.o ABSOLUTE
    Library\stm32f10x_flash.c                0x00000000   Number         0  stm32f10x_flash.o ABSOLUTE
    Library\stm32f10x_fsmc.c                 0x00000000   Number         0  stm32f10x_fsmc.o ABSOLUTE
    Library\stm32f10x_gpio.c                 0x00000000   Number         0  stm32f10x_gpio.o ABSOLUTE
    Library\stm32f10x_i2c.c                  0x00000000   Number         0  stm32f10x_i2c.o ABSOLUTE
    Library\stm32f10x_iwdg.c                 0x00000000   Number         0  stm32f10x_iwdg.o ABSOLUTE
    Library\stm32f10x_pwr.c                  0x00000000   Number         0  stm32f10x_pwr.o ABSOLUTE
    Library\stm32f10x_rcc.c                  0x00000000   Number         0  stm32f10x_rcc.o ABSOLUTE
    Library\stm32f10x_rtc.c                  0x00000000   Number         0  stm32f10x_rtc.o ABSOLUTE
    Library\stm32f10x_sdio.c                 0x00000000   Number         0  stm32f10x_sdio.o ABSOLUTE
    Library\stm32f10x_spi.c                  0x00000000   Number         0  stm32f10x_spi.o ABSOLUTE
    Library\stm32f10x_tim.c                  0x00000000   Number         0  stm32f10x_tim.o ABSOLUTE
    Library\stm32f10x_usart.c                0x00000000   Number         0  stm32f10x_usart.o ABSOLUTE
    Library\stm32f10x_wwdg.c                 0x00000000   Number         0  stm32f10x_wwdg.o ABSOLUTE
    Start\\core_cm3.c                        0x00000000   Number         0  core_cm3.o ABSOLUTE
    Start\core_cm3.c                         0x00000000   Number         0  core_cm3.o ABSOLUTE
    Start\startup_stm32f10x_md.s             0x00000000   Number         0  startup_stm32f10x_md.o ABSOLUTE
    Start\system_stm32f10x.c                 0x00000000   Number         0  system_stm32f10x.o ABSOLUTE
    System\Delay.c                           0x00000000   Number         0  delay.o ABSOLUTE
    User\main.c                              0x00000000   Number         0  main.o ABSOLUTE
    User\stm32f10x_it.c                      0x00000000   Number         0  stm32f10x_it.o ABSOLUTE
    dc.s                                     0x00000000   Number         0  dc.o ABSOLUTE
    RESET                                    0x08000000   Section      236  startup_stm32f10x_md.o(RESET)
    !!!main                                  0x080000ec   Section        8  __main.o(!!!main)
    !!!scatter                               0x080000f4   Section       52  __scatter.o(!!!scatter)
    !!dczerorl2                              0x08000128   Section       90  __dczerorl2.o(!!dczerorl2)
    !!handler_zi                             0x08000184   Section       28  __scatter_zi.o(!!handler_zi)
    .ARM.Collect$$_printf_percent$$00000000  0x080001a0   Section        0  _printf_percent.o(.ARM.Collect$$_printf_percent$$00000000)
    .ARM.Collect$$_printf_percent$$00000009  0x080001a0   Section        6  _printf_d.o(.ARM.Collect$$_printf_percent$$00000009)
    .ARM.Collect$$_printf_percent$$00000017  0x080001a6   Section        4  _printf_percent_end.o(.ARM.Collect$$_printf_percent$$00000017)
    .ARM.Collect$$libinit$$00000000          0x080001aa   Section        2  libinit.o(.ARM.Collect$$libinit$$00000000)
    .ARM.Collect$$libinit$$00000002          0x080001ac   Section        0  libinit2.o(.ARM.Collect$$libinit$$00000002)
    .ARM.Collect$$libinit$$00000004          0x080001ac   Section        0  libinit2.o(.ARM.Collect$$libinit$$00000004)
    .ARM.Collect$$libinit$$0000000A          0x080001ac   Section        0  libinit2.o(.ARM.Collect$$libinit$$0000000A)
    .ARM.Collect$$libinit$$0000000C          0x080001ac   Section        0  libinit2.o(.ARM.Collect$$libinit$$0000000C)
    .ARM.Collect$$libinit$$0000000E          0x080001ac   Section        0  libinit2.o(.ARM.Collect$$libinit$$0000000E)
    .ARM.Collect$$libinit$$00000011          0x080001ac   Section        0  libinit2.o(.ARM.Collect$$libinit$$00000011)
    .ARM.Collect$$libinit$$00000013          0x080001ac   Section        0  libinit2.o(.ARM.Collect$$libinit$$00000013)
    .ARM.Collect$$libinit$$00000015          0x080001ac   Section        0  libinit2.o(.ARM.Collect$$libinit$$00000015)
    .ARM.Collect$$libinit$$00000017          0x080001ac   Section        0  libinit2.o(.ARM.Collect$$libinit$$00000017)
    .ARM.Collect$$libinit$$00000019          0x080001ac   Section        0  libinit2.o(.ARM.Collect$$libinit$$00000019)
    .ARM.Collect$$libinit$$0000001B          0x080001ac   Section        0  libinit2.o(.ARM.Collect$$libinit$$0000001B)
    .ARM.Collect$$libinit$$0000001D          0x080001ac   Section        0  libinit2.o(.ARM.Collect$$libinit$$0000001D)
    .ARM.Collect$$libinit$$0000001F          0x080001ac   Section        0  libinit2.o(.ARM.Collect$$libinit$$0000001F)
    .ARM.Collect$$libinit$$00000021          0x080001ac   Section        0  libinit2.o(.ARM.Collect$$libinit$$00000021)
    .ARM.Collect$$libinit$$00000023          0x080001ac   Section        0  libinit2.o(.ARM.Collect$$libinit$$00000023)
    .ARM.Collect$$libinit$$00000025          0x080001ac   Section        0  libinit2.o(.ARM.Collect$$libinit$$00000025)
    .ARM.Collect$$libinit$$0000002C          0x080001ac   Section        0  libinit2.o(.ARM.Collect$$libinit$$0000002C)
    .ARM.Collect$$libinit$$0000002E          0x080001ac   Section        0  libinit2.o(.ARM.Collect$$libinit$$0000002E)
    .ARM.Collect$$libinit$$00000030          0x080001ac   Section        0  libinit2.o(.ARM.Collect$$libinit$$00000030)
    .ARM.Collect$$libinit$$00000032          0x080001ac   Section        0  libinit2.o(.ARM.Collect$$libinit$$00000032)
    .ARM.Collect$$libinit$$00000033          0x080001ac   Section        2  libinit2.o(.ARM.Collect$$libinit$$00000033)
    .ARM.Collect$$libshutdown$$00000000      0x080001ae   Section        2  libshutdown.o(.ARM.Collect$$libshutdown$$00000000)
    .ARM.Collect$$libshutdown$$00000002      0x080001b0   Section        0  libshutdown2.o(.ARM.Collect$$libshutdown$$00000002)
    .ARM.Collect$$libshutdown$$00000004      0x080001b0   Section        0  libshutdown2.o(.ARM.Collect$$libshutdown$$00000004)
    .ARM.Collect$$libshutdown$$00000007      0x080001b0   Section        0  libshutdown2.o(.ARM.Collect$$libshutdown$$00000007)
    .ARM.Collect$$libshutdown$$0000000A      0x080001b0   Section        0  libshutdown2.o(.ARM.Collect$$libshutdown$$0000000A)
    .ARM.Collect$$libshutdown$$0000000C      0x080001b0   Section        0  libshutdown2.o(.ARM.Collect$$libshutdown$$0000000C)
    .ARM.Collect$$libshutdown$$0000000F      0x080001b0   Section        0  libshutdown2.o(.ARM.Collect$$libshutdown$$0000000F)
    .ARM.Collect$$libshutdown$$00000010      0x080001b0   Section        2  libshutdown2.o(.ARM.Collect$$libshutdown$$00000010)
    .ARM.Collect$$rtentry$$00000000          0x080001b2   Section        0  __rtentry.o(.ARM.Collect$$rtentry$$00000000)
    .ARM.Collect$$rtentry$$00000002          0x080001b2   Section        0  __rtentry2.o(.ARM.Collect$$rtentry$$00000002)
    .ARM.Collect$$rtentry$$00000004          0x080001b2   Section        6  __rtentry4.o(.ARM.Collect$$rtentry$$00000004)
    .ARM.Collect$$rtentry$$00000009          0x080001b8   Section        0  __rtentry2.o(.ARM.Collect$$rtentry$$00000009)
    .ARM.Collect$$rtentry$$0000000A          0x080001b8   Section        4  __rtentry2.o(.ARM.Collect$$rtentry$$0000000A)
    .ARM.Collect$$rtentry$$0000000C          0x080001bc   Section        0  __rtentry2.o(.ARM.Collect$$rtentry$$0000000C)
    .ARM.Collect$$rtentry$$0000000D          0x080001bc   Section        8  __rtentry2.o(.ARM.Collect$$rtentry$$0000000D)
    .ARM.Collect$$rtexit$$00000000           0x080001c4   Section        2  rtexit.o(.ARM.Collect$$rtexit$$00000000)
    .ARM.Collect$$rtexit$$00000002           0x080001c6   Section        0  rtexit2.o(.ARM.Collect$$rtexit$$00000002)
    .ARM.Collect$$rtexit$$00000003           0x080001c6   Section        4  rtexit2.o(.ARM.Collect$$rtexit$$00000003)
    .ARM.Collect$$rtexit$$00000004           0x080001ca   Section        6  rtexit2.o(.ARM.Collect$$rtexit$$00000004)
    .text                                    0x080001d0   Section       64  startup_stm32f10x_md.o(.text)
    .text                                    0x08000210   Section        0  noretval__2sprintf.o(.text)
    .text                                    0x08000238   Section        0  _printf_pad.o(.text)
    .text                                    0x08000288   Section        0  _printf_dec.o(.text)
    .text                                    0x08000300   Section        0  __printf_flags_wp.o(.text)
    .text                                    0x08000438   Section        0  strlen.o(.text)
    .text                                    0x08000476   Section       68  rt_memclr.o(.text)
    .text                                    0x080004ba   Section       78  rt_memclr_w.o(.text)
    .text                                    0x08000508   Section        0  heapauxi.o(.text)
    .text                                    0x0800050e   Section        0  _printf_intcommon.o(.text)
    .text                                    0x080005c0   Section        0  _printf_char_common.o(.text)
    _printf_input_char                       0x080005c1   Thumb Code    10  _printf_char_common.o(.text)
    .text                                    0x080005f0   Section        0  _sputc.o(.text)
    .text                                    0x080005fa   Section       74  sys_stackheap_outer.o(.text)
    .text                                    0x08000644   Section        0  exit.o(.text)
    .text                                    0x08000658   Section        8  libspace.o(.text)
    .text                                    0x08000660   Section        0  sys_exit.o(.text)
    .text                                    0x0800066c   Section        2  use_no_semi.o(.text)
    .text                                    0x0800066e   Section        0  indicate_semi.o(.text)
    i.BusFault_Handler                       0x0800066e   Section        0  stm32f10x_it.o(i.BusFault_Handler)
    i.Creat_Childv2_Menu                     0x08000670   Section        0  menu.o(i.Creat_Childv2_Menu)
    i.DebugMon_Handler                       0x08000838   Section        0  stm32f10x_it.o(i.DebugMon_Handler)
    i.Delay_ms                               0x0800083a   Section        0  delay.o(i.Delay_ms)
    i.Delay_us                               0x08000850   Section        0  delay.o(i.Delay_us)
    i.GPIO_Init                              0x08000870   Section        0  stm32f10x_gpio.o(i.GPIO_Init)
    i.GPIO_ReadInputDataBit                  0x08000912   Section        0  stm32f10x_gpio.o(i.GPIO_ReadInputDataBit)
    i.HardFault_Handler                      0x08000920   Section        0  stm32f10x_it.o(i.HardFault_Handler)
    i.I2C_CheckEvent                         0x08000922   Section        0  stm32f10x_i2c.o(i.I2C_CheckEvent)
    i.I2C_Cmd                                0x0800093a   Section        0  stm32f10x_i2c.o(i.I2C_Cmd)
    i.I2C_Config                             0x08000950   Section        0  u8x8_byte.o(i.I2C_Config)
    i.I2C_GenerateSTART                      0x0800099c   Section        0  stm32f10x_i2c.o(i.I2C_GenerateSTART)
    i.I2C_GenerateSTOP                       0x080009b0   Section        0  stm32f10x_i2c.o(i.I2C_GenerateSTOP)
    i.I2C_GetFlagStatus                      0x080009c4   Section        0  stm32f10x_i2c.o(i.I2C_GetFlagStatus)
    i.I2C_Init                               0x080009f0   Section        0  stm32f10x_i2c.o(i.I2C_Init)
    i.I2C_Send7bitAddress                    0x08000aac   Section        0  stm32f10x_i2c.o(i.I2C_Send7bitAddress)
    i.I2C_SendData                           0x08000abc   Section        0  stm32f10x_i2c.o(i.I2C_SendData)
    i.Key_GetNum                             0x08000ac0   Section        0  key.o(i.Key_GetNum)
    i.Key_Init                               0x08000b7c   Section        0  key.o(i.Key_Init)
    i.MemManage_Handler                      0x08000ba8   Section        0  stm32f10x_it.o(i.MemManage_Handler)
    i.Menu_To_X_Display                      0x08000bac   Section        0  menu.o(i.Menu_To_X_Display)
    i.MyTimeFun                              0x08000d58   Section        0  menu.o(i.MyTimeFun)
    i.MyTimeSecondRun                        0x08000d88   Section        0  menu.o(i.MyTimeSecondRun)
    i.NMI_Handler                            0x08000da8   Section        0  stm32f10x_it.o(i.NMI_Handler)
    i.NVIC_Init                              0x08000dac   Section        0  misc.o(i.NVIC_Init)
    i.NVIC_PriorityGroupConfig               0x08000e10   Section        0  misc.o(i.NVIC_PriorityGroupConfig)
    i.PendSV_Handler                         0x08000e24   Section        0  stm32f10x_it.o(i.PendSV_Handler)
    i.RCC_APB1PeriphClockCmd                 0x08000e28   Section        0  stm32f10x_rcc.o(i.RCC_APB1PeriphClockCmd)
    i.RCC_APB2PeriphClockCmd                 0x08000e40   Section        0  stm32f10x_rcc.o(i.RCC_APB2PeriphClockCmd)
    i.RCC_GetClocksFreq                      0x08000e58   Section        0  stm32f10x_rcc.o(i.RCC_GetClocksFreq)
    i.SVC_Handler                            0x08000ee8   Section        0  stm32f10x_it.o(i.SVC_Handler)
    i.SetSysClockTo72                        0x08000eec   Section        0  system_stm32f10x.o(i.SetSysClockTo72)
    SetSysClockTo72                          0x08000eed   Thumb Code   160  system_stm32f10x.o(i.SetSysClockTo72)
    i.Show_MainPage                          0x08000f94   Section        0  menu.o(i.Show_MainPage)
    i.Show_Menu                              0x08001058   Section        0  menu.o(i.Show_Menu)
    i.Show_MenuRE                            0x08001230   Section        0  menu.o(i.Show_MenuRE)
    i.Show_Menu_Config                       0x08001258   Section        0  menu.o(i.Show_Menu_Config)
    i.SysTick_Handler                        0x080012dc   Section        0  stm32f10x_it.o(i.SysTick_Handler)
    i.SystemInit                             0x080012e0   Section        0  system_stm32f10x.o(i.SystemInit)
    i.UIConnect                              0x08001330   Section        0  menu.o(i.UIConnect)
    i.USART_Cmd                              0x0800134c   Section        0  stm32f10x_usart.o(i.USART_Cmd)
    i.USART_Config                           0x08001360   Section        0  usar1t.o(i.USART_Config)
    i.USART_ITConfig                         0x08001410   Section        0  stm32f10x_usart.o(i.USART_ITConfig)
    i.USART_Init                             0x08001440   Section        0  stm32f10x_usart.o(i.USART_Init)
    i.UsageFault_Handler                     0x080014ec   Section        0  stm32f10x_it.o(i.UsageFault_Handler)
    i.X_To_Menu_Display                      0x080014f0   Section        0  menu.o(i.X_To_Menu_Display)
    i._is_digit                              0x08001694   Section        0  __printf_wp.o(i._is_digit)
    i.main                                   0x080016a4   Section        0  main.o(i.main)
    i.u8g2_ClearBuffer                       0x080016e8   Section        0  u8g2_buffer.o(i.u8g2_ClearBuffer)
    i.u8g2_Config                            0x080016fc   Section        0  main.o(i.u8g2_Config)
    i.u8g2_DrawFrame                         0x08001734   Section        0  u8g2_box.o(i.u8g2_DrawFrame)
    i.u8g2_DrawGlyph                         0x080017bc   Section        0  u8g2_font.o(i.u8g2_DrawGlyph)
    i.u8g2_DrawHLine                         0x0800182c   Section        0  u8g2_hvline.o(i.u8g2_DrawHLine)
    i.u8g2_DrawHVLine                        0x08001838   Section        0  u8g2_hvline.o(i.u8g2_DrawHVLine)
    i.u8g2_DrawHXBM                          0x080018e4   Section        0  u8g2_bitmap.o(i.u8g2_DrawHXBM)
    i.u8g2_DrawLine                          0x08001978   Section        0  u8g2_line.o(i.u8g2_DrawLine)
    i.u8g2_DrawPixel                         0x08001a2a   Section        0  u8g2_hvline.o(i.u8g2_DrawPixel)
    i.u8g2_DrawStr                           0x08001a58   Section        0  u8g2_font.o(i.u8g2_DrawStr)
    i.u8g2_DrawXBM                           0x08001a68   Section        0  u8g2_bitmap.o(i.u8g2_DrawXBM)
    i.u8g2_IsIntersection                    0x08001ab4   Section        0  u8g2_intersection.o(i.u8g2_IsIntersection)
    i.u8g2_SendBuffer                        0x08001ae4   Section        0  u8g2_buffer.o(i.u8g2_SendBuffer)
    i.u8g2_SetFont                           0x08001af6   Section        0  u8g2_font.o(i.u8g2_SetFont)
    i.u8g2_SetFontDirection                  0x08001b16   Section        0  u8g2_font.o(i.u8g2_SetFontDirection)
    i.u8g2_SetFontMode                       0x08001b1c   Section        0  u8g2_font.o(i.u8g2_SetFontMode)
    i.u8g2_SetFontPosBaseline                0x08001b24   Section        0  u8g2_font.o(i.u8g2_SetFontPosBaseline)
    i.u8g2_SetMaxClipWindow                  0x08001b30   Section        0  u8g2_setup.o(i.u8g2_SetMaxClipWindow)
    i.u8g2_SetupBuffer                       0x08001b4c   Section        0  u8g2_setup.o(i.u8g2_SetupBuffer)
    i.u8g2_Setup_ssd1306_i2c_128x64_noname_f 0x08001b94   Section        0  u8g2_d_setup.o(i.u8g2_Setup_ssd1306_i2c_128x64_noname_f)
    i.u8g2_UpdateRefHeight                   0x08001bcc   Section        0  u8g2_font.o(i.u8g2_UpdateRefHeight)
    i.u8g2_add_vector_x                      0x08001c1e   Section        0  u8g2_font.o(i.u8g2_add_vector_x)
    i.u8g2_add_vector_y                      0x08001c3a   Section        0  u8g2_font.o(i.u8g2_add_vector_y)
    i.u8g2_apply_clip_window                 0x08001c56   Section        0  u8g2_setup.o(i.u8g2_apply_clip_window)
    u8g2_apply_clip_window                   0x08001c57   Thumb Code   110  u8g2_setup.o(i.u8g2_apply_clip_window)
    i.u8g2_clip_intersection2                0x08001cc4   Section        0  u8g2_hvline.o(i.u8g2_clip_intersection2)
    u8g2_clip_intersection2                  0x08001cc5   Thumb Code    60  u8g2_hvline.o(i.u8g2_clip_intersection2)
    i.u8g2_draw_hv_line_2dir                 0x08001d00   Section        0  u8g2_hvline.o(i.u8g2_draw_hv_line_2dir)
    i.u8g2_draw_l90_r0                       0x08001d12   Section        0  u8g2_setup.o(i.u8g2_draw_l90_r0)
    i.u8g2_draw_string                       0x08001d1e   Section        0  u8g2_font.o(i.u8g2_draw_string)
    u8g2_draw_string                         0x08001d1f   Thumb Code   118  u8g2_font.o(i.u8g2_draw_string)
    i.u8g2_font_calc_vref_font               0x08001d94   Section        0  u8g2_font.o(i.u8g2_font_calc_vref_font)
    i.u8g2_font_decode_get_signed_bits       0x08001d98   Section        0  u8g2_font.o(i.u8g2_font_decode_get_signed_bits)
    i.u8g2_font_decode_get_unsigned_bits     0x08001dac   Section        0  u8g2_font.o(i.u8g2_font_decode_get_unsigned_bits)
    i.u8g2_font_decode_glyph                 0x08001de0   Section        0  u8g2_font.o(i.u8g2_font_decode_glyph)
    i.u8g2_font_decode_len                   0x08001ef4   Section        0  u8g2_font.o(i.u8g2_font_decode_len)
    i.u8g2_font_get_glyph_data               0x08001f80   Section        0  u8g2_font.o(i.u8g2_font_get_glyph_data)
    i.u8g2_font_get_word                     0x08001ff2   Section        0  u8g2_font.o(i.u8g2_font_get_word)
    u8g2_font_get_word                       0x08001ff3   Thumb Code    20  u8g2_font.o(i.u8g2_font_get_word)
    i.u8g2_font_setup_decode                 0x08002006   Section        0  u8g2_font.o(i.u8g2_font_setup_decode)
    u8g2_font_setup_decode                   0x08002007   Thumb Code    52  u8g2_font.o(i.u8g2_font_setup_decode)
    i.u8g2_gpio_and_delay_stm32              0x0800203a   Section        0  mui_u8g2.o(i.u8g2_gpio_and_delay_stm32)
    i.u8g2_is_intersection_decision_tree     0x0800207c   Section        0  u8g2_intersection.o(i.u8g2_is_intersection_decision_tree)
    i.u8g2_ll_hvline_vertical_top_lsb        0x08002094   Section        0  u8g2_ll_hvline.o(i.u8g2_ll_hvline_vertical_top_lsb)
    i.u8g2_m_16_8_f                          0x08002124   Section        0  u8g2_d_memory.o(i.u8g2_m_16_8_f)
    i.u8g2_read_font_info                    0x08002130   Section        0  u8g2_font.o(i.u8g2_read_font_info)
    i.u8g2_send_buffer                       0x0800219a   Section        0  u8g2_buffer.o(i.u8g2_send_buffer)
    u8g2_send_buffer                         0x0800219b   Thumb Code    78  u8g2_buffer.o(i.u8g2_send_buffer)
    i.u8g2_update_dimension_common           0x080021e8   Section        0  u8g2_setup.o(i.u8g2_update_dimension_common)
    u8g2_update_dimension_common             0x080021e9   Thumb Code    70  u8g2_setup.o(i.u8g2_update_dimension_common)
    i.u8g2_update_dimension_r0               0x0800222e   Section        0  u8g2_setup.o(i.u8g2_update_dimension_r0)
    i.u8g2_update_page_win_r0                0x08002232   Section        0  u8g2_setup.o(i.u8g2_update_page_win_r0)
    i.u8x8_DrawTile                          0x08002254   Section        0  u8x8_display.o(i.u8x8_DrawTile)
    i.u8x8_InitDisplay                       0x08002272   Section        0  u8x8_display.o(i.u8x8_InitDisplay)
    i.u8x8_RefreshDisplay                    0x08002282   Section        0  u8x8_display.o(i.u8x8_RefreshDisplay)
    i.u8x8_SetPowerSave                      0x08002292   Section        0  u8x8_display.o(i.u8x8_SetPowerSave)
    i.u8x8_Setup                             0x080022a2   Section        0  u8x8_setup.o(i.u8x8_Setup)
    i.u8x8_SetupDefaults                     0x080022c4   Section        0  u8x8_setup.o(i.u8x8_SetupDefaults)
    i.u8x8_SetupMemory                       0x080022e8   Section        0  u8x8_display.o(i.u8x8_SetupMemory)
    i.u8x8_ascii_next                        0x080022f8   Section        0  u8x8_8x8.o(i.u8x8_ascii_next)
    i.u8x8_byte_EndTransfer                  0x08002306   Section        0  u8x8_byte.o(i.u8x8_byte_EndTransfer)
    i.u8x8_byte_SendByte                     0x08002316   Section        0  u8x8_byte.o(i.u8x8_byte_SendByte)
    i.u8x8_byte_StartTransfer                0x08002324   Section        0  u8x8_byte.o(i.u8x8_byte_StartTransfer)
    i.u8x8_byte_hw_i2c                       0x08002334   Section        0  u8x8_byte.o(i.u8x8_byte_hw_i2c)
    i.u8x8_cad_EndTransfer                   0x08002420   Section        0  u8x8_cad.o(i.u8x8_cad_EndTransfer)
    i.u8x8_cad_SendArg                       0x08002430   Section        0  u8x8_cad.o(i.u8x8_cad_SendArg)
    i.u8x8_cad_SendCmd                       0x08002440   Section        0  u8x8_cad.o(i.u8x8_cad_SendCmd)
    i.u8x8_cad_SendData                      0x08002450   Section        0  u8x8_cad.o(i.u8x8_cad_SendData)
    i.u8x8_cad_SendSequence                  0x08002460   Section        0  u8x8_cad.o(i.u8x8_cad_SendSequence)
    i.u8x8_cad_StartTransfer                 0x080024c8   Section        0  u8x8_cad.o(i.u8x8_cad_StartTransfer)
    i.u8x8_cad_ssd13xx_fast_i2c              0x080024d8   Section        0  u8x8_cad.o(i.u8x8_cad_ssd13xx_fast_i2c)
    i.u8x8_d_helper_display_init             0x08002594   Section        0  u8x8_display.o(i.u8x8_d_helper_display_init)
    i.u8x8_d_helper_display_setup_memory     0x080025f4   Section        0  u8x8_display.o(i.u8x8_d_helper_display_setup_memory)
    i.u8x8_d_ssd1306_128x64_noname           0x08002600   Section        0  u8x8_d_ssd1306_128x64_noname.o(i.u8x8_d_ssd1306_128x64_noname)
    i.u8x8_d_ssd1306_sh1106_generic          0x0800263c   Section        0  u8x8_d_ssd1306_128x64_noname.o(i.u8x8_d_ssd1306_sh1106_generic)
    u8x8_d_ssd1306_sh1106_generic            0x0800263d   Thumb Code   196  u8x8_d_ssd1306_128x64_noname.o(i.u8x8_d_ssd1306_sh1106_generic)
    i.u8x8_dummy_cb                          0x08002704   Section        0  u8x8_setup.o(i.u8x8_dummy_cb)
    i.u8x8_gpio_call                         0x08002708   Section        0  u8x8_gpio.o(i.u8x8_gpio_call)
    i.u8x8_i2c_data_transfer                 0x08002714   Section        0  u8x8_cad.o(i.u8x8_i2c_data_transfer)
    u8x8_i2c_data_transfer                   0x08002715   Thumb Code    44  u8x8_cad.o(i.u8x8_i2c_data_transfer)
    i.u8x8_utf8_init                         0x08002740   Section        0  u8x8_8x8.o(i.u8x8_utf8_init)
    i.ui_left_one_Picture                    0x08002748   Section        0  menu.o(i.ui_left_one_Picture)
    i.ui_right_one_Picture                   0x08002750   Section        0  menu.o(i.ui_right_one_Picture)
    i.ui_run                                 0x08002758   Section        0  menu.o(i.ui_run)
    .constdata                               0x08002788   Section     2683  u8g2_fonts.o(.constdata)
    .constdata                               0x08003203   Section     1465  u8g2_fonts.o(.constdata)
    .constdata                               0x080037bc   Section     2088  u8g2_fonts.o(.constdata)
    .constdata                               0x08003fe4   Section       12  u8g2_setup.o(.constdata)
    .constdata                               0x08003ff0   Section      344  u8x8_d_ssd1306_128x64_noname.o(.constdata)
    u8x8_d_ssd1306_128x64_noname_powersave0_seq 0x08003ff0   Data           5  u8x8_d_ssd1306_128x64_noname.o(.constdata)
    u8x8_d_ssd1306_128x64_noname_powersave1_seq 0x08003ff5   Data           5  u8x8_d_ssd1306_128x64_noname.o(.constdata)
    u8x8_d_ssd1306_128x64_noname_flip0_seq   0x08003ffa   Data           7  u8x8_d_ssd1306_128x64_noname.o(.constdata)
    u8x8_d_ssd1306_128x64_noname_flip1_seq   0x08004001   Data           7  u8x8_d_ssd1306_128x64_noname.o(.constdata)
    u8x8_d_ssd1312_128x64_noname_flip0_seq   0x08004008   Data           7  u8x8_d_ssd1306_128x64_noname.o(.constdata)
    u8x8_d_ssd1312_128x64_noname_flip1_seq   0x0800400f   Data           7  u8x8_d_ssd1306_128x64_noname.o(.constdata)
    u8x8_d_ssd1306_128x64_noname_init_seq    0x08004016   Data          53  u8x8_d_ssd1306_128x64_noname.o(.constdata)
    u8x8_d_ssd1306_128x64_vcomh0_init_seq    0x0800404b   Data          53  u8x8_d_ssd1306_128x64_noname.o(.constdata)
    u8x8_d_ssd1306_128x64_alt0_init_seq      0x08004080   Data          53  u8x8_d_ssd1306_128x64_noname.o(.constdata)
    u8x8_d_sh1106_128x64_winstar_init_seq    0x080040b5   Data          45  u8x8_d_ssd1306_128x64_noname.o(.constdata)
    u8x8_d_ssd1312_128x64_noname_init_seq    0x080040e2   Data          53  u8x8_d_ssd1306_128x64_noname.o(.constdata)
    u8x8_ssd1306_128x64_noname_display_info  0x08004118   Data          24  u8x8_d_ssd1306_128x64_noname.o(.constdata)
    u8x8_sh1106_128x64_noname_display_info   0x08004130   Data          24  u8x8_d_ssd1306_128x64_noname.o(.constdata)
    .constdata                               0x08004148   Section      128  menu.o(.constdata)
    .constdata                               0x080041c8   Section      128  menu.o(.constdata)
    .constdata                               0x08004248   Section      128  menu.o(.constdata)
    .constdata                               0x080042c8   Section      230  menu.o(.constdata)
    .constdata                               0x080043ae   Section       17  __printf_flags_wp.o(.constdata)
    maptable                                 0x080043ae   Data          17  __printf_flags_wp.o(.constdata)
    .conststring                             0x080043c0   Section      250  menu.o(.conststring)
    .data                                    0x20000000   Section       20  stm32f10x_rcc.o(.data)
    ADCPrescTable                            0x20000000   Data           4  stm32f10x_rcc.o(.data)
    APBAHBPrescTable                         0x20000004   Data          16  stm32f10x_rcc.o(.data)
    .data                                    0x20000014   Section        6  u8x8_cad.o(.data)
    in_transfer                              0x20000014   Data           1  u8x8_cad.o(.data)
    in_transfer                              0x20000015   Data           1  u8x8_cad.o(.data)
    in_transfer                              0x20000016   Data           1  u8x8_cad.o(.data)
    is_data                                  0x20000017   Data           1  u8x8_cad.o(.data)
    in_transfer                              0x20000018   Data           1  u8x8_cad.o(.data)
    is_data                                  0x20000019   Data           1  u8x8_cad.o(.data)
    .data                                    0x2000001c   Section      320  menu.o(.data)
    Picture_Flag                             0x2000001c   Data           1  menu.o(.data)
    Box_x                                    0x2000001f   Data           1  menu.o(.data)
    Box_y                                    0x20000020   Data           1  menu.o(.data)
    Box_w                                    0x20000021   Data           1  menu.o(.data)
    Box_h                                    0x20000022   Data           1  menu.o(.data)
    Box_x_trg                                0x20000023   Data           1  menu.o(.data)
    Box_y_trg                                0x20000024   Data           1  menu.o(.data)
    Box_w_trg                                0x20000025   Data           1  menu.o(.data)
    Box_h_trg                                0x20000026   Data           1  menu.o(.data)
    Box_Flag                                 0x20000027   Data           1  menu.o(.data)
    timeSecondCount                          0x20000030   Data           4  menu.o(.data)
    .bss                                     0x2000015c   Section      148  main.o(.bss)
    .bss                                     0x200001f0   Section     1024  u8g2_d_memory.o(.bss)
    buf                                      0x200001f0   Data        1024  u8g2_d_memory.o(.bss)
    .bss                                     0x200005f0   Section       96  libspace.o(.bss)
    HEAP                                     0x20000650   Section      512  startup_stm32f10x_md.o(HEAP)
    Heap_Mem                                 0x20000650   Data         512  startup_stm32f10x_md.o(HEAP)
    STACK                                    0x20000850   Section     1024  startup_stm32f10x_md.o(STACK)
    Stack_Mem                                0x20000850   Data        1024  startup_stm32f10x_md.o(STACK)
    __initial_sp                             0x20000c50   Data           0  startup_stm32f10x_md.o(STACK)

    Global Symbols

    Symbol Name                              Value     Ov Type        Size  Object(Section)

    BuildAttributes$$THM_ISAv4$P$D$K$B$S$PE$A:L22UL41UL21$X:L11$S22US41US21$IEEE1$IW$USESV6$~STKCKD$USESV7$~SHL$OSPACE$ROPI$EBA8$UX$STANDARDLIB$REQ8$PRES8$EABIv2 0x00000000   Number         0  anon$$obj.o ABSOLUTE
    __ARM_use_no_argv                        0x00000000   Number         0  main.o ABSOLUTE
    _printf_flags                            0x00000000   Number         0  printf_stubs.o ABSOLUTE
    _printf_return_value                     0x00000000   Number         0  printf_stubs.o ABSOLUTE
    _printf_sizespec                         0x00000000   Number         0  printf_stubs.o ABSOLUTE
    _printf_widthprec                        0x00000000   Number         0  printf_stubs.o ABSOLUTE
    __ARM_exceptions_init                     - Undefined Weak Reference
    __alloca_initialize                       - Undefined Weak Reference
    __arm_preinit_                            - Undefined Weak Reference
    __cpp_initialize__aeabi_                  - Undefined Weak Reference
    __cxa_finalize                            - Undefined Weak Reference
    __rt_locale                               - Undefined Weak Reference
    __sigvec_lookup                           - Undefined Weak Reference
    _atexit_init                              - Undefined Weak Reference
    _call_atexit_fns                          - Undefined Weak Reference
    _clock_init                               - Undefined Weak Reference
    _fp_trap_init                             - Undefined Weak Reference
    _fp_trap_shutdown                         - Undefined Weak Reference
    _get_lc_collate                           - Undefined Weak Reference
    _get_lc_ctype                             - Undefined Weak Reference
    _get_lc_monetary                          - Undefined Weak Reference
    _get_lc_numeric                           - Undefined Weak Reference
    _get_lc_time                              - Undefined Weak Reference
    _getenv_init                              - Undefined Weak Reference
    _handle_redirection                       - Undefined Weak Reference
    _init_alloc                               - Undefined Weak Reference
    _init_user_alloc                          - Undefined Weak Reference
    _initio                                   - Undefined Weak Reference
    _printf_truncate_signed                   - Undefined Weak Reference
    _printf_truncate_unsigned                 - Undefined Weak Reference
    _rand_init                                - Undefined Weak Reference
    _signal_finish                            - Undefined Weak Reference
    _signal_init                              - Undefined Weak Reference
    _terminate_alloc                          - Undefined Weak Reference
    _terminate_user_alloc                     - Undefined Weak Reference
    _terminateio                              - Undefined Weak Reference
    __Vectors_Size                           0x000000ec   Number         0  startup_stm32f10x_md.o ABSOLUTE
    __Vectors                                0x08000000   Data           4  startup_stm32f10x_md.o(RESET)
    __Vectors_End                            0x080000ec   Data           0  startup_stm32f10x_md.o(RESET)
    __main                                   0x080000ed   Thumb Code     8  __main.o(!!!main)
    __scatterload                            0x080000f5   Thumb Code     0  __scatter.o(!!!scatter)
    __scatterload_rt2                        0x080000f5   Thumb Code    44  __scatter.o(!!!scatter)
    __scatterload_rt2_thumb_only             0x080000f5   Thumb Code     0  __scatter.o(!!!scatter)
    __scatterload_null                       0x08000103   Thumb Code     0  __scatter.o(!!!scatter)
    __decompress                             0x08000129   Thumb Code    90  __dczerorl2.o(!!dczerorl2)
    __decompress1                            0x08000129   Thumb Code     0  __dczerorl2.o(!!dczerorl2)
    __scatterload_zeroinit                   0x08000185   Thumb Code    28  __scatter_zi.o(!!handler_zi)
    _printf_d                                0x080001a1   Thumb Code     0  _printf_d.o(.ARM.Collect$$_printf_percent$$00000009)
    _printf_percent                          0x080001a1   Thumb Code     0  _printf_percent.o(.ARM.Collect$$_printf_percent$$00000000)
    _printf_percent_end                      0x080001a7   Thumb Code     0  _printf_percent_end.o(.ARM.Collect$$_printf_percent$$00000017)
    __rt_lib_init                            0x080001ab   Thumb Code     0  libinit.o(.ARM.Collect$$libinit$$00000000)
    __rt_lib_init_alloca_1                   0x080001ad   Thumb Code     0  libinit2.o(.ARM.Collect$$libinit$$0000002E)
    __rt_lib_init_argv_1                     0x080001ad   Thumb Code     0  libinit2.o(.ARM.Collect$$libinit$$0000002C)
    __rt_lib_init_atexit_1                   0x080001ad   Thumb Code     0  libinit2.o(.ARM.Collect$$libinit$$0000001B)
    __rt_lib_init_clock_1                    0x080001ad   Thumb Code     0  libinit2.o(.ARM.Collect$$libinit$$00000021)
    __rt_lib_init_cpp_1                      0x080001ad   Thumb Code     0  libinit2.o(.ARM.Collect$$libinit$$00000032)
    __rt_lib_init_exceptions_1               0x080001ad   Thumb Code     0  libinit2.o(.ARM.Collect$$libinit$$00000030)
    __rt_lib_init_fp_1                       0x080001ad   Thumb Code     0  libinit2.o(.ARM.Collect$$libinit$$00000002)
    __rt_lib_init_fp_trap_1                  0x080001ad   Thumb Code     0  libinit2.o(.ARM.Collect$$libinit$$0000001F)
    __rt_lib_init_getenv_1                   0x080001ad   Thumb Code     0  libinit2.o(.ARM.Collect$$libinit$$00000023)
    __rt_lib_init_heap_1                     0x080001ad   Thumb Code     0  libinit2.o(.ARM.Collect$$libinit$$0000000A)
    __rt_lib_init_lc_collate_1               0x080001ad   Thumb Code     0  libinit2.o(.ARM.Collect$$libinit$$00000011)
    __rt_lib_init_lc_ctype_1                 0x080001ad   Thumb Code     0  libinit2.o(.ARM.Collect$$libinit$$00000013)
    __rt_lib_init_lc_monetary_1              0x080001ad   Thumb Code     0  libinit2.o(.ARM.Collect$$libinit$$00000015)
    __rt_lib_init_lc_numeric_1               0x080001ad   Thumb Code     0  libinit2.o(.ARM.Collect$$libinit$$00000017)
    __rt_lib_init_lc_time_1                  0x080001ad   Thumb Code     0  libinit2.o(.ARM.Collect$$libinit$$00000019)
    __rt_lib_init_preinit_1                  0x080001ad   Thumb Code     0  libinit2.o(.ARM.Collect$$libinit$$00000004)
    __rt_lib_init_rand_1                     0x080001ad   Thumb Code     0  libinit2.o(.ARM.Collect$$libinit$$0000000E)
    __rt_lib_init_return                     0x080001ad   Thumb Code     0  libinit2.o(.ARM.Collect$$libinit$$00000033)
    __rt_lib_init_signal_1                   0x080001ad   Thumb Code     0  libinit2.o(.ARM.Collect$$libinit$$0000001D)
    __rt_lib_init_stdio_1                    0x080001ad   Thumb Code     0  libinit2.o(.ARM.Collect$$libinit$$00000025)
    __rt_lib_init_user_alloc_1               0x080001ad   Thumb Code     0  libinit2.o(.ARM.Collect$$libinit$$0000000C)
    __rt_lib_shutdown                        0x080001af   Thumb Code     0  libshutdown.o(.ARM.Collect$$libshutdown$$00000000)
    __rt_lib_shutdown_cpp_1                  0x080001b1   Thumb Code     0  libshutdown2.o(.ARM.Collect$$libshutdown$$00000002)
    __rt_lib_shutdown_fp_trap_1              0x080001b1   Thumb Code     0  libshutdown2.o(.ARM.Collect$$libshutdown$$00000007)
    __rt_lib_shutdown_heap_1                 0x080001b1   Thumb Code     0  libshutdown2.o(.ARM.Collect$$libshutdown$$0000000F)
    __rt_lib_shutdown_return                 0x080001b1   Thumb Code     0  libshutdown2.o(.ARM.Collect$$libshutdown$$00000010)
    __rt_lib_shutdown_signal_1               0x080001b1   Thumb Code     0  libshutdown2.o(.ARM.Collect$$libshutdown$$0000000A)
    __rt_lib_shutdown_stdio_1                0x080001b1   Thumb Code     0  libshutdown2.o(.ARM.Collect$$libshutdown$$00000004)
    __rt_lib_shutdown_user_alloc_1           0x080001b1   Thumb Code     0  libshutdown2.o(.ARM.Collect$$libshutdown$$0000000C)
    __rt_entry                               0x080001b3   Thumb Code     0  __rtentry.o(.ARM.Collect$$rtentry$$00000000)
    __rt_entry_presh_1                       0x080001b3   Thumb Code     0  __rtentry2.o(.ARM.Collect$$rtentry$$00000002)
    __rt_entry_sh                            0x080001b3   Thumb Code     0  __rtentry4.o(.ARM.Collect$$rtentry$$00000004)
    __rt_entry_li                            0x080001b9   Thumb Code     0  __rtentry2.o(.ARM.Collect$$rtentry$$0000000A)
    __rt_entry_postsh_1                      0x080001b9   Thumb Code     0  __rtentry2.o(.ARM.Collect$$rtentry$$00000009)
    __rt_entry_main                          0x080001bd   Thumb Code     0  __rtentry2.o(.ARM.Collect$$rtentry$$0000000D)
    __rt_entry_postli_1                      0x080001bd   Thumb Code     0  __rtentry2.o(.ARM.Collect$$rtentry$$0000000C)
    __rt_exit                                0x080001c5   Thumb Code     0  rtexit.o(.ARM.Collect$$rtexit$$00000000)
    __rt_exit_ls                             0x080001c7   Thumb Code     0  rtexit2.o(.ARM.Collect$$rtexit$$00000003)
    __rt_exit_prels_1                        0x080001c7   Thumb Code     0  rtexit2.o(.ARM.Collect$$rtexit$$00000002)
    __rt_exit_exit                           0x080001cb   Thumb Code     0  rtexit2.o(.ARM.Collect$$rtexit$$00000004)
    Reset_Handler                            0x080001d1   Thumb Code     8  startup_stm32f10x_md.o(.text)
    ADC1_2_IRQHandler                        0x080001eb   Thumb Code     0  startup_stm32f10x_md.o(.text)
    CAN1_RX1_IRQHandler                      0x080001eb   Thumb Code     0  startup_stm32f10x_md.o(.text)
    CAN1_SCE_IRQHandler                      0x080001eb   Thumb Code     0  startup_stm32f10x_md.o(.text)
    DMA1_Channel1_IRQHandler                 0x080001eb   Thumb Code     0  startup_stm32f10x_md.o(.text)
    DMA1_Channel2_IRQHandler                 0x080001eb   Thumb Code     0  startup_stm32f10x_md.o(.text)
    DMA1_Channel3_IRQHandler                 0x080001eb   Thumb Code     0  startup_stm32f10x_md.o(.text)
    DMA1_Channel4_IRQHandler                 0x080001eb   Thumb Code     0  startup_stm32f10x_md.o(.text)
    DMA1_Channel5_IRQHandler                 0x080001eb   Thumb Code     0  startup_stm32f10x_md.o(.text)
    DMA1_Channel6_IRQHandler                 0x080001eb   Thumb Code     0  startup_stm32f10x_md.o(.text)
    DMA1_Channel7_IRQHandler                 0x080001eb   Thumb Code     0  startup_stm32f10x_md.o(.text)
    EXTI0_IRQHandler                         0x080001eb   Thumb Code     0  startup_stm32f10x_md.o(.text)
    EXTI15_10_IRQHandler                     0x080001eb   Thumb Code     0  startup_stm32f10x_md.o(.text)
    EXTI1_IRQHandler                         0x080001eb   Thumb Code     0  startup_stm32f10x_md.o(.text)
    EXTI2_IRQHandler                         0x080001eb   Thumb Code     0  startup_stm32f10x_md.o(.text)
    EXTI3_IRQHandler                         0x080001eb   Thumb Code     0  startup_stm32f10x_md.o(.text)
    EXTI4_IRQHandler                         0x080001eb   Thumb Code     0  startup_stm32f10x_md.o(.text)
    EXTI9_5_IRQHandler                       0x080001eb   Thumb Code     0  startup_stm32f10x_md.o(.text)
    FLASH_IRQHandler                         0x080001eb   Thumb Code     0  startup_stm32f10x_md.o(.text)
    I2C1_ER_IRQHandler                       0x080001eb   Thumb Code     0  startup_stm32f10x_md.o(.text)
    I2C1_EV_IRQHandler                       0x080001eb   Thumb Code     0  startup_stm32f10x_md.o(.text)
    I2C2_ER_IRQHandler                       0x080001eb   Thumb Code     0  startup_stm32f10x_md.o(.text)
    I2C2_EV_IRQHandler                       0x080001eb   Thumb Code     0  startup_stm32f10x_md.o(.text)
    PVD_IRQHandler                           0x080001eb   Thumb Code     0  startup_stm32f10x_md.o(.text)
    RCC_IRQHandler                           0x080001eb   Thumb Code     0  startup_stm32f10x_md.o(.text)
    RTCAlarm_IRQHandler                      0x080001eb   Thumb Code     0  startup_stm32f10x_md.o(.text)
    RTC_IRQHandler                           0x080001eb   Thumb Code     0  startup_stm32f10x_md.o(.text)
    SPI1_IRQHandler                          0x080001eb   Thumb Code     0  startup_stm32f10x_md.o(.text)
    SPI2_IRQHandler                          0x080001eb   Thumb Code     0  startup_stm32f10x_md.o(.text)
    TAMPER_IRQHandler                        0x080001eb   Thumb Code     0  startup_stm32f10x_md.o(.text)
    TIM1_BRK_IRQHandler                      0x080001eb   Thumb Code     0  startup_stm32f10x_md.o(.text)
    TIM1_CC_IRQHandler                       0x080001eb   Thumb Code     0  startup_stm32f10x_md.o(.text)
    TIM1_TRG_COM_IRQHandler                  0x080001eb   Thumb Code     0  startup_stm32f10x_md.o(.text)
    TIM1_UP_IRQHandler                       0x080001eb   Thumb Code     0  startup_stm32f10x_md.o(.text)
    TIM2_IRQHandler                          0x080001eb   Thumb Code     0  startup_stm32f10x_md.o(.text)
    TIM3_IRQHandler                          0x080001eb   Thumb Code     0  startup_stm32f10x_md.o(.text)
    TIM4_IRQHandler                          0x080001eb   Thumb Code     0  startup_stm32f10x_md.o(.text)
    USART1_IRQHandler                        0x080001eb   Thumb Code     0  startup_stm32f10x_md.o(.text)
    USART2_IRQHandler                        0x080001eb   Thumb Code     0  startup_stm32f10x_md.o(.text)
    USART3_IRQHandler                        0x080001eb   Thumb Code     0  startup_stm32f10x_md.o(.text)
    USBWakeUp_IRQHandler                     0x080001eb   Thumb Code     0  startup_stm32f10x_md.o(.text)
    USB_HP_CAN1_TX_IRQHandler                0x080001eb   Thumb Code     0  startup_stm32f10x_md.o(.text)
    USB_LP_CAN1_RX0_IRQHandler               0x080001eb   Thumb Code     0  startup_stm32f10x_md.o(.text)
    WWDG_IRQHandler                          0x080001eb   Thumb Code     0  startup_stm32f10x_md.o(.text)
    __user_initial_stackheap                 0x080001ed   Thumb Code     0  startup_stm32f10x_md.o(.text)
    __2sprintf                               0x08000211   Thumb Code    34  noretval__2sprintf.o(.text)
    _printf_pre_padding                      0x08000239   Thumb Code    44  _printf_pad.o(.text)
    _printf_post_padding                     0x08000265   Thumb Code    34  _printf_pad.o(.text)
    _printf_int_dec                          0x08000289   Thumb Code   104  _printf_dec.o(.text)
    __printf                                 0x08000301   Thumb Code   308  __printf_flags_wp.o(.text)
    strlen                                   0x08000439   Thumb Code    62  strlen.o(.text)
    __aeabi_memclr                           0x08000477   Thumb Code     0  rt_memclr.o(.text)
    __rt_memclr                              0x08000477   Thumb Code    68  rt_memclr.o(.text)
    _memset                                  0x0800047b   Thumb Code     0  rt_memclr.o(.text)
    __aeabi_memclr4                          0x080004bb   Thumb Code     0  rt_memclr_w.o(.text)
    __aeabi_memclr8                          0x080004bb   Thumb Code     0  rt_memclr_w.o(.text)
    __rt_memclr_w                            0x080004bb   Thumb Code    78  rt_memclr_w.o(.text)
    _memset_w                                0x080004bf   Thumb Code     0  rt_memclr_w.o(.text)
    __use_two_region_memory                  0x08000509   Thumb Code     2  heapauxi.o(.text)
    __rt_heap_escrow$2region                 0x0800050b   Thumb Code     2  heapauxi.o(.text)
    __rt_heap_expand$2region                 0x0800050d   Thumb Code     2  heapauxi.o(.text)
    _printf_int_common                       0x0800050f   Thumb Code   178  _printf_intcommon.o(.text)
    _printf_char_common                      0x080005cb   Thumb Code    32  _printf_char_common.o(.text)
    _sputc                                   0x080005f1   Thumb Code    10  _sputc.o(.text)
    __user_setup_stackheap                   0x080005fb   Thumb Code    74  sys_stackheap_outer.o(.text)
    exit                                     0x08000645   Thumb Code    18  exit.o(.text)
    __user_libspace                          0x08000659   Thumb Code     8  libspace.o(.text)
    __user_perproc_libspace                  0x08000659   Thumb Code     0  libspace.o(.text)
    __user_perthread_libspace                0x08000659   Thumb Code     0  libspace.o(.text)
    _sys_exit                                0x08000661   Thumb Code     8  sys_exit.o(.text)
    __I$use$semihosting                      0x0800066d   Thumb Code     0  use_no_semi.o(.text)
    __use_no_semihosting_swi                 0x0800066d   Thumb Code     2  use_no_semi.o(.text)
    BusFault_Handler                         0x0800066f   Thumb Code     2  stm32f10x_it.o(i.BusFault_Handler)
    __semihosting_library_function           0x0800066f   Thumb Code     0  indicate_semi.o(.text)
    Creat_Childv2_Menu                       0x08000671   Thumb Code   448  menu.o(i.Creat_Childv2_Menu)
    DebugMon_Handler                         0x08000839   Thumb Code     2  stm32f10x_it.o(i.DebugMon_Handler)
    Delay_ms                                 0x0800083b   Thumb Code    22  delay.o(i.Delay_ms)
    Delay_us                                 0x08000851   Thumb Code    32  delay.o(i.Delay_us)
    GPIO_Init                                0x08000871   Thumb Code   162  stm32f10x_gpio.o(i.GPIO_Init)
    GPIO_ReadInputDataBit                    0x08000913   Thumb Code    14  stm32f10x_gpio.o(i.GPIO_ReadInputDataBit)
    HardFault_Handler                        0x08000921   Thumb Code     2  stm32f10x_it.o(i.HardFault_Handler)
    I2C_CheckEvent                           0x08000923   Thumb Code    24  stm32f10x_i2c.o(i.I2C_CheckEvent)
    I2C_Cmd                                  0x0800093b   Thumb Code    20  stm32f10x_i2c.o(i.I2C_Cmd)
    I2C_Config                               0x08000951   Thumb Code    70  u8x8_byte.o(i.I2C_Config)
    I2C_GenerateSTART                        0x0800099d   Thumb Code    20  stm32f10x_i2c.o(i.I2C_GenerateSTART)
    I2C_GenerateSTOP                         0x080009b1   Thumb Code    20  stm32f10x_i2c.o(i.I2C_GenerateSTOP)
    I2C_GetFlagStatus                        0x080009c5   Thumb Code    42  stm32f10x_i2c.o(i.I2C_GetFlagStatus)
    I2C_Init                                 0x080009f1   Thumb Code   178  stm32f10x_i2c.o(i.I2C_Init)
    I2C_Send7bitAddress                      0x08000aad   Thumb Code    16  stm32f10x_i2c.o(i.I2C_Send7bitAddress)
    I2C_SendData                             0x08000abd   Thumb Code     4  stm32f10x_i2c.o(i.I2C_SendData)
    Key_GetNum                               0x08000ac1   Thumb Code   182  key.o(i.Key_GetNum)
    Key_Init                                 0x08000b7d   Thumb Code    40  key.o(i.Key_Init)
    MemManage_Handler                        0x08000ba9   Thumb Code     2  stm32f10x_it.o(i.MemManage_Handler)
    Menu_To_X_Display                        0x08000bad   Thumb Code   398  menu.o(i.Menu_To_X_Display)
    MyTimeFun                                0x08000d59   Thumb Code    42  menu.o(i.MyTimeFun)
    MyTimeSecondRun                          0x08000d89   Thumb Code    26  menu.o(i.MyTimeSecondRun)
    NMI_Handler                              0x08000da9   Thumb Code     2  stm32f10x_it.o(i.NMI_Handler)
    NVIC_Init                                0x08000dad   Thumb Code    94  misc.o(i.NVIC_Init)
    NVIC_PriorityGroupConfig                 0x08000e11   Thumb Code    10  misc.o(i.NVIC_PriorityGroupConfig)
    PendSV_Handler                           0x08000e25   Thumb Code     2  stm32f10x_it.o(i.PendSV_Handler)
    RCC_APB1PeriphClockCmd                   0x08000e29   Thumb Code    18  stm32f10x_rcc.o(i.RCC_APB1PeriphClockCmd)
    RCC_APB2PeriphClockCmd                   0x08000e41   Thumb Code    18  stm32f10x_rcc.o(i.RCC_APB2PeriphClockCmd)
    RCC_GetClocksFreq                        0x08000e59   Thumb Code   128  stm32f10x_rcc.o(i.RCC_GetClocksFreq)
    SVC_Handler                              0x08000ee9   Thumb Code     2  stm32f10x_it.o(i.SVC_Handler)
    Show_MainPage                            0x08000f95   Thumb Code   146  menu.o(i.Show_MainPage)
    Show_Menu                                0x08001059   Thumb Code   452  menu.o(i.Show_Menu)
    Show_MenuRE                              0x08001231   Thumb Code    34  menu.o(i.Show_MenuRE)
    Show_Menu_Config                         0x08001259   Thumb Code   116  menu.o(i.Show_Menu_Config)
    SysTick_Handler                          0x080012dd   Thumb Code     2  stm32f10x_it.o(i.SysTick_Handler)
    SystemInit                               0x080012e1   Thumb Code    64  system_stm32f10x.o(i.SystemInit)
    UIConnect                                0x08001331   Thumb Code    24  menu.o(i.UIConnect)
    USART_Cmd                                0x0800134d   Thumb Code    20  stm32f10x_usart.o(i.USART_Cmd)
    USART_Config                             0x08001361   Thumb Code   168  usar1t.o(i.USART_Config)
    USART_ITConfig                           0x08001411   Thumb Code    48  stm32f10x_usart.o(i.USART_ITConfig)
    USART_Init                               0x08001441   Thumb Code   166  stm32f10x_usart.o(i.USART_Init)
    UsageFault_Handler                       0x080014ed   Thumb Code     2  stm32f10x_it.o(i.UsageFault_Handler)
    X_To_Menu_Display                        0x080014f1   Thumb Code   390  menu.o(i.X_To_Menu_Display)
    _is_digit                                0x08001695   Thumb Code    14  __printf_wp.o(i._is_digit)
    main                                     0x080016a5   Thumb Code    60  main.o(i.main)
    u8g2_ClearBuffer                         0x080016e9   Thumb Code    18  u8g2_buffer.o(i.u8g2_ClearBuffer)
    u8g2_Config                              0x080016fd   Thumb Code    38  main.o(i.u8g2_Config)
    u8g2_DrawFrame                           0x08001735   Thumb Code   136  u8g2_box.o(i.u8g2_DrawFrame)
    u8g2_DrawGlyph                           0x080017bd   Thumb Code   112  u8g2_font.o(i.u8g2_DrawGlyph)
    u8g2_DrawHLine                           0x0800182d   Thumb Code    12  u8g2_hvline.o(i.u8g2_DrawHLine)
    u8g2_DrawHVLine                          0x08001839   Thumb Code   172  u8g2_hvline.o(i.u8g2_DrawHVLine)
    u8g2_DrawHXBM                            0x080018e5   Thumb Code   148  u8g2_bitmap.o(i.u8g2_DrawHXBM)
    u8g2_DrawLine                            0x08001979   Thumb Code   178  u8g2_line.o(i.u8g2_DrawLine)
    u8g2_DrawPixel                           0x08001a2b   Thumb Code    46  u8g2_hvline.o(i.u8g2_DrawPixel)
    u8g2_DrawStr                             0x08001a59   Thumb Code    12  u8g2_font.o(i.u8g2_DrawStr)
    u8g2_DrawXBM                             0x08001a69   Thumb Code    76  u8g2_bitmap.o(i.u8g2_DrawXBM)
    u8g2_IsIntersection                      0x08001ab5   Thumb Code    48  u8g2_intersection.o(i.u8g2_IsIntersection)
    u8g2_SendBuffer                          0x08001ae5   Thumb Code    18  u8g2_buffer.o(i.u8g2_SendBuffer)
    u8g2_SetFont                             0x08001af7   Thumb Code    32  u8g2_font.o(i.u8g2_SetFont)
    u8g2_SetFontDirection                    0x08001b17   Thumb Code     6  u8g2_font.o(i.u8g2_SetFontDirection)
    u8g2_SetFontMode                         0x08001b1d   Thumb Code     6  u8g2_font.o(i.u8g2_SetFontMode)
    u8g2_SetFontPosBaseline                  0x08001b25   Thumb Code     6  u8g2_font.o(i.u8g2_SetFontPosBaseline)
    u8g2_SetMaxClipWindow                    0x08001b31   Thumb Code    28  u8g2_setup.o(i.u8g2_SetMaxClipWindow)
    u8g2_SetupBuffer                         0x08001b4d   Thumb Code    70  u8g2_setup.o(i.u8g2_SetupBuffer)
    u8g2_Setup_ssd1306_i2c_128x64_noname_f   0x08001b95   Thumb Code    42  u8g2_d_setup.o(i.u8g2_Setup_ssd1306_i2c_128x64_noname_f)
    u8g2_UpdateRefHeight                     0x08001bcd   Thumb Code    82  u8g2_font.o(i.u8g2_UpdateRefHeight)
    u8g2_add_vector_x                        0x08001c1f   Thumb Code    28  u8g2_font.o(i.u8g2_add_vector_x)
    u8g2_add_vector_y                        0x08001c3b   Thumb Code    28  u8g2_font.o(i.u8g2_add_vector_y)
    u8g2_draw_hv_line_2dir                   0x08001d01   Thumb Code    18  u8g2_hvline.o(i.u8g2_draw_hv_line_2dir)
    u8g2_draw_l90_r0                         0x08001d13   Thumb Code    12  u8g2_setup.o(i.u8g2_draw_l90_r0)
    u8g2_font_calc_vref_font                 0x08001d95   Thumb Code     4  u8g2_font.o(i.u8g2_font_calc_vref_font)
    u8g2_font_decode_get_signed_bits         0x08001d99   Thumb Code    20  u8g2_font.o(i.u8g2_font_decode_get_signed_bits)
    u8g2_font_decode_get_unsigned_bits       0x08001dad   Thumb Code    52  u8g2_font.o(i.u8g2_font_decode_get_unsigned_bits)
    u8g2_font_decode_glyph                   0x08001de1   Thumb Code   276  u8g2_font.o(i.u8g2_font_decode_glyph)
    u8g2_font_decode_len                     0x08001ef5   Thumb Code   140  u8g2_font.o(i.u8g2_font_decode_len)
    u8g2_font_get_glyph_data                 0x08001f81   Thumb Code   114  u8g2_font.o(i.u8g2_font_get_glyph_data)
    u8g2_gpio_and_delay_stm32                0x0800203b   Thumb Code    66  mui_u8g2.o(i.u8g2_gpio_and_delay_stm32)
    u8g2_is_intersection_decision_tree       0x0800207d   Thumb Code    24  u8g2_intersection.o(i.u8g2_is_intersection_decision_tree)
    u8g2_ll_hvline_vertical_top_lsb          0x08002095   Thumb Code   144  u8g2_ll_hvline.o(i.u8g2_ll_hvline_vertical_top_lsb)
    u8g2_m_16_8_f                            0x08002125   Thumb Code     8  u8g2_d_memory.o(i.u8g2_m_16_8_f)
    u8g2_read_font_info                      0x08002131   Thumb Code   106  u8g2_font.o(i.u8g2_read_font_info)
    u8g2_update_dimension_r0                 0x0800222f   Thumb Code     4  u8g2_setup.o(i.u8g2_update_dimension_r0)
    u8g2_update_page_win_r0                  0x08002233   Thumb Code    34  u8g2_setup.o(i.u8g2_update_page_win_r0)
    u8x8_DrawTile                            0x08002255   Thumb Code    30  u8x8_display.o(i.u8x8_DrawTile)
    u8x8_InitDisplay                         0x08002273   Thumb Code    16  u8x8_display.o(i.u8x8_InitDisplay)
    u8x8_RefreshDisplay                      0x08002283   Thumb Code    16  u8x8_display.o(i.u8x8_RefreshDisplay)
    u8x8_SetPowerSave                        0x08002293   Thumb Code    16  u8x8_display.o(i.u8x8_SetPowerSave)
    u8x8_Setup                               0x080022a3   Thumb Code    34  u8x8_setup.o(i.u8x8_Setup)
    u8x8_SetupDefaults                       0x080022c5   Thumb Code    32  u8x8_setup.o(i.u8x8_SetupDefaults)
    u8x8_SetupMemory                         0x080022e9   Thumb Code    16  u8x8_display.o(i.u8x8_SetupMemory)
    u8x8_ascii_next                          0x080022f9   Thumb Code    14  u8x8_8x8.o(i.u8x8_ascii_next)
    u8x8_byte_EndTransfer                    0x08002307   Thumb Code    16  u8x8_byte.o(i.u8x8_byte_EndTransfer)
    u8x8_byte_SendByte                       0x08002317   Thumb Code    14  u8x8_byte.o(i.u8x8_byte_SendByte)
    u8x8_byte_StartTransfer                  0x08002325   Thumb Code    16  u8x8_byte.o(i.u8x8_byte_StartTransfer)
    u8x8_byte_hw_i2c                         0x08002335   Thumb Code   218  u8x8_byte.o(i.u8x8_byte_hw_i2c)
    u8x8_cad_EndTransfer                     0x08002421   Thumb Code    16  u8x8_cad.o(i.u8x8_cad_EndTransfer)
    u8x8_cad_SendArg                         0x08002431   Thumb Code    16  u8x8_cad.o(i.u8x8_cad_SendArg)
    u8x8_cad_SendCmd                         0x08002441   Thumb Code    16  u8x8_cad.o(i.u8x8_cad_SendCmd)
    u8x8_cad_SendData                        0x08002451   Thumb Code    16  u8x8_cad.o(i.u8x8_cad_SendData)
    u8x8_cad_SendSequence                    0x08002461   Thumb Code   104  u8x8_cad.o(i.u8x8_cad_SendSequence)
    u8x8_cad_StartTransfer                   0x080024c9   Thumb Code    16  u8x8_cad.o(i.u8x8_cad_StartTransfer)
    u8x8_cad_ssd13xx_fast_i2c                0x080024d9   Thumb Code   182  u8x8_cad.o(i.u8x8_cad_ssd13xx_fast_i2c)
    u8x8_d_helper_display_init               0x08002595   Thumb Code    96  u8x8_display.o(i.u8x8_d_helper_display_init)
    u8x8_d_helper_display_setup_memory       0x080025f5   Thumb Code    10  u8x8_display.o(i.u8x8_d_helper_display_setup_memory)
    u8x8_d_ssd1306_128x64_noname             0x08002601   Thumb Code    52  u8x8_d_ssd1306_128x64_noname.o(i.u8x8_d_ssd1306_128x64_noname)
    u8x8_dummy_cb                            0x08002705   Thumb Code     4  u8x8_setup.o(i.u8x8_dummy_cb)
    u8x8_gpio_call                           0x08002709   Thumb Code    12  u8x8_gpio.o(i.u8x8_gpio_call)
    u8x8_utf8_init                           0x08002741   Thumb Code     8  u8x8_8x8.o(i.u8x8_utf8_init)
    ui_left_one_Picture                      0x08002749   Thumb Code     8  menu.o(i.ui_left_one_Picture)
    ui_right_one_Picture                     0x08002751   Thumb Code     8  menu.o(i.ui_right_one_Picture)
    ui_run                                   0x08002759   Thumb Code    48  menu.o(i.ui_run)
    u8g2_font_spleen6x12_mf                  0x08002788   Data        2683  u8g2_fonts.o(.constdata)
    u8g2_font_helvR12_tr                     0x08003203   Data        1465  u8g2_fonts.o(.constdata)
    u8g2_font_ncenB14_tr                     0x080037bc   Data        2088  u8g2_fonts.o(.constdata)
    u8g2_cb_r0                               0x08003fe4   Data          12  u8g2_setup.o(.constdata)
    game                                     0x08004148   Data         128  menu.o(.constdata)
    wechat                                   0x080041c8   Data         128  menu.o(.constdata)
    setting                                  0x08004248   Data         128  menu.o(.constdata)
    arrowhead                                0x080042c8   Data         200  menu.o(.constdata)
    words                                    0x08004390   Data          30  menu.o(.constdata)
    Region$$Table$$Base                      0x080044bc   Number         0  anon$$obj.o(Region$$Table)
    Region$$Table$$Limit                     0x080044dc   Number         0  anon$$obj.o(Region$$Table)
    Game_Menu_Flag                           0x2000001d   Data           1  menu.o(.data)
    MainMenuQuantity                         0x2000001e   Data           1  menu.o(.data)
    circle_num                               0x20000028   Data           1  menu.o(.data)
    KeyNum                                   0x20000029   Data           1  menu.o(.data)
    MenuStatus                               0x2000002a   Data           1  menu.o(.data)
    display                                  0x2000002c   Data           2  menu.o(.data)
    myTime                                   0x20000034   Data           8  menu.o(.data)
    MainMenu_Config                          0x2000003c   Data          48  menu.o(.data)
    GameMune                                 0x2000006c   Data          80  menu.o(.data)
    SettingMune                              0x200000bc   Data          80  menu.o(.data)
    GameChild4                               0x2000010c   Data          80  menu.o(.data)
    u8g2                                     0x2000015c   Data         148  main.o(.bss)
    __libspace_start                         0x200005f0   Data          96  libspace.o(.bss)
    __temporary_stack_top$libspace           0x20000650   Data           0  libspace.o(.bss)



==============================================================================

Memory Map of the image

  Image Entry point : 0x080000ed

  Load Region LR_IROM1 (Base: 0x08000000, Size: 0x00004638, Max: 0x00010000, ABSOLUTE, COMPRESSED[0x00004548])

    Execution Region ER_IROM1 (Base: 0x08000000, Size: 0x000044dc, Max: 0x00010000, ABSOLUTE)

    Base Addr    Size         Type   Attr      Idx    E Section Name        Object

    0x08000000   0x000000ec   Data   RO           19    RESET               startup_stm32f10x_md.o
    0x080000ec   0x00000008   Code   RO         8397  * !!!main             c_w.l(__main.o)
    0x080000f4   0x00000034   Code   RO         8565    !!!scatter          c_w.l(__scatter.o)
    0x08000128   0x0000005a   Code   RO         8563    !!dczerorl2         c_w.l(__dczerorl2.o)
    0x08000182   0x00000002   PAD
    0x08000184   0x0000001c   Code   RO         8567    !!handler_zi        c_w.l(__scatter_zi.o)
    0x080001a0   0x00000000   Code   RO         8388    .ARM.Collect$$_printf_percent$$00000000  c_w.l(_printf_percent.o)
    0x080001a0   0x00000006   Code   RO         8387    .ARM.Collect$$_printf_percent$$00000009  c_w.l(_printf_d.o)
    0x080001a6   0x00000004   Code   RO         8406    .ARM.Collect$$_printf_percent$$00000017  c_w.l(_printf_percent_end.o)
    0x080001aa   0x00000002   Code   RO         8433    .ARM.Collect$$libinit$$00000000  c_w.l(libinit.o)
    0x080001ac   0x00000000   Code   RO         8440    .ARM.Collect$$libinit$$00000002  c_w.l(libinit2.o)
    0x080001ac   0x00000000   Code   RO         8442    .ARM.Collect$$libinit$$00000004  c_w.l(libinit2.o)
    0x080001ac   0x00000000   Code   RO         8445    .ARM.Collect$$libinit$$0000000A  c_w.l(libinit2.o)
    0x080001ac   0x00000000   Code   RO         8447    .ARM.Collect$$libinit$$0000000C  c_w.l(libinit2.o)
    0x080001ac   0x00000000   Code   RO         8449    .ARM.Collect$$libinit$$0000000E  c_w.l(libinit2.o)
    0x080001ac   0x00000000   Code   RO         8452    .ARM.Collect$$libinit$$00000011  c_w.l(libinit2.o)
    0x080001ac   0x00000000   Code   RO         8454    .ARM.Collect$$libinit$$00000013  c_w.l(libinit2.o)
    0x080001ac   0x00000000   Code   RO         8456    .ARM.Collect$$libinit$$00000015  c_w.l(libinit2.o)
    0x080001ac   0x00000000   Code   RO         8458    .ARM.Collect$$libinit$$00000017  c_w.l(libinit2.o)
    0x080001ac   0x00000000   Code   RO         8460    .ARM.Collect$$libinit$$00000019  c_w.l(libinit2.o)
    0x080001ac   0x00000000   Code   RO         8462    .ARM.Collect$$libinit$$0000001B  c_w.l(libinit2.o)
    0x080001ac   0x00000000   Code   RO         8464    .ARM.Collect$$libinit$$0000001D  c_w.l(libinit2.o)
    0x080001ac   0x00000000   Code   RO         8466    .ARM.Collect$$libinit$$0000001F  c_w.l(libinit2.o)
    0x080001ac   0x00000000   Code   RO         8468    .ARM.Collect$$libinit$$00000021  c_w.l(libinit2.o)
    0x080001ac   0x00000000   Code   RO         8470    .ARM.Collect$$libinit$$00000023  c_w.l(libinit2.o)
    0x080001ac   0x00000000   Code   RO         8472    .ARM.Collect$$libinit$$00000025  c_w.l(libinit2.o)
    0x080001ac   0x00000000   Code   RO         8476    .ARM.Collect$$libinit$$0000002C  c_w.l(libinit2.o)
    0x080001ac   0x00000000   Code   RO         8478    .ARM.Collect$$libinit$$0000002E  c_w.l(libinit2.o)
    0x080001ac   0x00000000   Code   RO         8480    .ARM.Collect$$libinit$$00000030  c_w.l(libinit2.o)
    0x080001ac   0x00000000   Code   RO         8482    .ARM.Collect$$libinit$$00000032  c_w.l(libinit2.o)
    0x080001ac   0x00000002   Code   RO         8483    .ARM.Collect$$libinit$$00000033  c_w.l(libinit2.o)
    0x080001ae   0x00000002   Code   RO         8503    .ARM.Collect$$libshutdown$$00000000  c_w.l(libshutdown.o)
    0x080001b0   0x00000000   Code   RO         8516    .ARM.Collect$$libshutdown$$00000002  c_w.l(libshutdown2.o)
    0x080001b0   0x00000000   Code   RO         8518    .ARM.Collect$$libshutdown$$00000004  c_w.l(libshutdown2.o)
    0x080001b0   0x00000000   Code   RO         8521    .ARM.Collect$$libshutdown$$00000007  c_w.l(libshutdown2.o)
    0x080001b0   0x00000000   Code   RO         8524    .ARM.Collect$$libshutdown$$0000000A  c_w.l(libshutdown2.o)
    0x080001b0   0x00000000   Code   RO         8526    .ARM.Collect$$libshutdown$$0000000C  c_w.l(libshutdown2.o)
    0x080001b0   0x00000000   Code   RO         8529    .ARM.Collect$$libshutdown$$0000000F  c_w.l(libshutdown2.o)
    0x080001b0   0x00000002   Code   RO         8530    .ARM.Collect$$libshutdown$$00000010  c_w.l(libshutdown2.o)
    0x080001b2   0x00000000   Code   RO         8399    .ARM.Collect$$rtentry$$00000000  c_w.l(__rtentry.o)
    0x080001b2   0x00000000   Code   RO         8408    .ARM.Collect$$rtentry$$00000002  c_w.l(__rtentry2.o)
    0x080001b2   0x00000006   Code   RO         8420    .ARM.Collect$$rtentry$$00000004  c_w.l(__rtentry4.o)
    0x080001b8   0x00000000   Code   RO         8410    .ARM.Collect$$rtentry$$00000009  c_w.l(__rtentry2.o)
    0x080001b8   0x00000004   Code   RO         8411    .ARM.Collect$$rtentry$$0000000A  c_w.l(__rtentry2.o)
    0x080001bc   0x00000000   Code   RO         8413    .ARM.Collect$$rtentry$$0000000C  c_w.l(__rtentry2.o)
    0x080001bc   0x00000008   Code   RO         8414    .ARM.Collect$$rtentry$$0000000D  c_w.l(__rtentry2.o)
    0x080001c4   0x00000002   Code   RO         8437    .ARM.Collect$$rtexit$$00000000  c_w.l(rtexit.o)
    0x080001c6   0x00000000   Code   RO         8485    .ARM.Collect$$rtexit$$00000002  c_w.l(rtexit2.o)
    0x080001c6   0x00000004   Code   RO         8486    .ARM.Collect$$rtexit$$00000003  c_w.l(rtexit2.o)
    0x080001ca   0x00000006   Code   RO         8487    .ARM.Collect$$rtexit$$00000004  c_w.l(rtexit2.o)
    0x080001d0   0x00000040   Code   RO           20    .text               startup_stm32f10x_md.o
    0x08000210   0x00000028   Code   RO         8359    .text               c_w.l(noretval__2sprintf.o)
    0x08000238   0x0000004e   Code   RO         8363    .text               c_w.l(_printf_pad.o)
    0x08000286   0x00000002   PAD
    0x08000288   0x00000078   Code   RO         8365    .text               c_w.l(_printf_dec.o)
    0x08000300   0x00000138   Code   RO         8379    .text               c_w.l(__printf_flags_wp.o)
    0x08000438   0x0000003e   Code   RO         8389    .text               c_w.l(strlen.o)
    0x08000476   0x00000044   Code   RO         8391    .text               c_w.l(rt_memclr.o)
    0x080004ba   0x0000004e   Code   RO         8393    .text               c_w.l(rt_memclr_w.o)
    0x08000508   0x00000006   Code   RO         8395    .text               c_w.l(heapauxi.o)
    0x0800050e   0x000000b2   Code   RO         8400    .text               c_w.l(_printf_intcommon.o)
    0x080005c0   0x00000030   Code   RO         8402    .text               c_w.l(_printf_char_common.o)
    0x080005f0   0x0000000a   Code   RO         8404    .text               c_w.l(_sputc.o)
    0x080005fa   0x0000004a   Code   RO         8424    .text               c_w.l(sys_stackheap_outer.o)
    0x08000644   0x00000012   Code   RO         8426    .text               c_w.l(exit.o)
    0x08000656   0x00000002   PAD
    0x08000658   0x00000008   Code   RO         8434    .text               c_w.l(libspace.o)
    0x08000660   0x0000000c   Code   RO         8495    .text               c_w.l(sys_exit.o)
    0x0800066c   0x00000002   Code   RO         8506    .text               c_w.l(use_no_semi.o)
    0x0800066e   0x00000000   Code   RO         8508    .text               c_w.l(indicate_semi.o)
    0x0800066e   0x00000002   Code   RO         3231    i.BusFault_Handler  stm32f10x_it.o
    0x08000670   0x000001c8   Code   RO         8195    i.Creat_Childv2_Menu  menu.o
    0x08000838   0x00000002   Code   RO         3232    i.DebugMon_Handler  stm32f10x_it.o
    0x0800083a   0x00000016   Code   RO         3294    i.Delay_ms          delay.o
    0x08000850   0x00000020   Code   RO         3296    i.Delay_us          delay.o
    0x08000870   0x000000a2   Code   RO         1340    i.GPIO_Init         stm32f10x_gpio.o
    0x08000912   0x0000000e   Code   RO         1344    i.GPIO_ReadInputDataBit  stm32f10x_gpio.o
    0x08000920   0x00000002   Code   RO         3233    i.HardFault_Handler  stm32f10x_it.o
    0x08000922   0x00000018   Code   RO         1454    i.I2C_CheckEvent    stm32f10x_i2c.o
    0x0800093a   0x00000014   Code   RO         1457    i.I2C_Cmd           stm32f10x_i2c.o
    0x0800094e   0x00000002   PAD
    0x08000950   0x0000004c   Code   RO         7169    i.I2C_Config        u8x8_byte.o
    0x0800099c   0x00000014   Code   RO         1464    i.I2C_GenerateSTART  stm32f10x_i2c.o
    0x080009b0   0x00000014   Code   RO         1465    i.I2C_GenerateSTOP  stm32f10x_i2c.o
    0x080009c4   0x0000002a   Code   RO         1466    i.I2C_GetFlagStatus  stm32f10x_i2c.o
    0x080009ee   0x00000002   PAD
    0x080009f0   0x000000bc   Code   RO         1471    i.I2C_Init          stm32f10x_i2c.o
    0x08000aac   0x00000010   Code   RO         1478    i.I2C_Send7bitAddress  stm32f10x_i2c.o
    0x08000abc   0x00000004   Code   RO         1479    i.I2C_SendData      stm32f10x_i2c.o
    0x08000ac0   0x000000bc   Code   RO         8030    i.Key_GetNum        key.o
    0x08000b7c   0x0000002c   Code   RO         8031    i.Key_Init          key.o
    0x08000ba8   0x00000002   Code   RO         3234    i.MemManage_Handler  stm32f10x_it.o
    0x08000baa   0x00000002   PAD
    0x08000bac   0x000001ac   Code   RO         8196    i.Menu_To_X_Display  menu.o
    0x08000d58   0x00000030   Code   RO         8197    i.MyTimeFun         menu.o
    0x08000d88   0x00000020   Code   RO         8198    i.MyTimeSecondRun   menu.o
    0x08000da8   0x00000002   Code   RO         3235    i.NMI_Handler       stm32f10x_it.o
    0x08000daa   0x00000002   PAD
    0x08000dac   0x00000064   Code   RO          132    i.NVIC_Init         misc.o
    0x08000e10   0x00000014   Code   RO          133    i.NVIC_PriorityGroupConfig  misc.o
    0x08000e24   0x00000002   Code   RO         3236    i.PendSV_Handler    stm32f10x_it.o
    0x08000e26   0x00000002   PAD
    0x08000e28   0x00000018   Code   RO         1768    i.RCC_APB1PeriphClockCmd  stm32f10x_rcc.o
    0x08000e40   0x00000018   Code   RO         1770    i.RCC_APB2PeriphClockCmd  stm32f10x_rcc.o
    0x08000e58   0x00000090   Code   RO         1778    i.RCC_GetClocksFreq  stm32f10x_rcc.o
    0x08000ee8   0x00000002   Code   RO         3237    i.SVC_Handler       stm32f10x_it.o
    0x08000eea   0x00000002   PAD
    0x08000eec   0x000000a8   Code   RO           24    i.SetSysClockTo72   system_stm32f10x.o
    0x08000f94   0x000000c4   Code   RO         8199    i.Show_MainPage     menu.o
    0x08001058   0x000001d8   Code   RO         8200    i.Show_Menu         menu.o
    0x08001230   0x00000028   Code   RO         8201    i.Show_MenuRE       menu.o
    0x08001258   0x00000084   Code   RO         8202    i.Show_Menu_Config  menu.o
    0x080012dc   0x00000002   Code   RO         3238    i.SysTick_Handler   stm32f10x_it.o
    0x080012de   0x00000002   PAD
    0x080012e0   0x00000050   Code   RO           26    i.SystemInit        system_stm32f10x.o
    0x08001330   0x0000001c   Code   RO         8203    i.UIConnect         menu.o
    0x0800134c   0x00000014   Code   RO         2937    i.USART_Cmd         stm32f10x_usart.o
    0x08001360   0x000000b0   Code   RO         8300    i.USART_Config      usar1t.o
    0x08001410   0x00000030   Code   RO         2943    i.USART_ITConfig    stm32f10x_usart.o
    0x08001440   0x000000ac   Code   RO         2944    i.USART_Init        stm32f10x_usart.o
    0x080014ec   0x00000002   Code   RO         3239    i.UsageFault_Handler  stm32f10x_it.o
    0x080014ee   0x00000002   PAD
    0x080014f0   0x000001a4   Code   RO         8204    i.X_To_Menu_Display  menu.o
    0x08001694   0x0000000e   Code   RO         8377    i._is_digit         c_w.l(__printf_wp.o)
    0x080016a2   0x00000002   PAD
    0x080016a4   0x00000044   Code   RO         3173    i.main              main.o
    0x080016e8   0x00000012   Code   RO         4053    i.u8g2_ClearBuffer  u8g2_buffer.o
    0x080016fa   0x00000002   PAD
    0x080016fc   0x00000038   Code   RO         3174    i.u8g2_Config       main.o
    0x08001734   0x00000088   Code   RO         4024    i.u8g2_DrawFrame    u8g2_box.o
    0x080017bc   0x00000070   Code   RO         4256    i.u8g2_DrawGlyph    u8g2_font.o
    0x0800182c   0x0000000c   Code   RO         6510    i.u8g2_DrawHLine    u8g2_hvline.o
    0x08001838   0x000000ac   Code   RO         6511    i.u8g2_DrawHVLine   u8g2_hvline.o
    0x080018e4   0x00000094   Code   RO         3976    i.u8g2_DrawHXBM     u8g2_bitmap.o
    0x08001978   0x000000b2   Code   RO         6608    i.u8g2_DrawLine     u8g2_line.o
    0x08001a2a   0x0000002e   Code   RO         6512    i.u8g2_DrawPixel    u8g2_hvline.o
    0x08001a58   0x00000010   Code   RO         4258    i.u8g2_DrawStr      u8g2_font.o
    0x08001a68   0x0000004c   Code   RO         3979    i.u8g2_DrawXBM      u8g2_bitmap.o
    0x08001ab4   0x00000030   Code   RO         6572    i.u8g2_IsIntersection  u8g2_intersection.o
    0x08001ae4   0x00000012   Code   RO         4056    i.u8g2_SendBuffer   u8g2_buffer.o
    0x08001af6   0x00000020   Code   RO         4274    i.u8g2_SetFont      u8g2_font.o
    0x08001b16   0x00000006   Code   RO         4275    i.u8g2_SetFontDirection  u8g2_font.o
    0x08001b1c   0x00000006   Code   RO         4276    i.u8g2_SetFontMode  u8g2_font.o
    0x08001b22   0x00000002   PAD
    0x08001b24   0x0000000c   Code   RO         4277    i.u8g2_SetFontPosBaseline  u8g2_font.o
    0x08001b30   0x0000001c   Code   RO         6760    i.u8g2_SetMaxClipWindow  u8g2_setup.o
    0x08001b4c   0x00000046   Code   RO         6761    i.u8g2_SetupBuffer  u8g2_setup.o
    0x08001b92   0x00000002   PAD
    0x08001b94   0x00000038   Code   RO         4242    i.u8g2_Setup_ssd1306_i2c_128x64_noname_f  u8g2_d_setup.o
    0x08001bcc   0x00000052   Code   RO         4284    i.u8g2_UpdateRefHeight  u8g2_font.o
    0x08001c1e   0x0000001c   Code   RO         4285    i.u8g2_add_vector_x  u8g2_font.o
    0x08001c3a   0x0000001c   Code   RO         4286    i.u8g2_add_vector_y  u8g2_font.o
    0x08001c56   0x0000006e   Code   RO         6763    i.u8g2_apply_clip_window  u8g2_setup.o
    0x08001cc4   0x0000003c   Code   RO         6515    i.u8g2_clip_intersection2  u8g2_hvline.o
    0x08001d00   0x00000012   Code   RO         6516    i.u8g2_draw_hv_line_2dir  u8g2_hvline.o
    0x08001d12   0x0000000c   Code   RO         6765    i.u8g2_draw_l90_r0  u8g2_setup.o
    0x08001d1e   0x00000076   Code   RO         4287    i.u8g2_draw_string  u8g2_font.o
    0x08001d94   0x00000004   Code   RO         4293    i.u8g2_font_calc_vref_font  u8g2_font.o
    0x08001d98   0x00000014   Code   RO         4295    i.u8g2_font_decode_get_signed_bits  u8g2_font.o
    0x08001dac   0x00000034   Code   RO         4296    i.u8g2_font_decode_get_unsigned_bits  u8g2_font.o
    0x08001de0   0x00000114   Code   RO         4297    i.u8g2_font_decode_glyph  u8g2_font.o
    0x08001ef4   0x0000008c   Code   RO         4298    i.u8g2_font_decode_len  u8g2_font.o
    0x08001f80   0x00000072   Code   RO         4299    i.u8g2_font_get_glyph_data  u8g2_font.o
    0x08001ff2   0x00000014   Code   RO         4300    i.u8g2_font_get_word  u8g2_font.o
    0x08002006   0x00000034   Code   RO         4301    i.u8g2_font_setup_decode  u8g2_font.o
    0x0800203a   0x00000042   Code   RO         3656    i.u8g2_gpio_and_delay_stm32  mui_u8g2.o
    0x0800207c   0x00000018   Code   RO         6573    i.u8g2_is_intersection_decision_tree  u8g2_intersection.o
    0x08002094   0x00000090   Code   RO         6621    i.u8g2_ll_hvline_vertical_top_lsb  u8g2_ll_hvline.o
    0x08002124   0x0000000c   Code   RO         4229    i.u8g2_m_16_8_f     u8g2_d_memory.o
    0x08002130   0x0000006a   Code   RO         4302    i.u8g2_read_font_info  u8g2_font.o
    0x0800219a   0x0000004e   Code   RO         4064    i.u8g2_send_buffer  u8g2_buffer.o
    0x080021e8   0x00000046   Code   RO         6770    i.u8g2_update_dimension_common  u8g2_setup.o
    0x0800222e   0x00000004   Code   RO         6771    i.u8g2_update_dimension_r0  u8g2_setup.o
    0x08002232   0x00000022   Code   RO         6775    i.u8g2_update_page_win_r0  u8g2_setup.o
    0x08002254   0x0000001e   Code   RO         7560    i.u8x8_DrawTile     u8x8_display.o
    0x08002272   0x00000010   Code   RO         7562    i.u8x8_InitDisplay  u8x8_display.o
    0x08002282   0x00000010   Code   RO         7564    i.u8x8_RefreshDisplay  u8x8_display.o
    0x08002292   0x00000010   Code   RO         7567    i.u8x8_SetPowerSave  u8x8_display.o
    0x080022a2   0x00000022   Code   RO         7866    i.u8x8_Setup        u8x8_setup.o
    0x080022c4   0x00000024   Code   RO         7867    i.u8x8_SetupDefaults  u8x8_setup.o
    0x080022e8   0x00000010   Code   RO         7568    i.u8x8_SetupMemory  u8x8_display.o
    0x080022f8   0x0000000e   Code   RO         7055    i.u8x8_ascii_next   u8x8_8x8.o
    0x08002306   0x00000010   Code   RO         7181    i.u8x8_byte_EndTransfer  u8x8_byte.o
    0x08002316   0x0000000e   Code   RO         7182    i.u8x8_byte_SendByte  u8x8_byte.o
    0x08002324   0x00000010   Code   RO         7185    i.u8x8_byte_StartTransfer  u8x8_byte.o
    0x08002334   0x000000ec   Code   RO         7187    i.u8x8_byte_hw_i2c  u8x8_byte.o
    0x08002420   0x00000010   Code   RO         7312    i.u8x8_cad_EndTransfer  u8x8_cad.o
    0x08002430   0x00000010   Code   RO         7313    i.u8x8_cad_SendArg  u8x8_cad.o
    0x08002440   0x00000010   Code   RO         7314    i.u8x8_cad_SendCmd  u8x8_cad.o
    0x08002450   0x00000010   Code   RO         7315    i.u8x8_cad_SendData  u8x8_cad.o
    0x08002460   0x00000068   Code   RO         7317    i.u8x8_cad_SendSequence  u8x8_cad.o
    0x080024c8   0x00000010   Code   RO         7318    i.u8x8_cad_StartTransfer  u8x8_cad.o
    0x080024d8   0x000000bc   Code   RO         7321    i.u8x8_cad_ssd13xx_fast_i2c  u8x8_cad.o
    0x08002594   0x00000060   Code   RO         7569    i.u8x8_d_helper_display_init  u8x8_display.o
    0x080025f4   0x0000000a   Code   RO         7570    i.u8x8_d_helper_display_setup_memory  u8x8_display.o
    0x080025fe   0x00000002   PAD
    0x08002600   0x0000003c   Code   RO         7494    i.u8x8_d_ssd1306_128x64_noname  u8x8_d_ssd1306_128x64_noname.o
    0x0800263c   0x000000c8   Code   RO         7496    i.u8x8_d_ssd1306_sh1106_generic  u8x8_d_ssd1306_128x64_noname.o
    0x08002704   0x00000004   Code   RO         7869    i.u8x8_dummy_cb     u8x8_setup.o
    0x08002708   0x0000000c   Code   RO         7788    i.u8x8_gpio_call    u8x8_gpio.o
    0x08002714   0x0000002c   Code   RO         7329    i.u8x8_i2c_data_transfer  u8x8_cad.o
    0x08002740   0x00000008   Code   RO         7063    i.u8x8_utf8_init    u8x8_8x8.o
    0x08002748   0x00000008   Code   RO         8205    i.ui_left_one_Picture  menu.o
    0x08002750   0x00000008   Code   RO         8206    i.ui_right_one_Picture  menu.o
    0x08002758   0x00000030   Code   RO         8207    i.ui_run            menu.o
    0x08002788   0x00000a7b   Data   RO         5464    .constdata          u8g2_fonts.o
    0x08003203   0x000005b9   Data   RO         5832    .constdata          u8g2_fonts.o
    0x080037bc   0x00000828   Data   RO         5860    .constdata          u8g2_fonts.o
    0x08003fe4   0x0000000c   Data   RO         6779    .constdata          u8g2_setup.o
    0x08003ff0   0x00000158   Data   RO         7498    .constdata          u8x8_d_ssd1306_128x64_noname.o
    0x08004148   0x00000080   Data   RO         8208    .constdata          menu.o
    0x080041c8   0x00000080   Data   RO         8209    .constdata          menu.o
    0x08004248   0x00000080   Data   RO         8210    .constdata          menu.o
    0x080042c8   0x000000e6   Data   RO         8212    .constdata          menu.o
    0x080043ae   0x00000011   Data   RO         8380    .constdata          c_w.l(__printf_flags_wp.o)
    0x080043bf   0x00000001   PAD
    0x080043c0   0x000000fa   Data   RO         8217    .conststring        menu.o
    0x080044ba   0x00000002   PAD
    0x080044bc   0x00000020   Data   RO         8561    Region$$Table       anon$$obj.o


    Execution Region RW_IRAM1 (Base: 0x20000000, Size: 0x00000c50, Max: 0x00005000, ABSOLUTE, COMPRESSED[0x0000006c])

    Base Addr    Size         Type   Attr      Idx    E Section Name        Object

    0x20000000   0x00000014   Data   RW         1798    .data               stm32f10x_rcc.o
    0x20000014   0x00000006   Data   RW         7331    .data               u8x8_cad.o
    0x2000001a   0x00000002   PAD
    0x2000001c   0x00000140   Data   RW         8218    .data               menu.o
    0x2000015c   0x00000094   Zero   RW         3175    .bss                main.o
    0x200001f0   0x00000400   Zero   RW         4230    .bss                u8g2_d_memory.o
    0x200005f0   0x00000060   Zero   RW         8435    .bss                c_w.l(libspace.o)
    0x20000650   0x00000200   Zero   RW           18    HEAP                startup_stm32f10x_md.o
    0x20000850   0x00000400   Zero   RW           17    STACK               startup_stm32f10x_md.o


==============================================================================

Image component sizes


      Code (inc. data)   RO Data    RW Data    ZI Data      Debug   Object Name

         0          0          0          0          0       4532   core_cm3.o
        54          0          0          0          0       1172   delay.o
       232         10          0          0          0       1040   key.o
       124         26          0          0        148     160849   main.o
      2316        176        864        320          0      11606   menu.o
       120         16          0          0          0     204671   misc.o
        66          0          0          0          0     159809   mui_u8g2.o
        64         26        236          0       1536        776   startup_stm32f10x_md.o
         0          0          0          0          0       1648   stm32f10x_adc.o
       176          0          0          0          0      10684   stm32f10x_gpio.o
       334         10          0          0          0      14198   stm32f10x_i2c.o
        18          0          0          0          0       3642   stm32f10x_it.o
       192         28          0         20          0      12982   stm32f10x_rcc.o
       240          6          0          0          0       9510   stm32f10x_usart.o
       248         24          0          0          0      32429   system_stm32f10x.o
       224          0          0          0          0       2007   u8g2_bitmap.o
       136          0          0          0          0        669   u8g2_box.o
       114          0          0          0          0       2383   u8g2_buffer.o
        12          4          0          0       1024        804   u8g2_d_memory.o
        56         14          0          0          0       1009   u8g2_d_setup.o
      1224         10          0          0          0      14323   u8g2_font.o
         0          0       6236          0          0     145310   u8g2_fonts.o
       308          0          0          0          0       3521   u8g2_hvline.o
        72          0          0          0          0       1827   u8g2_intersection.o
       178          0          0          0          0        956   u8g2_line.o
       144          0          0          0          0       1338   u8g2_ll_hvline.o
       328          0         12          0          0     146530   u8g2_setup.o
        22          0          0          0          0       1761   u8x8_8x8.o
       358         24          0          0          0       3743   u8x8_byte.o
       416         12          0          6          0       8500   u8x8_cad.o
       260         12        344          0          0       3015   u8x8_d_ssd1306_128x64_noname.o
       200          0          0          0          0       4150   u8x8_display.o
        12          0          0          0          0        565   u8x8_gpio.o
        74          4          0          0          0       1674   u8x8_setup.o
       176          8          0          0          0       1080   usar1t.o

    ----------------------------------------------------------------------
      8522        410       7726        348       2708     974713   Object Totals
         0          0         32          0          0          0   (incl. Generated)
        24          0          2          2          0          0   (incl. Padding)

    ----------------------------------------------------------------------

      Code (inc. data)   RO Data    RW Data    ZI Data      Debug   Library Member Name

        90          0          0          0          0          0   __dczerorl2.o
         8          0          0          0          0         68   __main.o
       312          4         17          0          0         92   __printf_flags_wp.o
        14          0          0          0          0         68   __printf_wp.o
         0          0          0          0          0          0   __rtentry.o
        12          0          0          0          0          0   __rtentry2.o
         6          0          0          0          0          0   __rtentry4.o
        52          8          0          0          0          0   __scatter.o
        28          0          0          0          0          0   __scatter_zi.o
        48          6          0          0          0         96   _printf_char_common.o
         6          0          0          0          0          0   _printf_d.o
       120         16          0          0          0         92   _printf_dec.o
       178          0          0          0          0         88   _printf_intcommon.o
        78          0          0          0          0        108   _printf_pad.o
         0          0          0          0          0          0   _printf_percent.o
         4          0          0          0          0          0   _printf_percent_end.o
        10          0          0          0          0         68   _sputc.o
        18          0          0          0          0         80   exit.o
         6          0          0          0          0        152   heapauxi.o
         0          0          0          0          0          0   indicate_semi.o
         2          0          0          0          0          0   libinit.o
         2          0          0          0          0          0   libinit2.o
         2          0          0          0          0          0   libshutdown.o
         2          0          0          0          0          0   libshutdown2.o
         8          4          0          0         96         68   libspace.o
        40          6          0          0          0         84   noretval__2sprintf.o
        68          0          0          0          0         68   rt_memclr.o
        78          0          0          0          0         80   rt_memclr_w.o
         2          0          0          0          0          0   rtexit.o
        10          0          0          0          0          0   rtexit2.o
        62          0          0          0          0         76   strlen.o
        12          4          0          0          0         68   sys_exit.o
        74          0          0          0          0         80   sys_stackheap_outer.o
         2          0          0          0          0         68   use_no_semi.o

    ----------------------------------------------------------------------
      1362         48         18          0         96       1504   Library Totals
         8          0          1          0          0          0   (incl. Padding)

    ----------------------------------------------------------------------

      Code (inc. data)   RO Data    RW Data    ZI Data      Debug   Library Name

      1354         48         17          0         96       1504   c_w.l

    ----------------------------------------------------------------------
      1362         48         18          0         96       1504   Library Totals

    ----------------------------------------------------------------------

==============================================================================


      Code (inc. data)   RO Data    RW Data    ZI Data      Debug   

      9884        458       7744        348       2804     969453   Grand Totals
      9884        458       7744        108       2804     969453   ELF Image Totals (compressed)
      9884        458       7744        108          0          0   ROM Totals

==============================================================================

    Total RO  Size (Code + RO Data)                17628 (  17.21kB)
    Total RW  Size (RW Data + ZI Data)              3152 (   3.08kB)
    Total ROM Size (Code + RO Data + RW Data)      17736 (  17.32kB)

==============================================================================

