Component: ARM Compiler 5.06 update 3 (build 300) Tool: armlink [4d35c9]

==============================================================================

Section Cross References

    startup_stm32f10x_md.o(RESET) refers to startup_stm32f10x_md.o(STACK) for __initial_sp
    startup_stm32f10x_md.o(RESET) refers to startup_stm32f10x_md.o(.text) for Reset_Handler
    startup_stm32f10x_md.o(RESET) refers to stm32f10x_it.o(i.NMI_Handler) for NMI_Handler
    startup_stm32f10x_md.o(RESET) refers to stm32f10x_it.o(i.HardFault_Handler) for HardFault_Handler
    startup_stm32f10x_md.o(RESET) refers to stm32f10x_it.o(i.MemManage_Handler) for MemManage_Handler
    startup_stm32f10x_md.o(RESET) refers to stm32f10x_it.o(i.BusFault_Handler) for BusFault_Handler
    startup_stm32f10x_md.o(RESET) refers to stm32f10x_it.o(i.UsageFault_Handler) for UsageFault_Handler
    startup_stm32f10x_md.o(RESET) refers to stm32f10x_it.o(i.SVC_Handler) for SVC_Handler
    startup_stm32f10x_md.o(RESET) refers to stm32f10x_it.o(i.DebugMon_Handler) for DebugMon_Handler
    startup_stm32f10x_md.o(RESET) refers to stm32f10x_it.o(i.PendSV_Handler) for PendSV_Handler
    startup_stm32f10x_md.o(RESET) refers to stm32f10x_it.o(i.SysTick_Handler) for SysTick_Handler
    startup_stm32f10x_md.o(.text) refers to system_stm32f10x.o(i.SystemInit) for SystemInit
    startup_stm32f10x_md.o(.text) refers to entry.o(.ARM.Collect$$$$00000000) for __main
    system_stm32f10x.o(i.SystemCoreClockUpdate) refers to system_stm32f10x.o(.data) for .data
    system_stm32f10x.o(i.SystemInit) refers to system_stm32f10x.o(i.SetSysClockTo72) for SetSysClockTo72
    stm32f10x_adc.o(i.ADC_DeInit) refers to stm32f10x_rcc.o(i.RCC_APB2PeriphResetCmd) for RCC_APB2PeriphResetCmd
    stm32f10x_bkp.o(i.BKP_DeInit) refers to stm32f10x_rcc.o(i.RCC_BackupResetCmd) for RCC_BackupResetCmd
    stm32f10x_can.o(i.CAN_DeInit) refers to stm32f10x_rcc.o(i.RCC_APB1PeriphResetCmd) for RCC_APB1PeriphResetCmd
    stm32f10x_can.o(i.CAN_GetITStatus) refers to stm32f10x_can.o(i.CheckITStatus) for CheckITStatus
    stm32f10x_cec.o(i.CEC_DeInit) refers to stm32f10x_rcc.o(i.RCC_APB1PeriphResetCmd) for RCC_APB1PeriphResetCmd
    stm32f10x_dac.o(i.DAC_DeInit) refers to stm32f10x_rcc.o(i.RCC_APB1PeriphResetCmd) for RCC_APB1PeriphResetCmd
    stm32f10x_flash.o(i.FLASH_EnableWriteProtection) refers to stm32f10x_flash.o(i.FLASH_WaitForLastOperation) for FLASH_WaitForLastOperation
    stm32f10x_flash.o(i.FLASH_EraseAllBank1Pages) refers to stm32f10x_flash.o(i.FLASH_WaitForLastBank1Operation) for FLASH_WaitForLastBank1Operation
    stm32f10x_flash.o(i.FLASH_EraseAllPages) refers to stm32f10x_flash.o(i.FLASH_WaitForLastOperation) for FLASH_WaitForLastOperation
    stm32f10x_flash.o(i.FLASH_EraseOptionBytes) refers to stm32f10x_flash.o(i.FLASH_GetReadOutProtectionStatus) for FLASH_GetReadOutProtectionStatus
    stm32f10x_flash.o(i.FLASH_EraseOptionBytes) refers to stm32f10x_flash.o(i.FLASH_WaitForLastOperation) for FLASH_WaitForLastOperation
    stm32f10x_flash.o(i.FLASH_ErasePage) refers to stm32f10x_flash.o(i.FLASH_WaitForLastOperation) for FLASH_WaitForLastOperation
    stm32f10x_flash.o(i.FLASH_ProgramHalfWord) refers to stm32f10x_flash.o(i.FLASH_WaitForLastOperation) for FLASH_WaitForLastOperation
    stm32f10x_flash.o(i.FLASH_ProgramOptionByteData) refers to stm32f10x_flash.o(i.FLASH_WaitForLastOperation) for FLASH_WaitForLastOperation
    stm32f10x_flash.o(i.FLASH_ProgramWord) refers to stm32f10x_flash.o(i.FLASH_WaitForLastOperation) for FLASH_WaitForLastOperation
    stm32f10x_flash.o(i.FLASH_ReadOutProtection) refers to stm32f10x_flash.o(i.FLASH_WaitForLastOperation) for FLASH_WaitForLastOperation
    stm32f10x_flash.o(i.FLASH_UserOptionByteConfig) refers to stm32f10x_flash.o(i.FLASH_WaitForLastOperation) for FLASH_WaitForLastOperation
    stm32f10x_flash.o(i.FLASH_WaitForLastBank1Operation) refers to stm32f10x_flash.o(i.FLASH_GetBank1Status) for FLASH_GetBank1Status
    stm32f10x_flash.o(i.FLASH_WaitForLastOperation) refers to stm32f10x_flash.o(i.FLASH_GetBank1Status) for FLASH_GetBank1Status
    stm32f10x_gpio.o(i.GPIO_AFIODeInit) refers to stm32f10x_rcc.o(i.RCC_APB2PeriphResetCmd) for RCC_APB2PeriphResetCmd
    stm32f10x_gpio.o(i.GPIO_DeInit) refers to stm32f10x_rcc.o(i.RCC_APB2PeriphResetCmd) for RCC_APB2PeriphResetCmd
    stm32f10x_i2c.o(i.I2C_DeInit) refers to stm32f10x_rcc.o(i.RCC_APB1PeriphResetCmd) for RCC_APB1PeriphResetCmd
    stm32f10x_i2c.o(i.I2C_Init) refers to stm32f10x_rcc.o(i.RCC_GetClocksFreq) for RCC_GetClocksFreq
    stm32f10x_pwr.o(i.PWR_DeInit) refers to stm32f10x_rcc.o(i.RCC_APB1PeriphResetCmd) for RCC_APB1PeriphResetCmd
    stm32f10x_rcc.o(i.RCC_GetClocksFreq) refers to stm32f10x_rcc.o(.data) for .data
    stm32f10x_rcc.o(i.RCC_WaitForHSEStartUp) refers to stm32f10x_rcc.o(i.RCC_GetFlagStatus) for RCC_GetFlagStatus
    stm32f10x_rtc.o(i.RTC_SetAlarm) refers to stm32f10x_rtc.o(i.RTC_EnterConfigMode) for RTC_EnterConfigMode
[...]
    Removing u8x8_fonts.o(.constdata), (764 bytes).
    Removing u8x8_fonts.o(.constdata), (220 bytes).
    Removing u8x8_fonts.o(.constdata), (3588 bytes).
    Removing u8x8_fonts.o(.constdata), (1524 bytes).
    Removing u8x8_fonts.o(.constdata), (436 bytes).
    Removing u8x8_fonts.o(.constdata), (3588 bytes).
    Removing u8x8_fonts.o(.constdata), (1524 bytes).
    Removing u8x8_fonts.o(.constdata), (436 bytes).
    Removing u8x8_fonts.o(.constdata), (3588 bytes).
    Removing u8x8_fonts.o(.constdata), (1524 bytes).
    Removing u8x8_fonts.o(.constdata), (436 bytes).
    Removing u8x8_fonts.o(.constdata), (3588 bytes).
    Removing u8x8_fonts.o(.constdata), (1524 bytes).
    Removing u8x8_fonts.o(.constdata), (436 bytes).
    Removing u8x8_fonts.o(.constdata), (229 bytes).
    Removing u8x8_fonts.o(.constdata), (45 bytes).
    Removing u8x8_fonts.o(.constdata), (140 bytes).
    Removing u8x8_fonts.o(.constdata), (148 bytes).
    Removing u8x8_fonts.o(.constdata), (156 bytes).
    Removing u8x8_fonts.o(.constdata), (52 bytes).
    Removing u8x8_fonts.o(.constdata), (900 bytes).
    Removing u8x8_fonts.o(.constdata), (164 bytes).
    Removing u8x8_fonts.o(.constdata), (548 bytes).
    Removing u8x8_fonts.o(.constdata), (580 bytes).
    Removing u8x8_fonts.o(.constdata), (612 bytes).
    Removing u8x8_fonts.o(.constdata), (197 bytes).
    Removing u8x8_fonts.o(.constdata), (3588 bytes).
    Removing u8x8_fonts.o(.constdata), (644 bytes).
    Removing u8x8_fonts.o(.constdata), (2180 bytes).
    Removing u8x8_fonts.o(.constdata), (2308 bytes).
    Removing u8x8_fonts.o(.constdata), (2436 bytes).
    Removing u8x8_fonts.o(.constdata), (772 bytes).
    Removing u8x8_fonts.o(.constdata), (14340 bytes).
    Removing u8x8_fonts.o(.constdata), (2564 bytes).
    Removing u8x8_fonts.o(.constdata), (8708 bytes).
    Removing u8x8_fonts.o(.constdata), (9220 bytes).
    Removing u8x8_fonts.o(.constdata), (9732 bytes).
    Removing u8x8_fonts.o(.constdata), (3076 bytes).
    Removing u8x8_fonts.o(.constdata), (10756 bytes).
    Removing u8x8_fonts.o(.constdata), (4612 bytes).
    Removing u8x8_fonts.o(.constdata), (1300 bytes).
    Removing u8x8_fonts.o(.constdata), (772 bytes).
    Removing u8x8_fonts.o(.constdata), (220 bytes).
    Removing u8x8_fonts.o(.constdata), (517 bytes).
    Removing u8x8_fonts.o(.constdata), (764 bytes).
    Removing u8x8_fonts.o(.constdata), (220 bytes).
    Removing u8x8_fonts.o(.constdata), (517 bytes).
    Removing u8x8_fonts.o(.constdata), (772 bytes).
    Removing u8x8_fonts.o(.constdata), (220 bytes).
    Removing u8x8_fonts.o(.constdata), (517 bytes).
    Removing u8x8_fonts.o(.constdata), (220 bytes).
    Removing u8x8_fonts.o(.constdata), (517 bytes).
    Removing u8x8_fonts.o(.constdata), (772 bytes).
    Removing u8x8_fonts.o(.constdata), (220 bytes).
    Removing u8x8_fonts.o(.constdata), (517 bytes).
    Removing u8x8_fonts.o(.constdata), (772 bytes).
    Removing u8x8_fonts.o(.constdata), (220 bytes).
    Removing u8x8_fonts.o(.constdata), (517 bytes).
    Removing u8x8_fonts.o(.constdata), (772 bytes).
    Removing u8x8_fonts.o(.constdata), (220 bytes).
    Removing u8x8_fonts.o(.constdata), (517 bytes).
    Removing u8x8_fonts.o(.constdata), (10756 bytes).
    Removing u8x8_fonts.o(.constdata), (4564 bytes).
    Removing u8x8_fonts.o(.constdata), (1300 bytes).
    Removing u8x8_fonts.o(.constdata), (10756 bytes).
    Removing u8x8_fonts.o(.constdata), (4564 bytes).
    Removing u8x8_fonts.o(.constdata), (1300 bytes).
    Removing u8x8_fonts.o(.constdata), (21508 bytes).
    Removing u8x8_fonts.o(.constdata), (9124 bytes).
    Removing u8x8_fonts.o(.constdata), (2596 bytes).
    Removing u8x8_fonts.o(.constdata), (21508 bytes).
    Removing u8x8_fonts.o(.constdata), (9124 bytes).
    Removing u8x8_fonts.o(.constdata), (2596 bytes).
    Removing u8x8_fonts.o(.constdata), (7076 bytes).
    Removing u8x8_fonts.o(.constdata), (2916 bytes).
    Removing u8x8_fonts.o(.constdata), (868 bytes).
    Removing u8x8_fonts.o(.constdata), (7076 bytes).
    Removing u8x8_fonts.o(.constdata), (2916 bytes).
    Removing u8x8_fonts.o(.constdata), (868 bytes).
    Removing u8x8_fonts.o(.constdata), (14340 bytes).
    Removing u8x8_fonts.o(.constdata), (6084 bytes).
    Removing u8x8_fonts.o(.constdata), (1732 bytes).
    Removing u8x8_fonts.o(.constdata), (32260 bytes).
    Removing u8x8_fonts.o(.constdata), (13684 bytes).
    Removing u8x8_fonts.o(.constdata), (3892 bytes).
    Removing u8x8_fonts.o(.constdata), (24324 bytes).
    Removing u8x8_fonts.o(.constdata), (6916 bytes).
    Removing u8x8_fonts.o(.constdata), (14340 bytes).
    Removing u8x8_fonts.o(.constdata), (6084 bytes).
    Removing u8x8_fonts.o(.constdata), (1732 bytes).
    Removing u8x8_fonts.o(.constdata), (32260 bytes).
    Removing u8x8_fonts.o(.constdata), (13684 bytes).
    Removing u8x8_fonts.o(.constdata), (3892 bytes).
    Removing u8x8_fonts.o(.constdata), (24324 bytes).
    Removing u8x8_fonts.o(.constdata), (6916 bytes).
    Removing u8x8_fonts.o(.constdata), (1796 bytes).
    Removing u8x8_fonts.o(.constdata), (772 bytes).
    Removing u8x8_fonts.o(.constdata), (220 bytes).
    Removing u8x8_fonts.o(.constdata), (516 bytes).
    Removing u8x8_fonts.o(.constdata), (1796 bytes).
    Removing u8x8_fonts.o(.constdata), (772 bytes).
    Removing u8x8_fonts.o(.constdata), (220 bytes).
    Removing u8x8_fonts.o(.constdata), (517 bytes).
    Removing u8x8_fonts.o(.constdata), (1796 bytes).
    Removing u8x8_fonts.o(.constdata), (773 bytes).
    Removing u8x8_fonts.o(.constdata), (220 bytes).
    Removing u8x8_fonts.o(.constdata), (517 bytes).
    Removing u8x8_fonts.o(.constdata), (1796 bytes).
    Removing u8x8_fonts.o(.constdata), (772 bytes).
    Removing u8x8_fonts.o(.constdata), (220 bytes).
    Removing u8x8_fonts.o(.constdata), (517 bytes).
    Removing u8x8_fonts.o(.constdata), (1796 bytes).
    Removing u8x8_fonts.o(.constdata), (772 bytes).
    Removing u8x8_fonts.o(.constdata), (220 bytes).
    Removing u8x8_fonts.o(.constdata), (517 bytes).
    Removing u8x8_fonts.o(.constdata), (7172 bytes).
    Removing u8x8_fonts.o(.constdata), (3077 bytes).
    Removing u8x8_fonts.o(.constdata), (868 bytes).
    Removing u8x8_fonts.o(.constdata), (7172 bytes).
    Removing u8x8_fonts.o(.constdata), (3077 bytes).
    Removing u8x8_fonts.o(.constdata), (868 bytes).
    Removing u8x8_input_value.o(i.u8x8_UserInterfaceInputValue), (262 bytes).
    Removing u8x8_message.o(i.u8x8_UserInterfaceMessage), (240 bytes).
    Removing u8x8_message.o(i.u8x8_draw_button_line), (164 bytes).
    Removing u8x8_selection_list.o(i.u8sl_Next), (42 bytes).
    Removing u8x8_selection_list.o(i.u8sl_Prev), (40 bytes).
    Removing u8x8_selection_list.o(i.u8x8_DrawSelectionList), (44 bytes).
    Removing u8x8_selection_list.o(i.u8x8_UserInterfaceSelectionList), (192 bytes).
    Removing u8x8_selection_list.o(i.u8x8_sl_string_line_cb), (76 bytes).
    Removing u8x8_setup.o(i.u8x8_d_null_cb), (32 bytes).
    Removing u8x8_setup.o(.constdata), (24 bytes).
    Removing u8x8_string.o(i.u8x8_CopyStringLine), (40 bytes).
    Removing u8x8_string.o(i.u8x8_DrawUTF8Line), (116 bytes).
    Removing u8x8_string.o(i.u8x8_DrawUTF8Lines), (66 bytes).
    Removing u8x8_string.o(i.u8x8_GetStringLineCnt), (26 bytes).
    Removing u8x8_string.o(i.u8x8_GetStringLineStart), (36 bytes).
    Removing u8x8_u8toa.o(i.u8x8_u8toa), (24 bytes).
    Removing u8x8_u8toa.o(i.u8x8_u8toap), (44 bytes).
    Removing u8x8_u8toa.o(.constdata), (3 bytes).
    Removing u8x8_u8toa.o(.data), (4 bytes).
    Removing u8x8_u16toa.o(i.u8x8_u16toa), (24 bytes).
    Removing u8x8_u16toa.o(i.u8x8_u16toap), (46 bytes).
    Removing u8x8_u16toa.o(i.u8x8_utoa), (28 bytes).
    Removing u8x8_u16toa.o(.data), (6 bytes).
    Removing led.o(i.LED1_OFF), (12 bytes).
    Removing led.o(i.LED1_ON), (12 bytes).
    Removing led.o(i.LED1_Turn), (44 bytes).
    Removing led.o(i.LED2_OFF), (12 bytes).
    Removing led.o(i.LED2_ON), (12 bytes).
    Removing led.o(i.LED2_Turn), (44 bytes).
    Removing led.o(i.LED_Init), (44 bytes).
    Removing key.o(i.Static_Key_GetNum), (164 bytes).
    Removing key.o(.data), (1 bytes).
    Removing oled.o(i.IIC_OLED_SCL_HIGH), (16 bytes).
    Removing oled.o(i.IIC_OLED_SCL_LOW), (16 bytes).
    Removing oled.o(i.IIC_OLED_SDA_HIGH), (16 bytes).
    Removing oled.o(i.IIC_OLED_SDA_LOW), (16 bytes).
    Removing oled.o(i.OLED_Clear), (38 bytes).
    Removing oled.o(i.OLED_I2C_Init), (80 bytes).
    Removing oled.o(i.OLED_I2C_SendByte), (92 bytes).
    Removing oled.o(i.OLED_I2C_Start), (56 bytes).
    Removing oled.o(i.OLED_I2C_Stop), (48 bytes).
    Removing oled.o(i.OLED_Init), (172 bytes).
    Removing oled.o(i.OLED_Pow), (14 bytes).
    Removing oled.o(i.OLED_SetCursor), (34 bytes).
    Removing oled.o(i.OLED_ShowBinNum), (58 bytes).
    Removing oled.o(i.OLED_ShowChar), (104 bytes).
    Removing oled.o(i.OLED_ShowHexNum), (68 bytes).
    Removing oled.o(i.OLED_ShowNum), (66 bytes).
    Removing oled.o(i.OLED_ShowSignedNum), (88 bytes).
    Removing oled.o(i.OLED_ShowString), (38 bytes).
    Removing oled.o(i.OLED_WriteCommand), (34 bytes).
    Removing oled.o(i.OLED_WriteData), (34 bytes).
    Removing oled.o(i.RCC_HSE_Configuration), (98 bytes).
    Removing oled.o(.constdata), (1520 bytes).
    Removing menu.o(.constdata), (512 bytes).
    Removing menu.o(.constdata), (128 bytes).
    Removing menu.o(.constdata), (128 bytes).
    Removing menu.o(.constdata), (128 bytes).
    Removing menu.o(.constdata), (272 bytes).
    Removing menu.o(.constdata), (40 bytes).
    Removing menu.o(.data), (2 bytes).
    Removing menu.o(.data), (8 bytes).
    Removing menu.o(.data), (1 bytes).
    Removing usar1t.o(i.Usart_SendArray), (46 bytes).
    Removing usar1t.o(i.Usart_SendByte), (22 bytes).
    Removing usar1t.o(i.Usart_SendHalfWord), (48 bytes).
    Removing usar1t.o(i.Usart_SendString), (40 bytes).
    Removing usar1t.o(i.fgetc), (32 bytes).
    Removing usar1t.o(i.fputc), (36 bytes).
    Removing dadd.o(.text), (334 bytes).
    Removing dmul.o(.text), (228 bytes).
    Removing ddiv.o(.text), (222 bytes).
    Removing dfixul.o(.text), (48 bytes).
    Removing cdrcmple.o(.text), (48 bytes).
    Removing depilogue.o(.text), (186 bytes).

2915 unused section(s) (total 11455060 bytes) removed from the image.

==============================================================================

Image Symbol Table

    Local Symbols

    Symbol Name                              Value     Ov Type        Size  Object(Section)

    ../clib/../cmprslib/zerorunl2.c          0x00000000   Number         0  __dczerorl2.o ABSOLUTE
    ../clib/microlib/division.c              0x00000000   Number         0  uidiv.o ABSOLUTE
    ../clib/microlib/division.c              0x00000000   Number         0  uldiv.o ABSOLUTE
    ../clib/microlib/init/entry.s            0x00000000   Number         0  entry5.o ABSOLUTE
    ../clib/microlib/init/entry.s            0x00000000   Number         0  entry7b.o ABSOLUTE
    ../clib/microlib/init/entry.s            0x00000000   Number         0  entry8a.o ABSOLUTE
    ../clib/microlib/init/entry.s            0x00000000   Number         0  entry11b.o ABSOLUTE
    ../clib/microlib/init/entry.s            0x00000000   Number         0  entry10b.o ABSOLUTE
    ../clib/microlib/init/entry.s            0x00000000   Number         0  entry7a.o ABSOLUTE
    ../clib/microlib/init/entry.s            0x00000000   Number         0  entry2.o ABSOLUTE
    ../clib/microlib/init/entry.s            0x00000000   Number         0  entry10a.o ABSOLUTE
    ../clib/microlib/init/entry.s            0x00000000   Number         0  entry9b.o ABSOLUTE
    ../clib/microlib/init/entry.s            0x00000000   Number         0  entry9a.o ABSOLUTE
    ../clib/microlib/init/entry.s            0x00000000   Number         0  entry.o ABSOLUTE
    ../clib/microlib/init/entry.s            0x00000000   Number         0  entry8b.o ABSOLUTE
    ../clib/microlib/init/entry.s            0x00000000   Number         0  entry11a.o ABSOLUTE
    ../clib/microlib/longlong.c              0x00000000   Number         0  llsshr.o ABSOLUTE
    ../clib/microlib/longlong.c              0x00000000   Number         0  llushr.o ABSOLUTE
    ../clib/microlib/longlong.c              0x00000000   Number         0  llshl.o ABSOLUTE
    ../clib/microlib/printf/printf.c         0x00000000   Number         0  printfa.o ABSOLUTE
    ../clib/microlib/printf/printf.c         0x00000000   Number         0  printf6.o ABSOLUTE
    ../clib/microlib/printf/printf.c         0x00000000   Number         0  printf8.o ABSOLUTE
    ../clib/microlib/printf/printf.c         0x00000000   Number         0  printf7.o ABSOLUTE
    ../clib/microlib/printf/printf.c         0x00000000   Number         0  printf5.o ABSOLUTE
    ../clib/microlib/printf/printf.c         0x00000000   Number         0  printf4.o ABSOLUTE
    ../clib/microlib/printf/printf.c         0x00000000   Number         0  printfb.o ABSOLUTE
    ../clib/microlib/printf/printf.c         0x00000000   Number         0  printf0.o ABSOLUTE
    ../clib/microlib/printf/printf.c         0x00000000   Number         0  printf1.o ABSOLUTE
    ../clib/microlib/printf/printf.c         0x00000000   Number         0  printf2.o ABSOLUTE
    ../clib/microlib/printf/printf.c         0x00000000   Number         0  printf3.o ABSOLUTE
    ../clib/microlib/printf/stubs.s          0x00000000   Number         0  stubs.o ABSOLUTE
    ../clib/microlib/stdio/streams.c         0x00000000   Number         0  stdout.o ABSOLUTE
    ../clib/microlib/string/memset.c         0x00000000   Number         0  memseta.o ABSOLUTE
    ../clib/microlib/string/strlen.c         0x00000000   Number         0  strlen.o ABSOLUTE
    ../clib/microlib/stubs.s                 0x00000000   Number         0  iusefp.o ABSOLUTE
    ../fplib/microlib/fpadd.c                0x00000000   Number         0  dadd.o ABSOLUTE
    ../fplib/microlib/fpdiv.c                0x00000000   Number         0  ddiv.o ABSOLUTE
    ../fplib/microlib/fpepilogue.c           0x00000000   Number         0  depilogue.o ABSOLUTE
    ../fplib/microlib/fpfix.c                0x00000000   Number         0  dfixul.o ABSOLUTE
    ../fplib/microlib/fpmul.c                0x00000000   Number         0  dmul.o ABSOLUTE
    Hareware\Key.c                           0x00000000   Number         0  key.o ABSOLUTE
    Hareware\LED.c                           0x00000000   Number         0  led.o ABSOLUTE
    Hareware\Menu.c                          0x00000000   Number         0  menu.o ABSOLUTE
    Hareware\OLED.c                          0x00000000   Number         0  oled.o ABSOLUTE
    Hareware\u8g2\mui.c                      0x00000000   Number         0  mui.o ABSOLUTE
    Hareware\u8g2\mui_u8g2.c                 0x00000000   Number         0  mui_u8g2.o ABSOLUTE
    Hareware\u8g2\u8g2_bitmap.c              0x00000000   Number         0  u8g2_bitmap.o ABSOLUTE
    Hareware\u8g2\u8g2_box.c                 0x00000000   Number         0  u8g2_box.o ABSOLUTE
    Hareware\u8g2\u8g2_buffer.c              0x00000000   Number         0  u8g2_buffer.o ABSOLUTE
    Hareware\u8g2\u8g2_button.c              0x00000000   Number         0  u8g2_button.o ABSOLUTE
    Hareware\u8g2\u8g2_circle.c              0x00000000   Number         0  u8g2_circle.o ABSOLUTE
    Hareware\u8g2\u8g2_cleardisplay.c        0x00000000   Number         0  u8g2_cleardisplay.o ABSOLUTE
    Hareware\u8g2\u8g2_d_memory.c            0x00000000   Number         0  u8g2_d_memory.o ABSOLUTE
    Hareware\u8g2\u8g2_d_setup.c             0x00000000   Number         0  u8g2_d_setup.o ABSOLUTE
    Hareware\u8g2\u8g2_font.c                0x00000000   Number         0  u8g2_font.o ABSOLUTE
    Hareware\u8g2\u8g2_fonts.c               0x00000000   Number         0  u8g2_fonts.o ABSOLUTE
    Hareware\u8g2\u8g2_hvline.c              0x00000000   Number         0  u8g2_hvline.o ABSOLUTE
    Hareware\u8g2\u8g2_input_value.c         0x00000000   Number         0  u8g2_input_value.o ABSOLUTE
    Hareware\u8g2\u8g2_intersection.c        0x00000000   Number         0  u8g2_intersection.o ABSOLUTE
    Hareware\u8g2\u8g2_kerning.c             0x00000000   Number         0  u8g2_kerning.o ABSOLUTE
    Hareware\u8g2\u8g2_line.c                0x00000000   Number         0  u8g2_line.o ABSOLUTE
    Hareware\u8g2\u8g2_ll_hvline.c           0x00000000   Number         0  u8g2_ll_hvline.o ABSOLUTE
    Hareware\u8g2\u8g2_message.c             0x00000000   Number         0  u8g2_message.o ABSOLUTE
    Hareware\u8g2\u8g2_polygon.c             0x00000000   Number         0  u8g2_polygon.o ABSOLUTE
    Hareware\u8g2\u8g2_selection_list.c      0x00000000   Number         0  u8g2_selection_list.o ABSOLUTE
    Hareware\u8g2\u8g2_setup.c               0x00000000   Number         0  u8g2_setup.o ABSOLUTE
    Hareware\u8g2\u8log.c                    0x00000000   Number         0  u8log.o ABSOLUTE
    Hareware\u8g2\u8log_u8g2.c               0x00000000   Number         0  u8log_u8g2.o ABSOLUTE
    Hareware\u8g2\u8log_u8x8.c               0x00000000   Number         0  u8log_u8x8.o ABSOLUTE
    Hareware\u8g2\u8x8_8x8.c                 0x00000000   Number         0  u8x8_8x8.o ABSOLUTE
    Hareware\u8g2\u8x8_byte.c                0x00000000   Number         0  u8x8_byte.o ABSOLUTE
    Hareware\u8g2\u8x8_cad.c                 0x00000000   Number         0  u8x8_cad.o ABSOLUTE
    Hareware\u8g2\u8x8_capture.c             0x00000000   Number         0  u8x8_capture.o ABSOLUTE
    Hareware\u8g2\u8x8_d_ssd1306_128x64_noname.c 0x00000000   Number         0  u8x8_d_ssd1306_128x64_noname.o ABSOLUTE
    Hareware\u8g2\u8x8_debounce.c            0x00000000   Number         0  u8x8_debounce.o ABSOLUTE
    Hareware\u8g2\u8x8_display.c             0x00000000   Number         0  u8x8_display.o ABSOLUTE
    Hareware\u8g2\u8x8_fonts.c               0x00000000   Number         0  u8x8_fonts.o ABSOLUTE
    Hareware\u8g2\u8x8_gpio.c                0x00000000   Number         0  u8x8_gpio.o ABSOLUTE
    Hareware\u8g2\u8x8_input_value.c         0x00000000   Number         0  u8x8_input_value.o ABSOLUTE
    Hareware\u8g2\u8x8_message.c             0x00000000   Number         0  u8x8_message.o ABSOLUTE
    Hareware\u8g2\u8x8_selection_list.c      0x00000000   Number         0  u8x8_selection_list.o ABSOLUTE
    Hareware\u8g2\u8x8_setup.c               0x00000000   Number         0  u8x8_setup.o ABSOLUTE
    Hareware\u8g2\u8x8_string.c              0x00000000   Number         0  u8x8_string.o ABSOLUTE
    Hareware\u8g2\u8x8_u16toa.c              0x00000000   Number         0  u8x8_u16toa.o ABSOLUTE
    Hareware\u8g2\u8x8_u8toa.c               0x00000000   Number         0  u8x8_u8toa.o ABSOLUTE
    Hareware\usar1t.c                        0x00000000   Number         0  usar1t.o ABSOLUTE
    Library\misc.c                           0x00000000   Number         0  misc.o ABSOLUTE
    Library\stm32f10x_adc.c                  0x00000000   Number         0  stm32f10x_adc.o ABSOLUTE
    Library\stm32f10x_bkp.c                  0x00000000   Number         0  stm32f10x_bkp.o ABSOLUTE
    Library\stm32f10x_can.c                  0x00000000   Number         0  stm32f10x_can.o ABSOLUTE
    Library\stm32f10x_cec.c                  0x00000000   Number         0  stm32f10x_cec.o ABSOLUTE
    Library\stm32f10x_crc.c                  0x00000000   Number         0  stm32f10x_crc.o ABSOLUTE
    Library\stm32f10x_dac.c                  0x00000000   Number         0  stm32f10x_dac.o ABSOLUTE
    Library\stm32f10x_dbgmcu.c               0x00000000   Number         0  stm32f10x_dbgmcu.o ABSOLUTE
    Library\stm32f10x_dma.c                  0x00000000   Number         0  stm32f10x_dma.o ABSOLUTE
    Library\stm32f10x_exti.c                 0x00000000   Number         0  stm32f10x_exti.o ABSOLUTE
    Library\stm32f10x_flash.c                0x00000000   Number         0  stm32f10x_flash.o ABSOLUTE
    Library\stm32f10x_fsmc.c                 0x00000000   Number         0  stm32f10x_fsmc.o ABSOLUTE
    Library\stm32f10x_gpio.c                 0x00000000   Number         0  stm32f10x_gpio.o ABSOLUTE
    Library\stm32f10x_i2c.c                  0x00000000   Number         0  stm32f10x_i2c.o ABSOLUTE
    Library\stm32f10x_iwdg.c                 0x00000000   Number         0  stm32f10x_iwdg.o ABSOLUTE
    Library\stm32f10x_pwr.c                  0x00000000   Number         0  stm32f10x_pwr.o ABSOLUTE
    Library\stm32f10x_rcc.c                  0x00000000   Number         0  stm32f10x_rcc.o ABSOLUTE
    Library\stm32f10x_rtc.c                  0x00000000   Number         0  stm32f10x_rtc.o ABSOLUTE
    Library\stm32f10x_sdio.c                 0x00000000   Number         0  stm32f10x_sdio.o ABSOLUTE
    Library\stm32f10x_spi.c                  0x00000000   Number         0  stm32f10x_spi.o ABSOLUTE
    Library\stm32f10x_tim.c                  0x00000000   Number         0  stm32f10x_tim.o ABSOLUTE
    Library\stm32f10x_usart.c                0x00000000   Number         0  stm32f10x_usart.o ABSOLUTE
    Library\stm32f10x_wwdg.c                 0x00000000   Number         0  stm32f10x_wwdg.o ABSOLUTE
    Start\\core_cm3.c                        0x00000000   Number         0  core_cm3.o ABSOLUTE
    Start\core_cm3.c                         0x00000000   Number         0  core_cm3.o ABSOLUTE
    Start\startup_stm32f10x_md.s             0x00000000   Number         0  startup_stm32f10x_md.o ABSOLUTE
    Start\system_stm32f10x.c                 0x00000000   Number         0  system_stm32f10x.o ABSOLUTE
    System\Delay.c                           0x00000000   Number         0  delay.o ABSOLUTE
    User\main.c                              0x00000000   Number         0  main.o ABSOLUTE
    User\stm32f10x_it.c                      0x00000000   Number         0  stm32f10x_it.o ABSOLUTE
    cdrcmple.s                               0x00000000   Number         0  cdrcmple.o ABSOLUTE
    dc.s                                     0x00000000   Number         0  dc.o ABSOLUTE
    handlers.s                               0x00000000   Number         0  handlers.o ABSOLUTE
    init.s                                   0x00000000   Number         0  init.o ABSOLUTE
    RESET                                    0x08000000   Section      236  startup_stm32f10x_md.o(RESET)
    .ARM.Collect$$$$00000000                 0x080000ec   Section        0  entry.o(.ARM.Collect$$$$00000000)
    .ARM.Collect$$$$00000001                 0x080000ec   Section        4  entry2.o(.ARM.Collect$$$$00000001)
    .ARM.Collect$$$$00000004                 0x080000f0   Section        4  entry5.o(.ARM.Collect$$$$00000004)
    .ARM.Collect$$$$00000008                 0x080000f4   Section        0  entry7b.o(.ARM.Collect$$$$00000008)
    .ARM.Collect$$$$0000000A                 0x080000f4   Section        0  entry8b.o(.ARM.Collect$$$$0000000A)
    .ARM.Collect$$$$0000000B                 0x080000f4   Section        8  entry9a.o(.ARM.Collect$$$$0000000B)
    .ARM.Collect$$$$0000000D                 0x080000fc   Section        0  entry10a.o(.ARM.Collect$$$$0000000D)
    .ARM.Collect$$$$0000000F                 0x080000fc   Section        0  entry11a.o(.ARM.Collect$$$$0000000F)
    .ARM.Collect$$$$00002712                 0x080000fc   Section        4  entry2.o(.ARM.Collect$$$$00002712)
    __lit__00000000                          0x080000fc   Data           4  entry2.o(.ARM.Collect$$$$00002712)
    .text                                    0x08000100   Section       36  startup_stm32f10x_md.o(.text)
    .text                                    0x08000124   Section        0  memseta.o(.text)
    .text                                    0x08000148   Section        0  strlen.o(.text)
    .text                                    0x08000156   Section        0  uidiv.o(.text)
    .text                                    0x08000184   Section       36  init.o(.text)
    .text                                    0x080001a8   Section        0  __dczerorl2.o(.text)
    i.BusFault_Handler                       0x080001fe   Section        0  stm32f10x_it.o(i.BusFault_Handler)
    i.Creat_Childv2_Menu                     0x08000200   Section        0  menu.o(i.Creat_Childv2_Menu)
    i.DebugMon_Handler                       0x080003f0   Section        0  stm32f10x_it.o(i.DebugMon_Handler)
    i.Delay_ms                               0x080003f2   Section        0  delay.o(i.Delay_ms)
    i.Delay_us                               0x08000408   Section        0  delay.o(i.Delay_us)
    i.GPIO_Init                              0x08000428   Section        0  stm32f10x_gpio.o(i.GPIO_Init)
    i.GPIO_ReadInputDataBit                  0x080004ca   Section        0  stm32f10x_gpio.o(i.GPIO_ReadInputDataBit)
    i.HardFault_Handler                      0x080004d8   Section        0  stm32f10x_it.o(i.HardFault_Handler)
    i.I2C_CheckEvent                         0x080004da   Section        0  stm32f10x_i2c.o(i.I2C_CheckEvent)
    i.I2C_Cmd                                0x080004f2   Section        0  stm32f10x_i2c.o(i.I2C_Cmd)
    i.I2C_Config                             0x08000508   Section        0  u8x8_byte.o(i.I2C_Config)
    i.I2C_GenerateSTART                      0x08000554   Section        0  stm32f10x_i2c.o(i.I2C_GenerateSTART)
    i.I2C_GenerateSTOP                       0x08000568   Section        0  stm32f10x_i2c.o(i.I2C_GenerateSTOP)
    i.I2C_GetFlagStatus                      0x0800057c   Section        0  stm32f10x_i2c.o(i.I2C_GetFlagStatus)
    i.I2C_Init                               0x080005a8   Section        0  stm32f10x_i2c.o(i.I2C_Init)
    i.I2C_Send7bitAddress                    0x08000664   Section        0  stm32f10x_i2c.o(i.I2C_Send7bitAddress)
    i.I2C_SendData                           0x08000674   Section        0  stm32f10x_i2c.o(i.I2C_SendData)
    i.Key_GetNum                             0x08000678   Section        0  key.o(i.Key_GetNum)
    i.Key_Init                               0x08000734   Section        0  key.o(i.Key_Init)
    i.MemManage_Handler                      0x08000760   Section        0  stm32f10x_it.o(i.MemManage_Handler)
    i.Menu_To_X_Display                      0x08000764   Section        0  menu.o(i.Menu_To_X_Display)
    i.MyTimeFun                              0x080009e8   Section        0  menu.o(i.MyTimeFun)
    i.MyTimeSecondRun                        0x08000a18   Section        0  menu.o(i.MyTimeSecondRun)
    i.NMI_Handler                            0x08000a38   Section        0  stm32f10x_it.o(i.NMI_Handler)
    i.NVIC_Init                              0x08000a3c   Section        0  misc.o(i.NVIC_Init)
    i.NVIC_PriorityGroupConfig               0x08000aa0   Section        0  misc.o(i.NVIC_PriorityGroupConfig)
    i.PendSV_Handler                         0x08000ab4   Section        0  stm32f10x_it.o(i.PendSV_Handler)
    i.RCC_APB1PeriphClockCmd                 0x08000ab8   Section        0  stm32f10x_rcc.o(i.RCC_APB1PeriphClockCmd)
    i.RCC_APB2PeriphClockCmd                 0x08000ad0   Section        0  stm32f10x_rcc.o(i.RCC_APB2PeriphClockCmd)
    i.RCC_GetClocksFreq                      0x08000ae8   Section        0  stm32f10x_rcc.o(i.RCC_GetClocksFreq)
    i.SVC_Handler                            0x08000b78   Section        0  stm32f10x_it.o(i.SVC_Handler)
    i.SetSysClockTo72                        0x08000b7c   Section        0  system_stm32f10x.o(i.SetSysClockTo72)
    SetSysClockTo72                          0x08000b7d   Thumb Code   160  system_stm32f10x.o(i.SetSysClockTo72)
    i.Show_MainPage                          0x08000c24   Section        0  menu.o(i.Show_MainPage)
    i.Show_Menu                              0x08000ce8   Section        0  menu.o(i.Show_Menu)
    i.Show_MenuRE                            0x08000e6c   Section        0  menu.o(i.Show_MenuRE)
    i.Show_Menu_Config                       0x08000e94   Section        0  menu.o(i.Show_Menu_Config)
    i.SysTick_Handler                        0x08000f18   Section        0  stm32f10x_it.o(i.SysTick_Handler)
    i.SystemInit                             0x08000f1c   Section        0  system_stm32f10x.o(i.SystemInit)
    i.UIConnect                              0x08000f6c   Section        0  menu.o(i.UIConnect)
    i.USART_Cmd                              0x08000f88   Section        0  stm32f10x_usart.o(i.USART_Cmd)
    i.USART_Config                           0x08000f9c   Section        0  usar1t.o(i.USART_Config)
    i.USART_ITConfig                         0x0800104c   Section        0  stm32f10x_usart.o(i.USART_ITConfig)
    i.USART_Init                             0x0800107c   Section        0  stm32f10x_usart.o(i.USART_Init)
    i.UsageFault_Handler                     0x08001128   Section        0  stm32f10x_it.o(i.UsageFault_Handler)
    i.X_To_Menu_Display                      0x0800112c   Section        0  menu.o(i.X_To_Menu_Display)
    i.__0sprintf$6                           0x08001378   Section        0  printf6.o(i.__0sprintf$6)
    i.__scatterload_copy                     0x080013a0   Section       14  handlers.o(i.__scatterload_copy)
    i.__scatterload_null                     0x080013ae   Section        2  handlers.o(i.__scatterload_null)
    i.__scatterload_zeroinit                 0x080013b0   Section       14  handlers.o(i.__scatterload_zeroinit)
    i._printf_core                           0x080013c0   Section        0  printf6.o(i._printf_core)
    _printf_core                             0x080013c1   Thumb Code   748  printf6.o(i._printf_core)
    i._printf_post_padding                   0x080016b0   Section        0  printf6.o(i._printf_post_padding)
    _printf_post_padding                     0x080016b1   Thumb Code    36  printf6.o(i._printf_post_padding)
    i._printf_pre_padding                    0x080016d4   Section        0  printf6.o(i._printf_pre_padding)
    _printf_pre_padding                      0x080016d5   Thumb Code    46  printf6.o(i._printf_pre_padding)
    i._sputc                                 0x08001702   Section        0  printf6.o(i._sputc)
    _sputc                                   0x08001703   Thumb Code    10  printf6.o(i._sputc)
    i.main                                   0x0800170c   Section        0  main.o(i.main)
    i.u8g2_ClearBuffer                       0x08001750   Section        0  u8g2_buffer.o(i.u8g2_ClearBuffer)
    i.u8g2_Config                            0x08001764   Section        0  main.o(i.u8g2_Config)
    i.u8g2_DrawFrame                         0x0800179c   Section        0  u8g2_box.o(i.u8g2_DrawFrame)
    i.u8g2_DrawGlyph                         0x08001824   Section        0  u8g2_font.o(i.u8g2_DrawGlyph)
    i.u8g2_DrawHLine                         0x08001894   Section        0  u8g2_hvline.o(i.u8g2_DrawHLine)
    i.u8g2_DrawHVLine                        0x080018a0   Section        0  u8g2_hvline.o(i.u8g2_DrawHVLine)
    i.u8g2_DrawHXBM                          0x0800194c   Section        0  u8g2_bitmap.o(i.u8g2_DrawHXBM)
    i.u8g2_DrawLine                          0x080019e0   Section        0  u8g2_line.o(i.u8g2_DrawLine)
    i.u8g2_DrawPixel                         0x08001a92   Section        0  u8g2_hvline.o(i.u8g2_DrawPixel)
    i.u8g2_DrawStr                           0x08001ac0   Section        0  u8g2_font.o(i.u8g2_DrawStr)
    i.u8g2_DrawXBM                           0x08001ad0   Section        0  u8g2_bitmap.o(i.u8g2_DrawXBM)
    i.u8g2_IsIntersection                    0x08001b1c   Section        0  u8g2_intersection.o(i.u8g2_IsIntersection)
    i.u8g2_SendBuffer                        0x08001b4c   Section        0  u8g2_buffer.o(i.u8g2_SendBuffer)
    i.u8g2_SetFont                           0x08001b5e   Section        0  u8g2_font.o(i.u8g2_SetFont)
    i.u8g2_SetFontDirection                  0x08001b7e   Section        0  u8g2_font.o(i.u8g2_SetFontDirection)
    i.u8g2_SetFontMode                       0x08001b84   Section        0  u8g2_font.o(i.u8g2_SetFontMode)
    i.u8g2_SetFontPosBaseline                0x08001b8c   Section        0  u8g2_font.o(i.u8g2_SetFontPosBaseline)
    i.u8g2_SetMaxClipWindow                  0x08001b98   Section        0  u8g2_setup.o(i.u8g2_SetMaxClipWindow)
    i.u8g2_SetupBuffer                       0x08001bb4   Section        0  u8g2_setup.o(i.u8g2_SetupBuffer)
    i.u8g2_Setup_ssd1306_i2c_128x64_noname_f 0x08001bfc   Section        0  u8g2_d_setup.o(i.u8g2_Setup_ssd1306_i2c_128x64_noname_f)
    i.u8g2_UpdateRefHeight                   0x08001c34   Section        0  u8g2_font.o(i.u8g2_UpdateRefHeight)
    i.u8g2_add_vector_x                      0x08001c86   Section        0  u8g2_font.o(i.u8g2_add_vector_x)
    i.u8g2_add_vector_y                      0x08001ca2   Section        0  u8g2_font.o(i.u8g2_add_vector_y)
    i.u8g2_apply_clip_window                 0x08001cbe   Section        0  u8g2_setup.o(i.u8g2_apply_clip_window)
    u8g2_apply_clip_window                   0x08001cbf   Thumb Code   110  u8g2_setup.o(i.u8g2_apply_clip_window)
    i.u8g2_clip_intersection2                0x08001d2c   Section        0  u8g2_hvline.o(i.u8g2_clip_intersection2)
    u8g2_clip_intersection2                  0x08001d2d   Thumb Code    60  u8g2_hvline.o(i.u8g2_clip_intersection2)
    i.u8g2_draw_hv_line_2dir                 0x08001d68   Section        0  u8g2_hvline.o(i.u8g2_draw_hv_line_2dir)
    i.u8g2_draw_l90_r0                       0x08001d7a   Section        0  u8g2_setup.o(i.u8g2_draw_l90_r0)
    i.u8g2_draw_string                       0x08001d86   Section        0  u8g2_font.o(i.u8g2_draw_string)
    u8g2_draw_string                         0x08001d87   Thumb Code   118  u8g2_font.o(i.u8g2_draw_string)
    i.u8g2_font_calc_vref_font               0x08001dfc   Section        0  u8g2_font.o(i.u8g2_font_calc_vref_font)
    i.u8g2_font_decode_get_signed_bits       0x08001e00   Section        0  u8g2_font.o(i.u8g2_font_decode_get_signed_bits)
    i.u8g2_font_decode_get_unsigned_bits     0x08001e14   Section        0  u8g2_font.o(i.u8g2_font_decode_get_unsigned_bits)
    i.u8g2_font_decode_glyph                 0x08001e48   Section        0  u8g2_font.o(i.u8g2_font_decode_glyph)
    i.u8g2_font_decode_len                   0x08001f5c   Section        0  u8g2_font.o(i.u8g2_font_decode_len)
    i.u8g2_font_get_glyph_data               0x08001fe8   Section        0  u8g2_font.o(i.u8g2_font_get_glyph_data)
    i.u8g2_font_get_word                     0x0800205a   Section        0  u8g2_font.o(i.u8g2_font_get_word)
    u8g2_font_get_word                       0x0800205b   Thumb Code    20  u8g2_font.o(i.u8g2_font_get_word)
    i.u8g2_font_setup_decode                 0x0800206e   Section        0  u8g2_font.o(i.u8g2_font_setup_decode)
    u8g2_font_setup_decode                   0x0800206f   Thumb Code    52  u8g2_font.o(i.u8g2_font_setup_decode)
    i.u8g2_gpio_and_delay_stm32              0x080020a2   Section        0  mui_u8g2.o(i.u8g2_gpio_and_delay_stm32)
    i.u8g2_is_intersection_decision_tree     0x080020e4   Section        0  u8g2_intersection.o(i.u8g2_is_intersection_decision_tree)
    i.u8g2_ll_hvline_vertical_top_lsb        0x080020fc   Section        0  u8g2_ll_hvline.o(i.u8g2_ll_hvline_vertical_top_lsb)
    i.u8g2_m_16_8_f                          0x0800218c   Section        0  u8g2_d_memory.o(i.u8g2_m_16_8_f)
    i.u8g2_read_font_info                    0x08002198   Section        0  u8g2_font.o(i.u8g2_read_font_info)
    i.u8g2_send_buffer                       0x08002202   Section        0  u8g2_buffer.o(i.u8g2_send_buffer)
    u8g2_send_buffer                         0x08002203   Thumb Code    78  u8g2_buffer.o(i.u8g2_send_buffer)
    i.u8g2_update_dimension_common           0x08002250   Section        0  u8g2_setup.o(i.u8g2_update_dimension_common)
    u8g2_update_dimension_common             0x08002251   Thumb Code    70  u8g2_setup.o(i.u8g2_update_dimension_common)
    i.u8g2_update_dimension_r0               0x08002296   Section        0  u8g2_setup.o(i.u8g2_update_dimension_r0)
    i.u8g2_update_page_win_r0                0x0800229a   Section        0  u8g2_setup.o(i.u8g2_update_page_win_r0)
    i.u8x8_DrawTile                          0x080022bc   Section        0  u8x8_display.o(i.u8x8_DrawTile)
    i.u8x8_InitDisplay                       0x080022da   Section        0  u8x8_display.o(i.u8x8_InitDisplay)
    i.u8x8_RefreshDisplay                    0x080022ea   Section        0  u8x8_display.o(i.u8x8_RefreshDisplay)
    i.u8x8_SetPowerSave                      0x080022fa   Section        0  u8x8_display.o(i.u8x8_SetPowerSave)
    i.u8x8_Setup                             0x0800230a   Section        0  u8x8_setup.o(i.u8x8_Setup)
    i.u8x8_SetupDefaults                     0x0800232c   Section        0  u8x8_setup.o(i.u8x8_SetupDefaults)
    i.u8x8_SetupMemory                       0x08002350   Section        0  u8x8_display.o(i.u8x8_SetupMemory)
    i.u8x8_ascii_next                        0x08002360   Section        0  u8x8_8x8.o(i.u8x8_ascii_next)
    i.u8x8_byte_EndTransfer                  0x0800236e   Section        0  u8x8_byte.o(i.u8x8_byte_EndTransfer)
    i.u8x8_byte_SendByte                     0x0800237e   Section        0  u8x8_byte.o(i.u8x8_byte_SendByte)
    i.u8x8_byte_StartTransfer                0x0800238c   Section        0  u8x8_byte.o(i.u8x8_byte_StartTransfer)
    i.u8x8_byte_hw_i2c                       0x0800239c   Section        0  u8x8_byte.o(i.u8x8_byte_hw_i2c)
    i.u8x8_cad_EndTransfer                   0x08002488   Section        0  u8x8_cad.o(i.u8x8_cad_EndTransfer)
    i.u8x8_cad_SendArg                       0x08002498   Section        0  u8x8_cad.o(i.u8x8_cad_SendArg)
    i.u8x8_cad_SendCmd                       0x080024a8   Section        0  u8x8_cad.o(i.u8x8_cad_SendCmd)
    i.u8x8_cad_SendData                      0x080024b8   Section        0  u8x8_cad.o(i.u8x8_cad_SendData)
    i.u8x8_cad_SendSequence                  0x080024c8   Section        0  u8x8_cad.o(i.u8x8_cad_SendSequence)
    i.u8x8_cad_StartTransfer                 0x08002530   Section        0  u8x8_cad.o(i.u8x8_cad_StartTransfer)
    i.u8x8_cad_ssd13xx_fast_i2c              0x08002540   Section        0  u8x8_cad.o(i.u8x8_cad_ssd13xx_fast_i2c)
    i.u8x8_d_helper_display_init             0x080025fc   Section        0  u8x8_display.o(i.u8x8_d_helper_display_init)
    i.u8x8_d_helper_display_setup_memory     0x0800265c   Section        0  u8x8_display.o(i.u8x8_d_helper_display_setup_memory)
    i.u8x8_d_ssd1306_128x64_noname           0x08002668   Section        0  u8x8_d_ssd1306_128x64_noname.o(i.u8x8_d_ssd1306_128x64_noname)
    i.u8x8_d_ssd1306_sh1106_generic          0x080026a4   Section        0  u8x8_d_ssd1306_128x64_noname.o(i.u8x8_d_ssd1306_sh1106_generic)
    u8x8_d_ssd1306_sh1106_generic            0x080026a5   Thumb Code   196  u8x8_d_ssd1306_128x64_noname.o(i.u8x8_d_ssd1306_sh1106_generic)
    i.u8x8_dummy_cb                          0x0800276c   Section        0  u8x8_setup.o(i.u8x8_dummy_cb)
    i.u8x8_gpio_call                         0x08002770   Section        0  u8x8_gpio.o(i.u8x8_gpio_call)
    i.u8x8_i2c_data_transfer                 0x0800277c   Section        0  u8x8_cad.o(i.u8x8_i2c_data_transfer)
    u8x8_i2c_data_transfer                   0x0800277d   Thumb Code    44  u8x8_cad.o(i.u8x8_i2c_data_transfer)
    i.u8x8_utf8_init                         0x080027a8   Section        0  u8x8_8x8.o(i.u8x8_utf8_init)
    i.ui_left_one_Picture                    0x080027b0   Section        0  menu.o(i.ui_left_one_Picture)
    i.ui_right_one_Picture                   0x080027b8   Section        0  menu.o(i.ui_right_one_Picture)
    i.ui_run                                 0x080027c0   Section        0  menu.o(i.ui_run)
    .constdata                               0x080027f0   Section     2683  u8g2_fonts.o(.constdata)
    .constdata                               0x0800326b   Section     1465  u8g2_fonts.o(.constdata)
    .constdata                               0x08003824   Section     2088  u8g2_fonts.o(.constdata)
    .constdata                               0x0800404c   Section       12  u8g2_setup.o(.constdata)
    .constdata                               0x08004058   Section      344  u8x8_d_ssd1306_128x64_noname.o(.constdata)
    u8x8_d_ssd1306_128x64_noname_powersave0_seq 0x08004058   Data           5  u8x8_d_ssd1306_128x64_noname.o(.constdata)
    u8x8_d_ssd1306_128x64_noname_powersave1_seq 0x0800405d   Data           5  u8x8_d_ssd1306_128x64_noname.o(.constdata)
    u8x8_d_ssd1306_128x64_noname_flip0_seq   0x08004062   Data           7  u8x8_d_ssd1306_128x64_noname.o(.constdata)
    u8x8_d_ssd1306_128x64_noname_flip1_seq   0x08004069   Data           7  u8x8_d_ssd1306_128x64_noname.o(.constdata)
    u8x8_d_ssd1312_128x64_noname_flip0_seq   0x08004070   Data           7  u8x8_d_ssd1306_128x64_noname.o(.constdata)
    u8x8_d_ssd1312_128x64_noname_flip1_seq   0x08004077   Data           7  u8x8_d_ssd1306_128x64_noname.o(.constdata)
    u8x8_d_ssd1306_128x64_noname_init_seq    0x0800407e   Data          53  u8x8_d_ssd1306_128x64_noname.o(.constdata)
    u8x8_d_ssd1306_128x64_vcomh0_init_seq    0x080040b3   Data          53  u8x8_d_ssd1306_128x64_noname.o(.constdata)
    u8x8_d_ssd1306_128x64_alt0_init_seq      0x080040e8   Data          53  u8x8_d_ssd1306_128x64_noname.o(.constdata)
    u8x8_d_sh1106_128x64_winstar_init_seq    0x0800411d   Data          45  u8x8_d_ssd1306_128x64_noname.o(.constdata)
    u8x8_d_ssd1312_128x64_noname_init_seq    0x0800414a   Data          53  u8x8_d_ssd1306_128x64_noname.o(.constdata)
    u8x8_ssd1306_128x64_noname_display_info  0x08004180   Data          24  u8x8_d_ssd1306_128x64_noname.o(.constdata)
    u8x8_sh1106_128x64_noname_display_info   0x08004198   Data          24  u8x8_d_ssd1306_128x64_noname.o(.constdata)
    .constdata                               0x080041b0   Section      128  menu.o(.constdata)
    .constdata                               0x08004230   Section      128  menu.o(.constdata)
    .constdata                               0x080042b0   Section      128  menu.o(.constdata)
    .constdata                               0x08004330   Section      200  menu.o(.constdata)
    .conststring                             0x080043f8   Section      250  menu.o(.conststring)
    .data                                    0x20000000   Section       20  stm32f10x_rcc.o(.data)
    ADCPrescTable                            0x20000000   Data           4  stm32f10x_rcc.o(.data)
    APBAHBPrescTable                         0x20000004   Data          16  stm32f10x_rcc.o(.data)
    .data                                    0x20000014   Section        6  u8x8_cad.o(.data)
    in_transfer                              0x20000014   Data           1  u8x8_cad.o(.data)
    in_transfer                              0x20000015   Data           1  u8x8_cad.o(.data)
    in_transfer                              0x20000016   Data           1  u8x8_cad.o(.data)
    is_data                                  0x20000017   Data           1  u8x8_cad.o(.data)
    in_transfer                              0x20000018   Data           1  u8x8_cad.o(.data)
    is_data                                  0x20000019   Data           1  u8x8_cad.o(.data)
    .data                                    0x2000001c   Section      320  menu.o(.data)
    Picture_Flag                             0x2000001c   Data           1  menu.o(.data)
    Box_x                                    0x2000001f   Data           1  menu.o(.data)
    Box_y                                    0x20000020   Data           1  menu.o(.data)
    Box_w                                    0x20000021   Data           1  menu.o(.data)
    Box_h                                    0x20000022   Data           1  menu.o(.data)
    Box_x_trg                                0x20000023   Data           1  menu.o(.data)
    Box_y_trg                                0x20000024   Data           1  menu.o(.data)
    Box_w_trg                                0x20000025   Data           1  menu.o(.data)
    Box_h_trg                                0x20000026   Data           1  menu.o(.data)
    Box_Flag                                 0x20000027   Data           1  menu.o(.data)
    timeSecondCount                          0x20000030   Data           4  menu.o(.data)
    .bss                                     0x2000015c   Section      148  main.o(.bss)
    .bss                                     0x200001f0   Section     1024  u8g2_d_memory.o(.bss)
    buf                                      0x200001f0   Data        1024  u8g2_d_memory.o(.bss)
    STACK                                    0x200005f0   Section     1024  startup_stm32f10x_md.o(STACK)

    Global Symbols

    Symbol Name                              Value     Ov Type        Size  Object(Section)

    BuildAttributes$$THM_ISAv4$P$D$K$B$S$PE$A:L22UL41UL21$X:L11$S22US41US21$IEEE1$IW$USESV6$~STKCKD$USESV7$~SHL$OSPACE$ROPI$EBA8$MICROLIB$REQ8$PRES8$EABIv2 0x00000000   Number         0  anon$$obj.o ABSOLUTE
    __ARM_use_no_argv                        0x00000000   Number         0  main.o ABSOLUTE
    _printf_a                                0x00000000   Number         0  stubs.o ABSOLUTE
    _printf_c                                0x00000000   Number         0  stubs.o ABSOLUTE
    _printf_charcount                        0x00000000   Number         0  stubs.o ABSOLUTE
    _printf_d                                0x00000000   Number         0  stubs.o ABSOLUTE
    _printf_e                                0x00000000   Number         0  stubs.o ABSOLUTE
    _printf_f                                0x00000000   Number         0  stubs.o ABSOLUTE
    _printf_flags                            0x00000000   Number         0  stubs.o ABSOLUTE
    _printf_fp_dec                           0x00000000   Number         0  stubs.o ABSOLUTE
    _printf_fp_hex                           0x00000000   Number         0  stubs.o ABSOLUTE
    _printf_g                                0x00000000   Number         0  stubs.o ABSOLUTE
    _printf_i                                0x00000000   Number         0  stubs.o ABSOLUTE
    _printf_int_dec                          0x00000000   Number         0  stubs.o ABSOLUTE
    _printf_l                                0x00000000   Number         0  stubs.o ABSOLUTE
    _printf_lc                               0x00000000   Number         0  stubs.o ABSOLUTE
    _printf_ll                               0x00000000   Number         0  stubs.o ABSOLUTE
    _printf_lld                              0x00000000   Number         0  stubs.o ABSOLUTE
    _printf_lli                              0x00000000   Number         0  stubs.o ABSOLUTE
    _printf_llo                              0x00000000   Number         0  stubs.o ABSOLUTE
    _printf_llu                              0x00000000   Number         0  stubs.o ABSOLUTE
    _printf_llx                              0x00000000   Number         0  stubs.o ABSOLUTE
    _printf_longlong_dec                     0x00000000   Number         0  stubs.o ABSOLUTE
    _printf_longlong_hex                     0x00000000   Number         0  stubs.o ABSOLUTE
    _printf_longlong_oct                     0x00000000   Number         0  stubs.o ABSOLUTE
    _printf_ls                               0x00000000   Number         0  stubs.o ABSOLUTE
    _printf_mbtowc                           0x00000000   Number         0  stubs.o ABSOLUTE
    _printf_n                                0x00000000   Number         0  stubs.o ABSOLUTE
    _printf_o                                0x00000000   Number         0  stubs.o ABSOLUTE
    _printf_p                                0x00000000   Number         0  stubs.o ABSOLUTE
    _printf_percent                          0x00000000   Number         0  stubs.o ABSOLUTE
    _printf_pre_padding                      0x00000000   Number         0  stubs.o ABSOLUTE
    _printf_return_value                     0x00000000   Number         0  stubs.o ABSOLUTE
    _printf_s                                0x00000000   Number         0  stubs.o ABSOLUTE
    _printf_sizespec                         0x00000000   Number         0  stubs.o ABSOLUTE
    _printf_str                              0x00000000   Number         0  stubs.o ABSOLUTE
    _printf_truncate_signed                  0x00000000   Number         0  stubs.o ABSOLUTE
    _printf_truncate_unsigned                0x00000000   Number         0  stubs.o ABSOLUTE
    _printf_u                                0x00000000   Number         0  stubs.o ABSOLUTE
    _printf_wc                               0x00000000   Number         0  stubs.o ABSOLUTE
    _printf_wctomb                           0x00000000   Number         0  stubs.o ABSOLUTE
    _printf_widthprec                        0x00000000   Number         0  stubs.o ABSOLUTE
    _printf_x                                0x00000000   Number         0  stubs.o ABSOLUTE
    __cpp_initialize__aeabi_                  - Undefined Weak Reference
    __cxa_finalize                            - Undefined Weak Reference
    _clock_init                               - Undefined Weak Reference
    _microlib_exit                            - Undefined Weak Reference
    __Vectors_Size                           0x000000ec   Number         0  startup_stm32f10x_md.o ABSOLUTE
    __Vectors                                0x08000000   Data           4  startup_stm32f10x_md.o(RESET)
    __Vectors_End                            0x080000ec   Data           0  startup_stm32f10x_md.o(RESET)
    __main                                   0x080000ed   Thumb Code     0  entry.o(.ARM.Collect$$$$00000000)
    _main_stk                                0x080000ed   Thumb Code     0  entry2.o(.ARM.Collect$$$$00000001)
    _main_scatterload                        0x080000f1   Thumb Code     0  entry5.o(.ARM.Collect$$$$00000004)
    __main_after_scatterload                 0x080000f5   Thumb Code     0  entry5.o(.ARM.Collect$$$$00000004)
    _main_clock                              0x080000f5   Thumb Code     0  entry7b.o(.ARM.Collect$$$$00000008)
    _main_cpp_init                           0x080000f5   Thumb Code     0  entry8b.o(.ARM.Collect$$$$0000000A)
    _main_init                               0x080000f5   Thumb Code     0  entry9a.o(.ARM.Collect$$$$0000000B)
    __rt_final_cpp                           0x080000fd   Thumb Code     0  entry10a.o(.ARM.Collect$$$$0000000D)
    __rt_final_exit                          0x080000fd   Thumb Code     0  entry11a.o(.ARM.Collect$$$$0000000F)
    Reset_Handler                            0x08000101   Thumb Code     8  startup_stm32f10x_md.o(.text)
    ADC1_2_IRQHandler                        0x0800011b   Thumb Code     0  startup_stm32f10x_md.o(.text)
    CAN1_RX1_IRQHandler                      0x0800011b   Thumb Code     0  startup_stm32f10x_md.o(.text)
    CAN1_SCE_IRQHandler                      0x0800011b   Thumb Code     0  startup_stm32f10x_md.o(.text)
    DMA1_Channel1_IRQHandler                 0x0800011b   Thumb Code     0  startup_stm32f10x_md.o(.text)
    DMA1_Channel2_IRQHandler                 0x0800011b   Thumb Code     0  startup_stm32f10x_md.o(.text)
    DMA1_Channel3_IRQHandler                 0x0800011b   Thumb Code     0  startup_stm32f10x_md.o(.text)
    DMA1_Channel4_IRQHandler                 0x0800011b   Thumb Code     0  startup_stm32f10x_md.o(.text)
    DMA1_Channel5_IRQHandler                 0x0800011b   Thumb Code     0  startup_stm32f10x_md.o(.text)
    DMA1_Channel6_IRQHandler                 0x0800011b   Thumb Code     0  startup_stm32f10x_md.o(.text)
    DMA1_Channel7_IRQHandler                 0x0800011b   Thumb Code     0  startup_stm32f10x_md.o(.text)
    EXTI0_IRQHandler                         0x0800011b   Thumb Code     0  startup_stm32f10x_md.o(.text)
    EXTI15_10_IRQHandler                     0x0800011b   Thumb Code     0  startup_stm32f10x_md.o(.text)
    EXTI1_IRQHandler                         0x0800011b   Thumb Code     0  startup_stm32f10x_md.o(.text)
    EXTI2_IRQHandler                         0x0800011b   Thumb Code     0  startup_stm32f10x_md.o(.text)
    EXTI3_IRQHandler                         0x0800011b   Thumb Code     0  startup_stm32f10x_md.o(.text)
    EXTI4_IRQHandler                         0x0800011b   Thumb Code     0  startup_stm32f10x_md.o(.text)
    EXTI9_5_IRQHandler                       0x0800011b   Thumb Code     0  startup_stm32f10x_md.o(.text)
    FLASH_IRQHandler                         0x0800011b   Thumb Code     0  startup_stm32f10x_md.o(.text)
    I2C1_ER_IRQHandler                       0x0800011b   Thumb Code     0  startup_stm32f10x_md.o(.text)
    I2C1_EV_IRQHandler                       0x0800011b   Thumb Code     0  startup_stm32f10x_md.o(.text)
    I2C2_ER_IRQHandler                       0x0800011b   Thumb Code     0  startup_stm32f10x_md.o(.text)
    I2C2_EV_IRQHandler                       0x0800011b   Thumb Code     0  startup_stm32f10x_md.o(.text)
    PVD_IRQHandler                           0x0800011b   Thumb Code     0  startup_stm32f10x_md.o(.text)
    RCC_IRQHandler                           0x0800011b   Thumb Code     0  startup_stm32f10x_md.o(.text)
    RTCAlarm_IRQHandler                      0x0800011b   Thumb Code     0  startup_stm32f10x_md.o(.text)
    RTC_IRQHandler                           0x0800011b   Thumb Code     0  startup_stm32f10x_md.o(.text)
    SPI1_IRQHandler                          0x0800011b   Thumb Code     0  startup_stm32f10x_md.o(.text)
    SPI2_IRQHandler                          0x0800011b   Thumb Code     0  startup_stm32f10x_md.o(.text)
    TAMPER_IRQHandler                        0x0800011b   Thumb Code     0  startup_stm32f10x_md.o(.text)
    TIM1_BRK_IRQHandler                      0x0800011b   Thumb Code     0  startup_stm32f10x_md.o(.text)
    TIM1_CC_IRQHandler                       0x0800011b   Thumb Code     0  startup_stm32f10x_md.o(.text)
    TIM1_TRG_COM_IRQHandler                  0x0800011b   Thumb Code     0  startup_stm32f10x_md.o(.text)
    TIM1_UP_IRQHandler                       0x0800011b   Thumb Code     0  startup_stm32f10x_md.o(.text)
    TIM2_IRQHandler                          0x0800011b   Thumb Code     0  startup_stm32f10x_md.o(.text)
    TIM3_IRQHandler                          0x0800011b   Thumb Code     0  startup_stm32f10x_md.o(.text)
    TIM4_IRQHandler                          0x0800011b   Thumb Code     0  startup_stm32f10x_md.o(.text)
    USART1_IRQHandler                        0x0800011b   Thumb Code     0  startup_stm32f10x_md.o(.text)
    USART2_IRQHandler                        0x0800011b   Thumb Code     0  startup_stm32f10x_md.o(.text)
    USART3_IRQHandler                        0x0800011b   Thumb Code     0  startup_stm32f10x_md.o(.text)
    USBWakeUp_IRQHandler                     0x0800011b   Thumb Code     0  startup_stm32f10x_md.o(.text)
    USB_HP_CAN1_TX_IRQHandler                0x0800011b   Thumb Code     0  startup_stm32f10x_md.o(.text)
    USB_LP_CAN1_RX0_IRQHandler               0x0800011b   Thumb Code     0  startup_stm32f10x_md.o(.text)
    WWDG_IRQHandler                          0x0800011b   Thumb Code     0  startup_stm32f10x_md.o(.text)
    __aeabi_memset                           0x08000125   Thumb Code    14  memseta.o(.text)
    __aeabi_memset4                          0x08000125   Thumb Code     0  memseta.o(.text)
    __aeabi_memset8                          0x08000125   Thumb Code     0  memseta.o(.text)
    __aeabi_memclr                           0x08000133   Thumb Code     4  memseta.o(.text)
    __aeabi_memclr4                          0x08000133   Thumb Code     0  memseta.o(.text)
    __aeabi_memclr8                          0x08000133   Thumb Code     0  memseta.o(.text)
    _memset$wrapper                          0x08000137   Thumb Code    18  memseta.o(.text)
    strlen                                   0x08000149   Thumb Code    14  strlen.o(.text)
    __aeabi_uidiv                            0x08000157   Thumb Code     0  uidiv.o(.text)
    __aeabi_uidivmod                         0x08000157   Thumb Code    44  uidiv.o(.text)
    __scatterload                            0x08000185   Thumb Code    28  init.o(.text)
    __scatterload_rt2                        0x08000185   Thumb Code     0  init.o(.text)
    __decompress                             0x080001a9   Thumb Code     0  __dczerorl2.o(.text)
    __decompress1                            0x080001a9   Thumb Code    86  __dczerorl2.o(.text)
    BusFault_Handler                         0x080001ff   Thumb Code     2  stm32f10x_it.o(i.BusFault_Handler)
    Creat_Childv2_Menu                       0x08000201   Thumb Code   488  menu.o(i.Creat_Childv2_Menu)
    DebugMon_Handler                         0x080003f1   Thumb Code     2  stm32f10x_it.o(i.DebugMon_Handler)
    Delay_ms                                 0x080003f3   Thumb Code    22  delay.o(i.Delay_ms)
    Delay_us                                 0x08000409   Thumb Code    32  delay.o(i.Delay_us)
    GPIO_Init                                0x08000429   Thumb Code   162  stm32f10x_gpio.o(i.GPIO_Init)
    GPIO_ReadInputDataBit                    0x080004cb   Thumb Code    14  stm32f10x_gpio.o(i.GPIO_ReadInputDataBit)
    HardFault_Handler                        0x080004d9   Thumb Code     2  stm32f10x_it.o(i.HardFault_Handler)
    I2C_CheckEvent                           0x080004db   Thumb Code    24  stm32f10x_i2c.o(i.I2C_CheckEvent)
    I2C_Cmd                                  0x080004f3   Thumb Code    20  stm32f10x_i2c.o(i.I2C_Cmd)
    I2C_Config                               0x08000509   Thumb Code    70  u8x8_byte.o(i.I2C_Config)
    I2C_GenerateSTART                        0x08000555   Thumb Code    20  stm32f10x_i2c.o(i.I2C_GenerateSTART)
    I2C_GenerateSTOP                         0x08000569   Thumb Code    20  stm32f10x_i2c.o(i.I2C_GenerateSTOP)
    I2C_GetFlagStatus                        0x0800057d   Thumb Code    42  stm32f10x_i2c.o(i.I2C_GetFlagStatus)
    I2C_Init                                 0x080005a9   Thumb Code   178  stm32f10x_i2c.o(i.I2C_Init)
    I2C_Send7bitAddress                      0x08000665   Thumb Code    16  stm32f10x_i2c.o(i.I2C_Send7bitAddress)
    I2C_SendData                             0x08000675   Thumb Code     4  stm32f10x_i2c.o(i.I2C_SendData)
    Key_GetNum                               0x08000679   Thumb Code   182  key.o(i.Key_GetNum)
    Key_Init                                 0x08000735   Thumb Code    40  key.o(i.Key_Init)
    MemManage_Handler                        0x08000761   Thumb Code     2  stm32f10x_it.o(i.MemManage_Handler)
    Menu_To_X_Display                        0x08000765   Thumb Code   630  menu.o(i.Menu_To_X_Display)
    MyTimeFun                                0x080009e9   Thumb Code    42  menu.o(i.MyTimeFun)
    MyTimeSecondRun                          0x08000a19   Thumb Code    26  menu.o(i.MyTimeSecondRun)
    NMI_Handler                              0x08000a39   Thumb Code     2  stm32f10x_it.o(i.NMI_Handler)
    NVIC_Init                                0x08000a3d   Thumb Code    94  misc.o(i.NVIC_Init)
    NVIC_PriorityGroupConfig                 0x08000aa1   Thumb Code    10  misc.o(i.NVIC_PriorityGroupConfig)
    PendSV_Handler                           0x08000ab5   Thumb Code     2  stm32f10x_it.o(i.PendSV_Handler)
    RCC_APB1PeriphClockCmd                   0x08000ab9   Thumb Code    18  stm32f10x_rcc.o(i.RCC_APB1PeriphClockCmd)
    RCC_APB2PeriphClockCmd                   0x08000ad1   Thumb Code    18  stm32f10x_rcc.o(i.RCC_APB2PeriphClockCmd)
    RCC_GetClocksFreq                        0x08000ae9   Thumb Code   128  stm32f10x_rcc.o(i.RCC_GetClocksFreq)
    SVC_Handler                              0x08000b79   Thumb Code     2  stm32f10x_it.o(i.SVC_Handler)
    Show_MainPage                            0x08000c25   Thumb Code   146  menu.o(i.Show_MainPage)
    Show_Menu                                0x08000ce9   Thumb Code   374  menu.o(i.Show_Menu)
    Show_MenuRE                              0x08000e6d   Thumb Code    34  menu.o(i.Show_MenuRE)
    Show_Menu_Config                         0x08000e95   Thumb Code   116  menu.o(i.Show_Menu_Config)
    SysTick_Handler                          0x08000f19   Thumb Code     2  stm32f10x_it.o(i.SysTick_Handler)
    SystemInit                               0x08000f1d   Thumb Code    64  system_stm32f10x.o(i.SystemInit)
    UIConnect                                0x08000f6d   Thumb Code    24  menu.o(i.UIConnect)
    USART_Cmd                                0x08000f89   Thumb Code    20  stm32f10x_usart.o(i.USART_Cmd)
    USART_Config                             0x08000f9d   Thumb Code   168  usar1t.o(i.USART_Config)
    USART_ITConfig                           0x0800104d   Thumb Code    48  stm32f10x_usart.o(i.USART_ITConfig)
    USART_Init                               0x0800107d   Thumb Code   166  stm32f10x_usart.o(i.USART_Init)
    UsageFault_Handler                       0x08001129   Thumb Code     2  stm32f10x_it.o(i.UsageFault_Handler)
    X_To_Menu_Display                        0x0800112d   Thumb Code   574  menu.o(i.X_To_Menu_Display)
    __0sprintf$6                             0x08001379   Thumb Code    34  printf6.o(i.__0sprintf$6)
    __1sprintf$6                             0x08001379   Thumb Code     0  printf6.o(i.__0sprintf$6)
    __2sprintf                               0x08001379   Thumb Code     0  printf6.o(i.__0sprintf$6)
    __scatterload_copy                       0x080013a1   Thumb Code    14  handlers.o(i.__scatterload_copy)
    __scatterload_null                       0x080013af   Thumb Code     2  handlers.o(i.__scatterload_null)
    __scatterload_zeroinit                   0x080013b1   Thumb Code    14  handlers.o(i.__scatterload_zeroinit)
    main                                     0x0800170d   Thumb Code    60  main.o(i.main)
    u8g2_ClearBuffer                         0x08001751   Thumb Code    18  u8g2_buffer.o(i.u8g2_ClearBuffer)
    u8g2_Config                              0x08001765   Thumb Code    38  main.o(i.u8g2_Config)
    u8g2_DrawFrame                           0x0800179d   Thumb Code   136  u8g2_box.o(i.u8g2_DrawFrame)
    u8g2_DrawGlyph                           0x08001825   Thumb Code   112  u8g2_font.o(i.u8g2_DrawGlyph)
    u8g2_DrawHLine                           0x08001895   Thumb Code    12  u8g2_hvline.o(i.u8g2_DrawHLine)
    u8g2_DrawHVLine                          0x080018a1   Thumb Code   172  u8g2_hvline.o(i.u8g2_DrawHVLine)
    u8g2_DrawHXBM                            0x0800194d   Thumb Code   148  u8g2_bitmap.o(i.u8g2_DrawHXBM)
    u8g2_DrawLine                            0x080019e1   Thumb Code   178  u8g2_line.o(i.u8g2_DrawLine)
    u8g2_DrawPixel                           0x08001a93   Thumb Code    46  u8g2_hvline.o(i.u8g2_DrawPixel)
    u8g2_DrawStr                             0x08001ac1   Thumb Code    12  u8g2_font.o(i.u8g2_DrawStr)
    u8g2_DrawXBM                             0x08001ad1   Thumb Code    76  u8g2_bitmap.o(i.u8g2_DrawXBM)
    u8g2_IsIntersection                      0x08001b1d   Thumb Code    48  u8g2_intersection.o(i.u8g2_IsIntersection)
    u8g2_SendBuffer                          0x08001b4d   Thumb Code    18  u8g2_buffer.o(i.u8g2_SendBuffer)
    u8g2_SetFont                             0x08001b5f   Thumb Code    32  u8g2_font.o(i.u8g2_SetFont)
    u8g2_SetFontDirection                    0x08001b7f   Thumb Code     6  u8g2_font.o(i.u8g2_SetFontDirection)
    u8g2_SetFontMode                         0x08001b85   Thumb Code     6  u8g2_font.o(i.u8g2_SetFontMode)
    u8g2_SetFontPosBaseline                  0x08001b8d   Thumb Code     6  u8g2_font.o(i.u8g2_SetFontPosBaseline)
    u8g2_SetMaxClipWindow                    0x08001b99   Thumb Code    28  u8g2_setup.o(i.u8g2_SetMaxClipWindow)
    u8g2_SetupBuffer                         0x08001bb5   Thumb Code    70  u8g2_setup.o(i.u8g2_SetupBuffer)
    u8g2_Setup_ssd1306_i2c_128x64_noname_f   0x08001bfd   Thumb Code    42  u8g2_d_setup.o(i.u8g2_Setup_ssd1306_i2c_128x64_noname_f)
    u8g2_UpdateRefHeight                     0x08001c35   Thumb Code    82  u8g2_font.o(i.u8g2_UpdateRefHeight)
    u8g2_add_vector_x                        0x08001c87   Thumb Code    28  u8g2_font.o(i.u8g2_add_vector_x)
    u8g2_add_vector_y                        0x08001ca3   Thumb Code    28  u8g2_font.o(i.u8g2_add_vector_y)
    u8g2_draw_hv_line_2dir                   0x08001d69   Thumb Code    18  u8g2_hvline.o(i.u8g2_draw_hv_line_2dir)
    u8g2_draw_l90_r0                         0x08001d7b   Thumb Code    12  u8g2_setup.o(i.u8g2_draw_l90_r0)
    u8g2_font_calc_vref_font                 0x08001dfd   Thumb Code     4  u8g2_font.o(i.u8g2_font_calc_vref_font)
    u8g2_font_decode_get_signed_bits         0x08001e01   Thumb Code    20  u8g2_font.o(i.u8g2_font_decode_get_signed_bits)
    u8g2_font_decode_get_unsigned_bits       0x08001e15   Thumb Code    52  u8g2_font.o(i.u8g2_font_decode_get_unsigned_bits)
    u8g2_font_decode_glyph                   0x08001e49   Thumb Code   276  u8g2_font.o(i.u8g2_font_decode_glyph)
    u8g2_font_decode_len                     0x08001f5d   Thumb Code   140  u8g2_font.o(i.u8g2_font_decode_len)
    u8g2_font_get_glyph_data                 0x08001fe9   Thumb Code   114  u8g2_font.o(i.u8g2_font_get_glyph_data)
    u8g2_gpio_and_delay_stm32                0x080020a3   Thumb Code    66  mui_u8g2.o(i.u8g2_gpio_and_delay_stm32)
    u8g2_is_intersection_decision_tree       0x080020e5   Thumb Code    24  u8g2_intersection.o(i.u8g2_is_intersection_decision_tree)
    u8g2_ll_hvline_vertical_top_lsb          0x080020fd   Thumb Code   144  u8g2_ll_hvline.o(i.u8g2_ll_hvline_vertical_top_lsb)
    u8g2_m_16_8_f                            0x0800218d   Thumb Code     8  u8g2_d_memory.o(i.u8g2_m_16_8_f)
    u8g2_read_font_info                      0x08002199   Thumb Code   106  u8g2_font.o(i.u8g2_read_font_info)
    u8g2_update_dimension_r0                 0x08002297   Thumb Code     4  u8g2_setup.o(i.u8g2_update_dimension_r0)
    u8g2_update_page_win_r0                  0x0800229b   Thumb Code    34  u8g2_setup.o(i.u8g2_update_page_win_r0)
    u8x8_DrawTile                            0x080022bd   Thumb Code    30  u8x8_display.o(i.u8x8_DrawTile)
    u8x8_InitDisplay                         0x080022db   Thumb Code    16  u8x8_display.o(i.u8x8_InitDisplay)
    u8x8_RefreshDisplay                      0x080022eb   Thumb Code    16  u8x8_display.o(i.u8x8_RefreshDisplay)
    u8x8_SetPowerSave                        0x080022fb   Thumb Code    16  u8x8_display.o(i.u8x8_SetPowerSave)
    u8x8_Setup                               0x0800230b   Thumb Code    34  u8x8_setup.o(i.u8x8_Setup)
    u8x8_SetupDefaults                       0x0800232d   Thumb Code    32  u8x8_setup.o(i.u8x8_SetupDefaults)
    u8x8_SetupMemory                         0x08002351   Thumb Code    16  u8x8_display.o(i.u8x8_SetupMemory)
    u8x8_ascii_next                          0x08002361   Thumb Code    14  u8x8_8x8.o(i.u8x8_ascii_next)
    u8x8_byte_EndTransfer                    0x0800236f   Thumb Code    16  u8x8_byte.o(i.u8x8_byte_EndTransfer)
    u8x8_byte_SendByte                       0x0800237f   Thumb Code    14  u8x8_byte.o(i.u8x8_byte_SendByte)
    u8x8_byte_StartTransfer                  0x0800238d   Thumb Code    16  u8x8_byte.o(i.u8x8_byte_StartTransfer)
    u8x8_byte_hw_i2c                         0x0800239d   Thumb Code   218  u8x8_byte.o(i.u8x8_byte_hw_i2c)
    u8x8_cad_EndTransfer                     0x08002489   Thumb Code    16  u8x8_cad.o(i.u8x8_cad_EndTransfer)
    u8x8_cad_SendArg                         0x08002499   Thumb Code    16  u8x8_cad.o(i.u8x8_cad_SendArg)
    u8x8_cad_SendCmd                         0x080024a9   Thumb Code    16  u8x8_cad.o(i.u8x8_cad_SendCmd)
    u8x8_cad_SendData                        0x080024b9   Thumb Code    16  u8x8_cad.o(i.u8x8_cad_SendData)
    u8x8_cad_SendSequence                    0x080024c9   Thumb Code   104  u8x8_cad.o(i.u8x8_cad_SendSequence)
    u8x8_cad_StartTransfer                   0x08002531   Thumb Code    16  u8x8_cad.o(i.u8x8_cad_StartTransfer)
    u8x8_cad_ssd13xx_fast_i2c                0x08002541   Thumb Code   182  u8x8_cad.o(i.u8x8_cad_ssd13xx_fast_i2c)
    u8x8_d_helper_display_init               0x080025fd   Thumb Code    96  u8x8_display.o(i.u8x8_d_helper_display_init)
    u8x8_d_helper_display_setup_memory       0x0800265d   Thumb Code    10  u8x8_display.o(i.u8x8_d_helper_display_setup_memory)
    u8x8_d_ssd1306_128x64_noname             0x08002669   Thumb Code    52  u8x8_d_ssd1306_128x64_noname.o(i.u8x8_d_ssd1306_128x64_noname)
    u8x8_dummy_cb                            0x0800276d   Thumb Code     4  u8x8_setup.o(i.u8x8_dummy_cb)
    u8x8_gpio_call                           0x08002771   Thumb Code    12  u8x8_gpio.o(i.u8x8_gpio_call)
    u8x8_utf8_init                           0x080027a9   Thumb Code     8  u8x8_8x8.o(i.u8x8_utf8_init)
    ui_left_one_Picture                      0x080027b1   Thumb Code     8  menu.o(i.ui_left_one_Picture)
    ui_right_one_Picture                     0x080027b9   Thumb Code     8  menu.o(i.ui_right_one_Picture)
    ui_run                                   0x080027c1   Thumb Code    48  menu.o(i.ui_run)
    u8g2_font_spleen6x12_mf                  0x080027f0   Data        2683  u8g2_fonts.o(.constdata)
    u8g2_font_helvR12_tr                     0x0800326b   Data        1465  u8g2_fonts.o(.constdata)
    u8g2_font_ncenB14_tr                     0x08003824   Data        2088  u8g2_fonts.o(.constdata)
    u8g2_cb_r0                               0x0800404c   Data          12  u8g2_setup.o(.constdata)
    game                                     0x080041b0   Data         128  menu.o(.constdata)
    wechat                                   0x08004230   Data         128  menu.o(.constdata)
    setting                                  0x080042b0   Data         128  menu.o(.constdata)
    arrowhead                                0x08004330   Data         200  menu.o(.constdata)
    Region$$Table$$Base                      0x080044f4   Number         0  anon$$obj.o(Region$$Table)
    Region$$Table$$Limit                     0x08004514   Number         0  anon$$obj.o(Region$$Table)
    Game_Menu_Flag                           0x2000001d   Data           1  menu.o(.data)
    MainMenuQuantity                         0x2000001e   Data           1  menu.o(.data)
    circle_num                               0x20000028   Data           1  menu.o(.data)
    KeyNum                                   0x20000029   Data           1  menu.o(.data)
    MenuStatus                               0x2000002a   Data           1  menu.o(.data)
    display                                  0x2000002c   Data           2  menu.o(.data)
    myTime                                   0x20000034   Data           8  menu.o(.data)
    MainMenu_Config                          0x2000003c   Data          48  menu.o(.data)
    GameMune                                 0x2000006c   Data          80  menu.o(.data)
    SettingMune                              0x200000bc   Data          80  menu.o(.data)
    GameChild4                               0x2000010c   Data          80  menu.o(.data)
    u8g2                                     0x2000015c   Data         148  main.o(.bss)
    __initial_sp                             0x200009f0   Data           0  startup_stm32f10x_md.o(STACK)



==============================================================================

Memory Map of the image

  Image Entry point : 0x080000ed

  Load Region LR_IROM1 (Base: 0x08000000, Size: 0x00004670, Max: 0x00010000, ABSOLUTE, COMPRESSED[0x00004580])

    Execution Region ER_IROM1 (Base: 0x08000000, Size: 0x00004514, Max: 0x00010000, ABSOLUTE)

    Base Addr    Size         Type   Attr      Idx    E Section Name        Object

    0x08000000   0x000000ec   Data   RO           19    RESET               startup_stm32f10x_md.o
    0x080000ec   0x00000000   Code   RO         8356  * .ARM.Collect$$$$00000000  mc_w.l(entry.o)
    0x080000ec   0x00000004   Code   RO         8624    .ARM.Collect$$$$00000001  mc_w.l(entry2.o)
    0x080000f0   0x00000004   Code   RO         8627    .ARM.Collect$$$$00000004  mc_w.l(entry5.o)
    0x080000f4   0x00000000   Code   RO         8629    .ARM.Collect$$$$00000008  mc_w.l(entry7b.o)
    0x080000f4   0x00000000   Code   RO         8631    .ARM.Collect$$$$0000000A  mc_w.l(entry8b.o)
    0x080000f4   0x00000008   Code   RO         8632    .ARM.Collect$$$$0000000B  mc_w.l(entry9a.o)
    0x080000fc   0x00000000   Code   RO         8634    .ARM.Collect$$$$0000000D  mc_w.l(entry10a.o)
    0x080000fc   0x00000000   Code   RO         8636    .ARM.Collect$$$$0000000F  mc_w.l(entry11a.o)
    0x080000fc   0x00000004   Code   RO         8625    .ARM.Collect$$$$00002712  mc_w.l(entry2.o)
    0x08000100   0x00000024   Code   RO           20    .text               startup_stm32f10x_md.o
    0x08000124   0x00000024   Code   RO         8359    .text               mc_w.l(memseta.o)
    0x08000148   0x0000000e   Code   RO         8361    .text               mc_w.l(strlen.o)
    0x08000156   0x0000002c   Code   RO         8639    .text               mc_w.l(uidiv.o)
    0x08000182   0x00000002   PAD
    0x08000184   0x00000024   Code   RO         8654    .text               mc_w.l(init.o)
    0x080001a8   0x00000056   Code   RO         8672    .text               mc_w.l(__dczerorl2.o)
    0x080001fe   0x00000002   Code   RO         3231    i.BusFault_Handler  stm32f10x_it.o
    0x08000200   0x000001f0   Code   RO         8195    i.Creat_Childv2_Menu  menu.o
    0x080003f0   0x00000002   Code   RO         3232    i.DebugMon_Handler  stm32f10x_it.o
    0x080003f2   0x00000016   Code   RO         3294    i.Delay_ms          delay.o
    0x08000408   0x00000020   Code   RO         3296    i.Delay_us          delay.o
    0x08000428   0x000000a2   Code   RO         1340    i.GPIO_Init         stm32f10x_gpio.o
    0x080004ca   0x0000000e   Code   RO         1344    i.GPIO_ReadInputDataBit  stm32f10x_gpio.o
    0x080004d8   0x00000002   Code   RO         3233    i.HardFault_Handler  stm32f10x_it.o
    0x080004da   0x00000018   Code   RO         1454    i.I2C_CheckEvent    stm32f10x_i2c.o
    0x080004f2   0x00000014   Code   RO         1457    i.I2C_Cmd           stm32f10x_i2c.o
    0x08000506   0x00000002   PAD
    0x08000508   0x0000004c   Code   RO         7169    i.I2C_Config        u8x8_byte.o
    0x08000554   0x00000014   Code   RO         1464    i.I2C_GenerateSTART  stm32f10x_i2c.o
    0x08000568   0x00000014   Code   RO         1465    i.I2C_GenerateSTOP  stm32f10x_i2c.o
    0x0800057c   0x0000002a   Code   RO         1466    i.I2C_GetFlagStatus  stm32f10x_i2c.o
    0x080005a6   0x00000002   PAD
    0x080005a8   0x000000bc   Code   RO         1471    i.I2C_Init          stm32f10x_i2c.o
    0x08000664   0x00000010   Code   RO         1478    i.I2C_Send7bitAddress  stm32f10x_i2c.o
    0x08000674   0x00000004   Code   RO         1479    i.I2C_SendData      stm32f10x_i2c.o
    0x08000678   0x000000bc   Code   RO         8030    i.Key_GetNum        key.o
    0x08000734   0x0000002c   Code   RO         8031    i.Key_Init          key.o
    0x08000760   0x00000002   Code   RO         3234    i.MemManage_Handler  stm32f10x_it.o
    0x08000762   0x00000002   PAD
    0x08000764   0x00000284   Code   RO         8196    i.Menu_To_X_Display  menu.o
    0x080009e8   0x00000030   Code   RO         8197    i.MyTimeFun         menu.o
    0x08000a18   0x00000020   Code   RO         8198    i.MyTimeSecondRun   menu.o
    0x08000a38   0x00000002   Code   RO         3235    i.NMI_Handler       stm32f10x_it.o
    0x08000a3a   0x00000002   PAD
    0x08000a3c   0x00000064   Code   RO          132    i.NVIC_Init         misc.o
    0x08000aa0   0x00000014   Code   RO          133    i.NVIC_PriorityGroupConfig  misc.o
    0x08000ab4   0x00000002   Code   RO         3236    i.PendSV_Handler    stm32f10x_it.o
    0x08000ab6   0x00000002   PAD
    0x08000ab8   0x00000018   Code   RO         1768    i.RCC_APB1PeriphClockCmd  stm32f10x_rcc.o
    0x08000ad0   0x00000018   Code   RO         1770    i.RCC_APB2PeriphClockCmd  stm32f10x_rcc.o
    0x08000ae8   0x00000090   Code   RO         1778    i.RCC_GetClocksFreq  stm32f10x_rcc.o
    0x08000b78   0x00000002   Code   RO         3237    i.SVC_Handler       stm32f10x_it.o
    0x08000b7a   0x00000002   PAD
    0x08000b7c   0x000000a8   Code   RO           24    i.SetSysClockTo72   system_stm32f10x.o
    0x08000c24   0x000000c4   Code   RO         8199    i.Show_MainPage     menu.o
    0x08000ce8   0x00000184   Code   RO         8200    i.Show_Menu         menu.o
    0x08000e6c   0x00000028   Code   RO         8201    i.Show_MenuRE       menu.o
    0x08000e94   0x00000084   Code   RO         8202    i.Show_Menu_Config  menu.o
    0x08000f18   0x00000002   Code   RO         3238    i.SysTick_Handler   stm32f10x_it.o
    0x08000f1a   0x00000002   PAD
    0x08000f1c   0x00000050   Code   RO           26    i.SystemInit        system_stm32f10x.o
    0x08000f6c   0x0000001c   Code   RO         8203    i.UIConnect         menu.o
    0x08000f88   0x00000014   Code   RO         2937    i.USART_Cmd         stm32f10x_usart.o
    0x08000f9c   0x000000b0   Code   RO         8301    i.USART_Config      usar1t.o
    0x0800104c   0x00000030   Code   RO         2943    i.USART_ITConfig    stm32f10x_usart.o
    0x0800107c   0x000000ac   Code   RO         2944    i.USART_Init        stm32f10x_usart.o
    0x08001128   0x00000002   Code   RO         3239    i.UsageFault_Handler  stm32f10x_it.o
    0x0800112a   0x00000002   PAD
    0x0800112c   0x0000024c   Code   RO         8204    i.X_To_Menu_Display  menu.o
    0x08001378   0x00000028   Code   RO         8520    i.__0sprintf$6      mc_w.l(printf6.o)
    0x080013a0   0x0000000e   Code   RO         8666    i.__scatterload_copy  mc_w.l(handlers.o)
    0x080013ae   0x00000002   Code   RO         8667    i.__scatterload_null  mc_w.l(handlers.o)
    0x080013b0   0x0000000e   Code   RO         8668    i.__scatterload_zeroinit  mc_w.l(handlers.o)
    0x080013be   0x00000002   PAD
    0x080013c0   0x000002f0   Code   RO         8525    i._printf_core      mc_w.l(printf6.o)
    0x080016b0   0x00000024   Code   RO         8526    i._printf_post_padding  mc_w.l(printf6.o)
    0x080016d4   0x0000002e   Code   RO         8527    i._printf_pre_padding  mc_w.l(printf6.o)
    0x08001702   0x0000000a   Code   RO         8529    i._sputc            mc_w.l(printf6.o)
    0x0800170c   0x00000044   Code   RO         3173    i.main              main.o
    0x08001750   0x00000012   Code   RO         4053    i.u8g2_ClearBuffer  u8g2_buffer.o
    0x08001762   0x00000002   PAD
    0x08001764   0x00000038   Code   RO         3174    i.u8g2_Config       main.o
    0x0800179c   0x00000088   Code   RO         4024    i.u8g2_DrawFrame    u8g2_box.o
    0x08001824   0x00000070   Code   RO         4256    i.u8g2_DrawGlyph    u8g2_font.o
    0x08001894   0x0000000c   Code   RO         6510    i.u8g2_DrawHLine    u8g2_hvline.o
    0x080018a0   0x000000ac   Code   RO         6511    i.u8g2_DrawHVLine   u8g2_hvline.o
    0x0800194c   0x00000094   Code   RO         3976    i.u8g2_DrawHXBM     u8g2_bitmap.o
    0x080019e0   0x000000b2   Code   RO         6608    i.u8g2_DrawLine     u8g2_line.o
    0x08001a92   0x0000002e   Code   RO         6512    i.u8g2_DrawPixel    u8g2_hvline.o
    0x08001ac0   0x00000010   Code   RO         4258    i.u8g2_DrawStr      u8g2_font.o
    0x08001ad0   0x0000004c   Code   RO         3979    i.u8g2_DrawXBM      u8g2_bitmap.o
    0x08001b1c   0x00000030   Code   RO         6572    i.u8g2_IsIntersection  u8g2_intersection.o
    0x08001b4c   0x00000012   Code   RO         4056    i.u8g2_SendBuffer   u8g2_buffer.o
    0x08001b5e   0x00000020   Code   RO         4274    i.u8g2_SetFont      u8g2_font.o
    0x08001b7e   0x00000006   Code   RO         4275    i.u8g2_SetFontDirection  u8g2_font.o
    0x08001b84   0x00000006   Code   RO         4276    i.u8g2_SetFontMode  u8g2_font.o
    0x08001b8a   0x00000002   PAD
    0x08001b8c   0x0000000c   Code   RO         4277    i.u8g2_SetFontPosBaseline  u8g2_font.o
    0x08001b98   0x0000001c   Code   RO         6760    i.u8g2_SetMaxClipWindow  u8g2_setup.o
    0x08001bb4   0x00000046   Code   RO         6761    i.u8g2_SetupBuffer  u8g2_setup.o
    0x08001bfa   0x00000002   PAD
    0x08001bfc   0x00000038   Code   RO         4242    i.u8g2_Setup_ssd1306_i2c_128x64_noname_f  u8g2_d_setup.o
    0x08001c34   0x00000052   Code   RO         4284    i.u8g2_UpdateRefHeight  u8g2_font.o
    0x08001c86   0x0000001c   Code   RO         4285    i.u8g2_add_vector_x  u8g2_font.o
    0x08001ca2   0x0000001c   Code   RO         4286    i.u8g2_add_vector_y  u8g2_font.o
    0x08001cbe   0x0000006e   Code   RO         6763    i.u8g2_apply_clip_window  u8g2_setup.o
    0x08001d2c   0x0000003c   Code   RO         6515    i.u8g2_clip_intersection2  u8g2_hvline.o
    0x08001d68   0x00000012   Code   RO         6516    i.u8g2_draw_hv_line_2dir  u8g2_hvline.o
    0x08001d7a   0x0000000c   Code   RO         6765    i.u8g2_draw_l90_r0  u8g2_setup.o
    0x08001d86   0x00000076   Code   RO         4287    i.u8g2_draw_string  u8g2_font.o
    0x08001dfc   0x00000004   Code   RO         4293    i.u8g2_font_calc_vref_font  u8g2_font.o
    0x08001e00   0x00000014   Code   RO         4295    i.u8g2_font_decode_get_signed_bits  u8g2_font.o
    0x08001e14   0x00000034   Code   RO         4296    i.u8g2_font_decode_get_unsigned_bits  u8g2_font.o
    0x08001e48   0x00000114   Code   RO         4297    i.u8g2_font_decode_glyph  u8g2_font.o
    0x08001f5c   0x0000008c   Code   RO         4298    i.u8g2_font_decode_len  u8g2_font.o
    0x08001fe8   0x00000072   Code   RO         4299    i.u8g2_font_get_glyph_data  u8g2_font.o
    0x0800205a   0x00000014   Code   RO         4300    i.u8g2_font_get_word  u8g2_font.o
    0x0800206e   0x00000034   Code   RO         4301    i.u8g2_font_setup_decode  u8g2_font.o
    0x080020a2   0x00000042   Code   RO         3656    i.u8g2_gpio_and_delay_stm32  mui_u8g2.o
    0x080020e4   0x00000018   Code   RO         6573    i.u8g2_is_intersection_decision_tree  u8g2_intersection.o
    0x080020fc   0x00000090   Code   RO         6621    i.u8g2_ll_hvline_vertical_top_lsb  u8g2_ll_hvline.o
    0x0800218c   0x0000000c   Code   RO         4229    i.u8g2_m_16_8_f     u8g2_d_memory.o
    0x08002198   0x0000006a   Code   RO         4302    i.u8g2_read_font_info  u8g2_font.o
    0x08002202   0x0000004e   Code   RO         4064    i.u8g2_send_buffer  u8g2_buffer.o
    0x08002250   0x00000046   Code   RO         6770    i.u8g2_update_dimension_common  u8g2_setup.o
    0x08002296   0x00000004   Code   RO         6771    i.u8g2_update_dimension_r0  u8g2_setup.o
    0x0800229a   0x00000022   Code   RO         6775    i.u8g2_update_page_win_r0  u8g2_setup.o
    0x080022bc   0x0000001e   Code   RO         7560    i.u8x8_DrawTile     u8x8_display.o
    0x080022da   0x00000010   Code   RO         7562    i.u8x8_InitDisplay  u8x8_display.o
    0x080022ea   0x00000010   Code   RO         7564    i.u8x8_RefreshDisplay  u8x8_display.o
    0x080022fa   0x00000010   Code   RO         7567    i.u8x8_SetPowerSave  u8x8_display.o
    0x0800230a   0x00000022   Code   RO         7866    i.u8x8_Setup        u8x8_setup.o
    0x0800232c   0x00000024   Code   RO         7867    i.u8x8_SetupDefaults  u8x8_setup.o
    0x08002350   0x00000010   Code   RO         7568    i.u8x8_SetupMemory  u8x8_display.o
    0x08002360   0x0000000e   Code   RO         7055    i.u8x8_ascii_next   u8x8_8x8.o
    0x0800236e   0x00000010   Code   RO         7181    i.u8x8_byte_EndTransfer  u8x8_byte.o
    0x0800237e   0x0000000e   Code   RO         7182    i.u8x8_byte_SendByte  u8x8_byte.o
    0x0800238c   0x00000010   Code   RO         7185    i.u8x8_byte_StartTransfer  u8x8_byte.o
    0x0800239c   0x000000ec   Code   RO         7187    i.u8x8_byte_hw_i2c  u8x8_byte.o
    0x08002488   0x00000010   Code   RO         7312    i.u8x8_cad_EndTransfer  u8x8_cad.o
    0x08002498   0x00000010   Code   RO         7313    i.u8x8_cad_SendArg  u8x8_cad.o
    0x080024a8   0x00000010   Code   RO         7314    i.u8x8_cad_SendCmd  u8x8_cad.o
    0x080024b8   0x00000010   Code   RO         7315    i.u8x8_cad_SendData  u8x8_cad.o
    0x080024c8   0x00000068   Code   RO         7317    i.u8x8_cad_SendSequence  u8x8_cad.o
    0x08002530   0x00000010   Code   RO         7318    i.u8x8_cad_StartTransfer  u8x8_cad.o
    0x08002540   0x000000bc   Code   RO         7321    i.u8x8_cad_ssd13xx_fast_i2c  u8x8_cad.o
    0x080025fc   0x00000060   Code   RO         7569    i.u8x8_d_helper_display_init  u8x8_display.o
    0x0800265c   0x0000000a   Code   RO         7570    i.u8x8_d_helper_display_setup_memory  u8x8_display.o
    0x08002666   0x00000002   PAD
    0x08002668   0x0000003c   Code   RO         7494    i.u8x8_d_ssd1306_128x64_noname  u8x8_d_ssd1306_128x64_noname.o
    0x080026a4   0x000000c8   Code   RO         7496    i.u8x8_d_ssd1306_sh1106_generic  u8x8_d_ssd1306_128x64_noname.o
    0x0800276c   0x00000004   Code   RO         7869    i.u8x8_dummy_cb     u8x8_setup.o
    0x08002770   0x0000000c   Code   RO         7788    i.u8x8_gpio_call    u8x8_gpio.o
    0x0800277c   0x0000002c   Code   RO         7329    i.u8x8_i2c_data_transfer  u8x8_cad.o
    0x080027a8   0x00000008   Code   RO         7063    i.u8x8_utf8_init    u8x8_8x8.o
    0x080027b0   0x00000008   Code   RO         8205    i.ui_left_one_Picture  menu.o
    0x080027b8   0x00000008   Code   RO         8206    i.ui_right_one_Picture  menu.o
    0x080027c0   0x00000030   Code   RO         8207    i.ui_run            menu.o
    0x080027f0   0x00000a7b   Data   RO         5464    .constdata          u8g2_fonts.o
    0x0800326b   0x000005b9   Data   RO         5832    .constdata          u8g2_fonts.o
    0x08003824   0x00000828   Data   RO         5860    .constdata          u8g2_fonts.o
    0x0800404c   0x0000000c   Data   RO         6779    .constdata          u8g2_setup.o
    0x08004058   0x00000158   Data   RO         7498    .constdata          u8x8_d_ssd1306_128x64_noname.o
    0x080041b0   0x00000080   Data   RO         8208    .constdata          menu.o
    0x08004230   0x00000080   Data   RO         8209    .constdata          menu.o
    0x080042b0   0x00000080   Data   RO         8210    .constdata          menu.o
    0x08004330   0x000000c8   Data   RO         8212    .constdata          menu.o
    0x080043f8   0x000000fa   Data   RO         8218    .conststring        menu.o
    0x080044f2   0x00000002   PAD
    0x080044f4   0x00000020   Data   RO         8664    Region$$Table       anon$$obj.o


    Execution Region RW_IRAM1 (Base: 0x20000000, Size: 0x000009f0, Max: 0x00005000, ABSOLUTE, COMPRESSED[0x0000006c])

    Base Addr    Size         Type   Attr      Idx    E Section Name        Object

    0x20000000   0x00000014   Data   RW         1798    .data               stm32f10x_rcc.o
    0x20000014   0x00000006   Data   RW         7331    .data               u8x8_cad.o
    0x2000001a   0x00000002   PAD
    0x2000001c   0x00000140   Data   RW         8219    .data               menu.o
    0x2000015c   0x00000094   Zero   RW         3175    .bss                main.o
    0x200001f0   0x00000400   Zero   RW         4230    .bss                u8g2_d_memory.o
    0x200005f0   0x00000400   Zero   RW           17    STACK               startup_stm32f10x_md.o


==============================================================================

Image component sizes


      Code (inc. data)   RO Data    RW Data    ZI Data      Debug   Object Name

         0          0          0          0          0       4532   core_cm3.o
        54          0          0          0          0       1112   delay.o
       232         10          0          0          0       1000   key.o
       124         26          0          0        148     160749   main.o
      2656        138        834        320          0      11414   menu.o
       120         16          0          0          0     204571   misc.o
        66          0          0          0          0     159749   mui_u8g2.o
        36          8        236          0       1024        756   startup_stm32f10x_md.o
         0          0          0          0          0       1628   stm32f10x_adc.o
       176          0          0          0          0      10604   stm32f10x_gpio.o
       334         10          0          0          0      13998   stm32f10x_i2c.o
        18          0          0          0          0       3462   stm32f10x_it.o
       192         28          0         20          0      12862   stm32f10x_rcc.o
       240          6          0          0          0       9410   stm32f10x_usart.o
       248         24          0          0          0      32289   system_stm32f10x.o
       224          0          0          0          0       1947   u8g2_bitmap.o
       136          0          0          0          0        649   u8g2_box.o
       114          0          0          0          0       2303   u8g2_buffer.o
        12          4          0          0       1024        764   u8g2_d_memory.o
        56         14          0          0          0        969   u8g2_d_setup.o
      1224         10          0          0          0      13923   u8g2_font.o
         0          0       6236          0          0     145270   u8g2_fonts.o
       308          0          0          0          0       3401   u8g2_hvline.o
        72          0          0          0          0       1767   u8g2_intersection.o
       178          0          0          0          0        936   u8g2_line.o
       144          0          0          0          0       1298   u8g2_ll_hvline.o
       328          0         12          0          0     146330   u8g2_setup.o
        22          0          0          0          0       1701   u8x8_8x8.o
       358         24          0          0          0       3623   u8x8_byte.o
       416         12          0          6          0       8260   u8x8_cad.o
       260         12        344          0          0       2935   u8x8_d_ssd1306_128x64_noname.o
       200          0          0          0          0       3990   u8x8_display.o
        12          0          0          0          0        545   u8x8_gpio.o
        74          4          0          0          0       1614   u8x8_setup.o
       176          8          0          0          0       1040   usar1t.o

    ----------------------------------------------------------------------
      8834        354       7696        348       2196     971401   Object Totals
         0          0         32          0          0          0   (incl. Generated)
        24          0          2          2          0          0   (incl. Padding)

    ----------------------------------------------------------------------

      Code (inc. data)   RO Data    RW Data    ZI Data      Debug   Library Member Name

        86          0          0          0          0          0   __dczerorl2.o
         0          0          0          0          0          0   entry.o
         0          0          0          0          0          0   entry10a.o
         0          0          0          0          0          0   entry11a.o
         8          4          0          0          0          0   entry2.o
         4          0          0          0          0          0   entry5.o
         0          0          0          0          0          0   entry7b.o
         0          0          0          0          0          0   entry8b.o
         8          4          0          0          0          0   entry9a.o
        30          0          0          0          0          0   handlers.o
        36          8          0          0          0         68   init.o
        36          0          0          0          0        108   memseta.o
       884         10          0          0          0        420   printf6.o
        14          0          0          0          0         68   strlen.o
        44          0          0          0          0         80   uidiv.o

    ----------------------------------------------------------------------
      1154         26          0          0          0        744   Library Totals
         4          0          0          0          0          0   (incl. Padding)

    ----------------------------------------------------------------------

      Code (inc. data)   RO Data    RW Data    ZI Data      Debug   Library Name

      1150         26          0          0          0        744   mc_w.l

    ----------------------------------------------------------------------
      1154         26          0          0          0        744   Library Totals

    ----------------------------------------------------------------------

==============================================================================


      Code (inc. data)   RO Data    RW Data    ZI Data      Debug   

      9988        380       7696        348       2196     965981   Grand Totals
      9988        380       7696        108       2196     965981   ELF Image Totals (compressed)
      9988        380       7696        108          0          0   ROM Totals

==============================================================================

    Total RO  Size (Code + RO Data)                17684 (  17.27kB)
    Total RW  Size (RW Data + ZI Data)              2544 (   2.48kB)
    Total ROM Size (Code + RO Data + RW Data)      17792 (  17.38kB)

==============================================================================

